Archive member included to satisfy reference by file (symbol)

C:/msys64/ucrt64/bin/../lib/gcc/arm-none-eabi/13.3.0/thumb/v6-m/nofp\libgcc.a(_dvmd_tls.o)
                              CMakeFiles/DAWGkit.dir/C_/Users/Andy/Documents/Code/DAWG-Kit/DAWGkit-RP2040/pico-sdk/src/rp2_common/pico_divider/divider_hardware.S.obj (__aeabi_idiv0)
C:/msys64/ucrt64/bin/../lib/gcc/arm-none-eabi/13.3.0/../../../../arm-none-eabi/lib/thumb/v6-m/nofp\libg.a(libc_a-atexit.o)
                              C:/msys64/ucrt64/bin/../lib/gcc/arm-none-eabi/13.3.0/../../../../arm-none-eabi/lib/thumb/v6-m/nofp/crt0.o (atexit)
C:/msys64/ucrt64/bin/../lib/gcc/arm-none-eabi/13.3.0/../../../../arm-none-eabi/lib/thumb/v6-m/nofp\libg.a(libc_a-calloc.o)
                              CMakeFiles/DAWGkit.dir/C_/Users/Andy/Documents/Code/DAWG-Kit/DAWGkit-RP2040/pico-sdk/src/rp2_common/pico_malloc/malloc.c.obj (calloc)
C:/msys64/ucrt64/bin/../lib/gcc/arm-none-eabi/13.3.0/../../../../arm-none-eabi/lib/thumb/v6-m/nofp\libg.a(libc_a-callocr.o)
                              C:/msys64/ucrt64/bin/../lib/gcc/arm-none-eabi/13.3.0/../../../../arm-none-eabi/lib/thumb/v6-m/nofp\libg.a(libc_a-calloc.o) (_calloc_r)
C:/msys64/ucrt64/bin/../lib/gcc/arm-none-eabi/13.3.0/../../../../arm-none-eabi/lib/thumb/v6-m/nofp\libg.a(libc_a-malloc.o)
                              CMakeFiles/DAWGkit.dir/C_/Users/Andy/Documents/Code/DAWG-Kit/DAWGkit-RP2040/pico-sdk/src/rp2_common/pico_malloc/malloc.c.obj (malloc)
C:/msys64/ucrt64/bin/../lib/gcc/arm-none-eabi/13.3.0/../../../../arm-none-eabi/lib/thumb/v6-m/nofp\libg.a(libc_a-mallocr.o)
                              C:/msys64/ucrt64/bin/../lib/gcc/arm-none-eabi/13.3.0/../../../../arm-none-eabi/lib/thumb/v6-m/nofp\libg.a(libc_a-callocr.o) (_malloc_r)
C:/msys64/ucrt64/bin/../lib/gcc/arm-none-eabi/13.3.0/../../../../arm-none-eabi/lib/thumb/v6-m/nofp\libg.a(libc_a-mlock.o)
                              C:/msys64/ucrt64/bin/../lib/gcc/arm-none-eabi/13.3.0/../../../../arm-none-eabi/lib/thumb/v6-m/nofp\libg.a(libc_a-mallocr.o) (__malloc_lock)
C:/msys64/ucrt64/bin/../lib/gcc/arm-none-eabi/13.3.0/../../../../arm-none-eabi/lib/thumb/v6-m/nofp\libg.a(libc_a-realloc.o)
                              CMakeFiles/DAWGkit.dir/C_/Users/Andy/Documents/Code/DAWG-Kit/DAWGkit-RP2040/pico-sdk/src/rp2_common/pico_malloc/malloc.c.obj (realloc)
C:/msys64/ucrt64/bin/../lib/gcc/arm-none-eabi/13.3.0/../../../../arm-none-eabi/lib/thumb/v6-m/nofp\libg.a(libc_a-reallocr.o)
                              C:/msys64/ucrt64/bin/../lib/gcc/arm-none-eabi/13.3.0/../../../../arm-none-eabi/lib/thumb/v6-m/nofp\libg.a(libc_a-realloc.o) (_realloc_r)
C:/msys64/ucrt64/bin/../lib/gcc/arm-none-eabi/13.3.0/../../../../arm-none-eabi/lib/thumb/v6-m/nofp\libg.a(libc_a-memcmp.o)
                              CMakeFiles/DAWGkit.dir/C_/Users/Andy/Documents/Code/DAWG-Kit/DAWGkit-RP2040/pico-sdk/src/rp2_common/pico_atomic/atomic.c.obj (memcmp)
C:/msys64/ucrt64/bin/../lib/gcc/arm-none-eabi/13.3.0/../../../../arm-none-eabi/lib/thumb/v6-m/nofp\libg.a(libc_a-memmove.o)
                              C:/msys64/ucrt64/bin/../lib/gcc/arm-none-eabi/13.3.0/../../../../arm-none-eabi/lib/thumb/v6-m/nofp\libg.a(libc_a-reallocr.o) (memmove)
C:/msys64/ucrt64/bin/../lib/gcc/arm-none-eabi/13.3.0/../../../../arm-none-eabi/lib/thumb/v6-m/nofp\libg.a(libc_a-lcltime_r.o)
                              CMakeFiles/DAWGkit.dir/C_/Users/Andy/Documents/Code/DAWG-Kit/DAWGkit-RP2040/pico-sdk/src/common/pico_util/datetime.c.obj (localtime_r)
C:/msys64/ucrt64/bin/../lib/gcc/arm-none-eabi/13.3.0/../../../../arm-none-eabi/lib/thumb/v6-m/nofp\libg.a(libc_a-mktime.o)
                              CMakeFiles/DAWGkit.dir/C_/Users/Andy/Documents/Code/DAWG-Kit/DAWGkit-RP2040/pico-sdk/src/common/pico_util/datetime.c.obj (mktime)
C:/msys64/ucrt64/bin/../lib/gcc/arm-none-eabi/13.3.0/../../../../arm-none-eabi/lib/thumb/v6-m/nofp\libg.a(libc_a-month_lengths.o)
                              C:/msys64/ucrt64/bin/../lib/gcc/arm-none-eabi/13.3.0/../../../../arm-none-eabi/lib/thumb/v6-m/nofp\libg.a(libc_a-lcltime_r.o) (__month_lengths)
C:/msys64/ucrt64/bin/../lib/gcc/arm-none-eabi/13.3.0/../../../../arm-none-eabi/lib/thumb/v6-m/nofp\libg.a(libc_a-tzcalc_limits.o)
                              C:/msys64/ucrt64/bin/../lib/gcc/arm-none-eabi/13.3.0/../../../../arm-none-eabi/lib/thumb/v6-m/nofp\libg.a(libc_a-lcltime_r.o) (__tzcalc_limits)
C:/msys64/ucrt64/bin/../lib/gcc/arm-none-eabi/13.3.0/../../../../arm-none-eabi/lib/thumb/v6-m/nofp\libg.a(libc_a-tzlock.o)
                              C:/msys64/ucrt64/bin/../lib/gcc/arm-none-eabi/13.3.0/../../../../arm-none-eabi/lib/thumb/v6-m/nofp\libg.a(libc_a-lcltime_r.o) (__tz_lock)
C:/msys64/ucrt64/bin/../lib/gcc/arm-none-eabi/13.3.0/../../../../arm-none-eabi/lib/thumb/v6-m/nofp\libg.a(libc_a-tzset.o)
                              C:/msys64/ucrt64/bin/../lib/gcc/arm-none-eabi/13.3.0/../../../../arm-none-eabi/lib/thumb/v6-m/nofp\libg.a(libc_a-lcltime_r.o) (_tzset_unlocked)
[...]
Memory Configuration

Name             Origin             Length             Attributes
BOOT2            0x10000000         0x00000100         xr
FLASH            0x10ff0000         0x00010000         xr
RAM              0x20000000         0x00040000         xrw
SCRATCH_X        0x20040000         0x00001000         xrw
SCRATCH_Y        0x20041000         0x00001000         xrw
*default*        0x00000000         0xffffffff

Linker script and memory map

LOAD C:/msys64/ucrt64/bin/../lib/gcc/arm-none-eabi/13.3.0/thumb/v6-m/nofp/crti.o
LOAD C:/msys64/ucrt64/bin/../lib/gcc/arm-none-eabi/13.3.0/thumb/v6-m/nofp/crtbegin.o
LOAD C:/msys64/ucrt64/bin/../lib/gcc/arm-none-eabi/13.3.0/../../../../arm-none-eabi/lib/thumb/v6-m/nofp/crt0.o

.flash_begin    0x10000000        0x0
                0x10000000                        __flash_binary_start = .

.boot2          0x10000000      0x100
                0x10000000                        __boot2_start__ = .
 *(.boot2)
 .boot2         0x10000000      0x100 pico-sdk/src/rp2040/boot_stage2/CMakeFiles/bs2_default_library.dir/./bs2_default_padded_checksummed.S.obj
                0x10000100                        __boot2_end__ = .
                0x00000001                        ASSERT (((__boot2_end__ - __boot2_start__) == 0x100), ERROR: Pico second stage bootloader must be 256 bytes in size)

.text           0x10ff0000     0x5230
                0x10ff0000                        __logical_binary_start = .
 *(.vectors)
 .vectors       0x10ff0000       0xd4 CMakeFiles/DAWGkit.dir/C_/Users/Andy/Documents/Code/DAWG-Kit/DAWGkit-RP2040/pico-sdk/src/rp2_common/pico_crt0/crt0.S.obj
                0x10ff0000                __VECTOR_TABLE
                0x10ff0000                __vectors
                0x10ff00c0                isr_irq13
                0x10ff00c0                isr_irq27
                0x10ff00c0                isr_irq31
                0x10ff00c0                isr_irq12
                0x10ff00c0                isr_irq5
                0x10ff00c0                isr_irq11
                0x10ff00c0                isr_irq3
                0x10ff00c0                isr_irq23
                0x10ff00c0                __unhandled_user_irq
                0x10ff00c0                isr_irq26
                0x10ff00c0                isr_irq28
                0x10ff00c0                isr_irq19
                0x10ff00c0                isr_irq0
                0x10ff00c0                isr_irq6
                0x10ff00c0                isr_irq29
                0x10ff00c0                isr_irq16
                0x10ff00c0                isr_irq22
                0x10ff00c0                isr_irq18
                0x10ff00c0                isr_irq17
                0x10ff00c0                isr_irq14
                0x10ff00c0                __vectors_end
                0x10ff00c0                __default_isrs_start
                0x10ff00c0                isr_irq2
                0x10ff00c0                isr_irq10
                0x10ff00c0                isr_irq8
                0x10ff00c0                isr_irq24
                0x10ff00c0                isr_irq1
                0x10ff00c0                isr_irq7
                0x10ff00c0                isr_irq21
                0x10ff00c0                isr_irq20
                0x10ff00c0                isr_irq15
                0x10ff00c0                isr_irq25
                0x10ff00c0                isr_irq4
                0x10ff00c0                isr_irq30
                0x10ff00c0                isr_irq9
                0x10ff00c6                unhandled_user_irq_num_in_r0
                0x10ff00c8                isr_invalid
                0x10ff00ca                isr_nmi
                0x10ff00cc                isr_hardfault
                0x10ff00ce                isr_svcall
                0x10ff00d0                isr_pendsv
                0x10ff00d2                isr_systick
                0x10ff00d4                __default_isrs_end
 *(.binary_info_header)
 .binary_info_header
                0x10ff00d4       0x14 CMakeFiles/DAWGkit.dir/C_/Users/Andy/Documents/Code/DAWG-Kit/DAWGkit-RP2040/pico-sdk/src/rp2_common/pico_crt0/crt0.S.obj
                0x10ff00e8                        __binary_info_header_end = .
 *(.reset)
 .reset         0x10ff00e8       0x9c CMakeFiles/DAWGkit.dir/C_/Users/Andy/Documents/Code/DAWG-Kit/DAWGkit-RP2040/pico-sdk/src/rp2_common/pico_crt0/crt0.S.obj
                0x10ff00e8                _entry_point
 *(.init)
 .init          0x10ff0184        0x4 C:/msys64/ucrt64/bin/../lib/gcc/arm-none-eabi/13.3.0/thumb/v6-m/nofp/crti.o
                0x10ff0184                _init
 *(EXCLUDE_FILE(*libm.a: *libc.a:*lib_a-mem*.o *libgcc.a:) .text*)
 .text.frame_dummy
                0x10ff0188       0x20 C:/msys64/ucrt64/bin/../lib/gcc/arm-none-eabi/13.3.0/thumb/v6-m/nofp/crtbegin.o
 .text.startup.main
                0x10ff01a8      0x1d4 CMakeFiles/DAWGkit.dir/boot3.c.obj
                0x10ff01a8                main
 .text.crc      0x10ff037c      0x158 CMakeFiles/DAWGkit.dir/bootrom/bootrom_misc.S.obj
                0x10ff037c                crc32_small
                0x10ff03a6                __memcpy_44
                0x10ff03bc                __memcpy
                0x10ff044c                __memset_4
                0x10ff0458                __memset
 .text.gpio_init
                0x10ff04d4       0x40 CMakeFiles/DAWGkit.dir/C_/Users/Andy/Documents/Code/DAWG-Kit/DAWGkit-RP2040/pico-sdk/src/rp2_common/hardware_gpio/gpio.c.obj
                0x10ff04d4                gpio_init
 .text.rp2040_chip_version
                0x10ff0514        0xc CMakeFiles/DAWGkit.dir/C_/Users/Andy/Documents/Code/DAWG-Kit/DAWGkit-RP2040/pico-sdk/src/rp2040/pico_platform/platform.c.obj
                0x10ff0514                rp2040_chip_version
 .text.panic    0x10ff0520       0x30 CMakeFiles/DAWGkit.dir/C_/Users/Andy/Documents/Code/DAWG-Kit/DAWGkit-RP2040/pico-sdk/src/rp2_common/pico_platform_panic/panic.c.obj
                0x10ff0520                panic
 .text.hw_claim_or_assert
                0x10ff0550       0x44 CMakeFiles/DAWGkit.dir/C_/Users/Andy/Documents/Code/DAWG-Kit/DAWGkit-RP2040/pico-sdk/src/common/hardware_claim/claim.c.obj
                0x10ff0550                hw_claim_or_assert
 .text.hw_claim_unused_from_range
                0x10ff0594       0x9c CMakeFiles/DAWGkit.dir/C_/Users/Andy/Documents/Code/DAWG-Kit/DAWGkit-RP2040/pico-sdk/src/common/hardware_claim/claim.c.obj
                0x10ff0594                hw_claim_unused_from_range
 .text.next_striped_spin_lock_num
                0x10ff0630       0x18 CMakeFiles/DAWGkit.dir/C_/Users/Andy/Documents/Code/DAWG-Kit/DAWGkit-RP2040/pico-sdk/src/rp2_common/hardware_sync/sync.c.obj
                0x10ff0630                next_striped_spin_lock_num
 .text.spin_lock_claim_unused
                0x10ff0648       0x24 CMakeFiles/DAWGkit.dir/C_/Users/Andy/Documents/Code/DAWG-Kit/DAWGkit-RP2040/pico-sdk/src/rp2_common/hardware_sync/sync.c.obj
                0x10ff0648                spin_lock_claim_unused
 .text.spin_locks_reset
                0x10ff066c       0x1c CMakeFiles/DAWGkit.dir/C_/Users/Andy/Documents/Code/DAWG-Kit/DAWGkit-RP2040/pico-sdk/src/rp2_common/hardware_sync_spin_lock/sync_spin_lock.c.obj
                0x10ff066c                spin_locks_reset
 .text.runtime_init_per_core_irq_priorities
                0x10ff0688       0x24 CMakeFiles/DAWGkit.dir/C_/Users/Andy/Documents/Code/DAWG-Kit/DAWGkit-RP2040/pico-sdk/src/rp2_common/hardware_irq/irq.c.obj
                0x10ff0688                runtime_init_per_core_irq_priorities
 .text.irq_set_enabled
                0x10ff06ac       0x24 CMakeFiles/DAWGkit.dir/C_/Users/Andy/Documents/Code/DAWG-Kit/DAWGkit-RP2040/pico-sdk/src/rp2_common/hardware_irq/irq.c.obj
                0x10ff06ac                irq_set_enabled
 .text.irq_is_enabled
                0x10ff06d0       0x18 CMakeFiles/DAWGkit.dir/C_/Users/Andy/Documents/Code/DAWG-Kit/DAWGkit-RP2040/pico-sdk/src/rp2_common/hardware_irq/irq.c.obj
                0x10ff06d0                irq_is_enabled
 .text.irq_set_pending
                0x10ff06e8       0x10 CMakeFiles/DAWGkit.dir/C_/Users/Andy/Documents/Code/DAWG-Kit/DAWGkit-RP2040/pico-sdk/src/rp2_common/hardware_irq/irq.c.obj
                0x10ff06e8                irq_set_pending
 .text.irq_has_shared_handler
                0x10ff06f8       0x24 CMakeFiles/DAWGkit.dir/C_/Users/Andy/Documents/Code/DAWG-Kit/DAWGkit-RP2040/pico-sdk/src/rp2_common/hardware_irq/irq.c.obj
                0x10ff06f8                irq_has_shared_handler
 .text.irq_set_exclusive_handler
                0x10ff071c       0x54 CMakeFiles/DAWGkit.dir/C_/Users/Andy/Documents/Code/DAWG-Kit/DAWGkit-RP2040/pico-sdk/src/rp2_common/hardware_irq/irq.c.obj
                0x10ff071c                irq_set_exclusive_handler
 .text.irq_add_shared_handler
                0x10ff0770      0x1f4 CMakeFiles/DAWGkit.dir/C_/Users/Andy/Documents/Code/DAWG-Kit/DAWGkit-RP2040/pico-sdk/src/rp2_common/hardware_irq/irq.c.obj
                0x10ff0770                irq_add_shared_handler
 .text.irq_add_tail_to_free_list
                0x10ff0964       0xb4 CMakeFiles/DAWGkit.dir/C_/Users/Andy/Documents/Code/DAWG-Kit/DAWGkit-RP2040/pico-sdk/src/rp2_common/hardware_irq/irq.c.obj
                0x10ff0964                irq_add_tail_to_free_list
 .text.user_irq_claim_unused
                0x10ff0a18       0x2c CMakeFiles/DAWGkit.dir/C_/Users/Andy/Documents/Code/DAWG-Kit/DAWGkit-RP2040/pico-sdk/src/rp2_common/hardware_irq/irq.c.obj
                0x10ff0a18                user_irq_claim_unused
 .text.lock_init
                0x10ff0a44       0x10 CMakeFiles/DAWGkit.dir/C_/Users/Andy/Documents/Code/DAWG-Kit/DAWGkit-RP2040/pico-sdk/src/common/pico_sync/lock_core.c.obj
                0x10ff0a44                lock_init
 .text.runtime_init_mutex
                0x10ff0a54       0x50 CMakeFiles/DAWGkit.dir/C_/Users/Andy/Documents/Code/DAWG-Kit/DAWGkit-RP2040/pico-sdk/src/common/pico_sync/mutex.c.obj
                0x10ff0a54                runtime_init_mutex
 .text.mutex_init
                0x10ff0aa4       0x1c CMakeFiles/DAWGkit.dir/C_/Users/Andy/Documents/Code/DAWG-Kit/DAWGkit-RP2040/pico-sdk/src/common/pico_sync/mutex.c.obj
                0x10ff0aa4                mutex_init
 .text.critical_section_init
                0x10ff0ac0       0x1c CMakeFiles/DAWGkit.dir/C_/Users/Andy/Documents/Code/DAWG-Kit/DAWGkit-RP2040/pico-sdk/src/common/pico_sync/critical_section.c.obj
                0x10ff0ac0                critical_section_init
 .text.critical_section_init_with_lock_num
                0x10ff0adc       0x14 CMakeFiles/DAWGkit.dir/C_/Users/Andy/Documents/Code/DAWG-Kit/DAWGkit-RP2040/pico-sdk/src/common/pico_sync/critical_section.c.obj
                0x10ff0adc                critical_section_init_with_lock_num
 .text.sleep_until_callback
                0x10ff0af0       0x30 CMakeFiles/DAWGkit.dir/C_/Users/Andy/Documents/Code/DAWG-Kit/DAWGkit-RP2040/pico-sdk/src/common/pico_time/time.c.obj
 .text.alarm_pool_irq_handler
                0x10ff0b20      0x2fc CMakeFiles/DAWGkit.dir/C_/Users/Andy/Documents/Code/DAWG-Kit/DAWGkit-RP2040/pico-sdk/src/common/pico_time/time.c.obj
 .text.runtime_init_default_alarm_pool
                0x10ff0e1c       0xdc CMakeFiles/DAWGkit.dir/C_/Users/Andy/Documents/Code/DAWG-Kit/DAWGkit-RP2040/pico-sdk/src/common/pico_time/time.c.obj
                0x10ff0e1c                runtime_init_default_alarm_pool
 .text.alarm_pool_get_default
                0x10ff0ef8        0x8 CMakeFiles/DAWGkit.dir/C_/Users/Andy/Documents/Code/DAWG-Kit/DAWGkit-RP2040/pico-sdk/src/common/pico_time/time.c.obj
                0x10ff0ef8                alarm_pool_get_default
 .text.alarm_pool_add_alarm_at
                0x10ff0f00       0xd4 CMakeFiles/DAWGkit.dir/C_/Users/Andy/Documents/Code/DAWG-Kit/DAWGkit-RP2040/pico-sdk/src/common/pico_time/time.c.obj
                0x10ff0f00                alarm_pool_add_alarm_at
 .text.alarm_pool_add_alarm_at_force_in_context
                0x10ff0fd4       0xb0 CMakeFiles/DAWGkit.dir/C_/Users/Andy/Documents/Code/DAWG-Kit/DAWGkit-RP2040/pico-sdk/src/common/pico_time/time.c.obj
                0x10ff0fd4                alarm_pool_add_alarm_at_force_in_context
 .text.alarm_pool_cancel_alarm
                0x10ff1084       0x74 CMakeFiles/DAWGkit.dir/C_/Users/Andy/Documents/Code/DAWG-Kit/DAWGkit-RP2040/pico-sdk/src/common/pico_time/time.c.obj
                0x10ff1084                alarm_pool_cancel_alarm
 .text.alarm_pool_core_num
                0x10ff10f8        0x4 CMakeFiles/DAWGkit.dir/C_/Users/Andy/Documents/Code/DAWG-Kit/DAWGkit-RP2040/pico-sdk/src/common/pico_time/time.c.obj
                0x10ff10f8                alarm_pool_core_num
 .text.sleep_until
                0x10ff10fc       0xd8 CMakeFiles/DAWGkit.dir/C_/Users/Andy/Documents/Code/DAWG-Kit/DAWGkit-RP2040/pico-sdk/src/common/pico_time/time.c.obj
                0x10ff10fc                sleep_until
 .text.sleep_ms
                0x10ff11d4       0x38 CMakeFiles/DAWGkit.dir/C_/Users/Andy/Documents/Code/DAWG-Kit/DAWGkit-RP2040/pico-sdk/src/common/pico_time/time.c.obj
                0x10ff11d4                sleep_ms
 .text.best_effort_wfe_or_timeout
                0x10ff120c       0xf8 CMakeFiles/DAWGkit.dir/C_/Users/Andy/Documents/Code/DAWG-Kit/DAWGkit-RP2040/pico-sdk/src/common/pico_time/time.c.obj
                0x10ff120c                best_effort_wfe_or_timeout
 .text.timer_hardware_alarm_claim
                0x10ff1304       0x14 CMakeFiles/DAWGkit.dir/C_/Users/Andy/Documents/Code/DAWG-Kit/DAWGkit-RP2040/pico-sdk/src/rp2_common/hardware_timer/timer.c.obj
                0x10ff1304                timer_hardware_alarm_claim
 .text.timer_time_us_64
                0x10ff1318       0x10 CMakeFiles/DAWGkit.dir/C_/Users/Andy/Documents/Code/DAWG-Kit/DAWGkit-RP2040/pico-sdk/src/rp2_common/hardware_timer/timer.c.obj
                0x10ff1318                timer_time_us_64
 .text.time_us_64
                0x10ff1328       0x14 CMakeFiles/DAWGkit.dir/C_/Users/Andy/Documents/Code/DAWG-Kit/DAWGkit-RP2040/pico-sdk/src/rp2_common/hardware_timer/timer.c.obj
                0x10ff1328                time_us_64
 .text.busy_wait_until
                0x10ff133c       0x20 CMakeFiles/DAWGkit.dir/C_/Users/Andy/Documents/Code/DAWG-Kit/DAWGkit-RP2040/pico-sdk/src/rp2_common/hardware_timer/timer.c.obj
                0x10ff133c                busy_wait_until
 .text.clock_configure_int_divider
                0x10ff135c       0xf4 CMakeFiles/DAWGkit.dir/C_/Users/Andy/Documents/Code/DAWG-Kit/DAWGkit-RP2040/pico-sdk/src/rp2_common/hardware_clocks/clocks.c.obj
                0x10ff135c                clock_configure_int_divider
 .text.clock_configure_undivided
                0x10ff1450       0xe8 CMakeFiles/DAWGkit.dir/C_/Users/Andy/Documents/Code/DAWG-Kit/DAWGkit-RP2040/pico-sdk/src/rp2_common/hardware_clocks/clocks.c.obj
                0x10ff1450                clock_configure_undivided
 .text.clock_get_hz
                0x10ff1538        0xc CMakeFiles/DAWGkit.dir/C_/Users/Andy/Documents/Code/DAWG-Kit/DAWGkit-RP2040/pico-sdk/src/rp2_common/hardware_clocks/clocks.c.obj
                0x10ff1538                clock_get_hz
 .text.pll_init
                0x10ff1544       0xa4 CMakeFiles/DAWGkit.dir/C_/Users/Andy/Documents/Code/DAWG-Kit/DAWGkit-RP2040/pico-sdk/src/rp2_common/hardware_pll/pll.c.obj
                0x10ff1544                pll_init
 .text.watchdog_reboot
                0x10ff15e8       0x9c CMakeFiles/DAWGkit.dir/C_/Users/Andy/Documents/Code/DAWG-Kit/DAWGkit-RP2040/pico-sdk/src/rp2_common/hardware_watchdog/watchdog.c.obj
                0x10ff15e8                watchdog_reboot
 .text.tick_start
                0x10ff1684       0x10 CMakeFiles/DAWGkit.dir/C_/Users/Andy/Documents/Code/DAWG-Kit/DAWGkit-RP2040/pico-sdk/src/rp2_common/hardware_ticks/ticks.c.obj
                0x10ff1684                tick_start
 .text.rom_func_lookup
                0x10ff1694       0x10 CMakeFiles/DAWGkit.dir/C_/Users/Andy/Documents/Code/DAWG-Kit/DAWGkit-RP2040/pico-sdk/src/rp2_common/pico_bootrom/bootrom.c.obj
                0x10ff1694                rom_func_lookup
 .text.rom_data_lookup
                0x10ff16a4       0x10 CMakeFiles/DAWGkit.dir/C_/Users/Andy/Documents/Code/DAWG-Kit/DAWGkit-RP2040/pico-sdk/src/rp2_common/pico_bootrom/bootrom.c.obj
                0x10ff16a4                rom_data_lookup
 .text.rom_funcs_lookup
                0x10ff16b4       0x44 CMakeFiles/DAWGkit.dir/C_/Users/Andy/Documents/Code/DAWG-Kit/DAWGkit-RP2040/pico-sdk/src/rp2_common/pico_bootrom/bootrom.c.obj
                0x10ff16b4                rom_funcs_lookup
 .text.rom_reset_usb_boot_extra
                0x10ff16f8       0x28 CMakeFiles/DAWGkit.dir/C_/Users/Andy/Documents/Code/DAWG-Kit/DAWGkit-RP2040/pico-sdk/src/rp2_common/pico_bootrom/bootrom.c.obj
                0x10ff16f8                rom_reset_usb_boot_extra
 .text.xosc_init
                0x10ff1720       0x28 CMakeFiles/DAWGkit.dir/C_/Users/Andy/Documents/Code/DAWG-Kit/DAWGkit-RP2040/pico-sdk/src/rp2_common/hardware_xosc/xosc.c.obj
                0x10ff1720                xosc_init
 .text.first_per_core_initializer
                0x10ff1748        0x4 CMakeFiles/DAWGkit.dir/C_/Users/Andy/Documents/Code/DAWG-Kit/DAWGkit-RP2040/pico-sdk/src/rp2_common/pico_runtime/runtime.c.obj
 .text.hard_assertion_failure
                0x10ff174c        0xc CMakeFiles/DAWGkit.dir/C_/Users/Andy/Documents/Code/DAWG-Kit/DAWGkit-RP2040/pico-sdk/src/rp2_common/pico_runtime/runtime.c.obj
                0x10ff174c                hard_assertion_failure
 .text.runtime_run_initializers
                0x10ff1758       0x28 CMakeFiles/DAWGkit.dir/C_/Users/Andy/Documents/Code/DAWG-Kit/DAWGkit-RP2040/pico-sdk/src/rp2_common/pico_runtime/runtime.c.obj
                0x10ff1758                runtime_run_initializers
 .text.runtime_init_early_resets
                0x10ff1780       0x2c CMakeFiles/DAWGkit.dir/C_/Users/Andy/Documents/Code/DAWG-Kit/DAWGkit-RP2040/pico-sdk/src/rp2_common/pico_runtime_init/runtime_init.c.obj
                0x10ff1780                runtime_init_early_resets
 .text.runtime_init_usb_power_down
                0x10ff17ac       0x1c CMakeFiles/DAWGkit.dir/C_/Users/Andy/Documents/Code/DAWG-Kit/DAWGkit-RP2040/pico-sdk/src/rp2_common/pico_runtime_init/runtime_init.c.obj
                0x10ff17ac                runtime_init_usb_power_down
 .text.runtime_init_post_clock_resets
                0x10ff17c8       0x20 CMakeFiles/DAWGkit.dir/C_/Users/Andy/Documents/Code/DAWG-Kit/DAWGkit-RP2040/pico-sdk/src/rp2_common/pico_runtime_init/runtime_init.c.obj
                0x10ff17c8                runtime_init_post_clock_resets
 .text.runtime_init_rp2040_gpio_ie_disable
                0x10ff17e8       0x14 CMakeFiles/DAWGkit.dir/C_/Users/Andy/Documents/Code/DAWG-Kit/DAWGkit-RP2040/pico-sdk/src/rp2_common/pico_runtime_init/runtime_init.c.obj
                0x10ff17e8                runtime_init_rp2040_gpio_ie_disable
 .text.runtime_init_spin_locks_reset
                0x10ff17fc        0x8 CMakeFiles/DAWGkit.dir/C_/Users/Andy/Documents/Code/DAWG-Kit/DAWGkit-RP2040/pico-sdk/src/rp2_common/pico_runtime_init/runtime_init.c.obj
                0x10ff17fc                runtime_init_spin_locks_reset
 .text.runtime_init_install_ram_vector_table
                0x10ff1804       0xb4 CMakeFiles/DAWGkit.dir/C_/Users/Andy/Documents/Code/DAWG-Kit/DAWGkit-RP2040/pico-sdk/src/rp2_common/pico_runtime_init/runtime_init.c.obj
                0x10ff1804                runtime_init_install_ram_vector_table
 .text.runtime_init_clocks
                0x10ff18b8       0xd8 CMakeFiles/DAWGkit.dir/C_/Users/Andy/Documents/Code/DAWG-Kit/DAWGkit-RP2040/pico-sdk/src/rp2_common/pico_runtime_init/runtime_init_clocks.c.obj
                0x10ff18b8                runtime_init_clocks
 .text          0x10ff1990       0x10 CMakeFiles/DAWGkit.dir/C_/Users/Andy/Documents/Code/DAWG-Kit/DAWGkit-RP2040/pico-sdk/src/rp2_common/pico_bit_ops/bit_ops_aeabi.S.obj
 .text.__wrap___aeabi_uidiv
                0x10ff19a0       0x4c CMakeFiles/DAWGkit.dir/C_/Users/Andy/Documents/Code/DAWG-Kit/DAWGkit-RP2040/pico-sdk/src/rp2_common/pico_divider/divider_hardware.S.obj
                0x10ff19a0                __wrap___aeabi_uidiv
                0x10ff19a0                __wrap___aeabi_uidivmod
                0x10ff19a0                div_u32u32
                0x10ff19a0                divmod_u32u32
                0x10ff19a8                divmod_u32u32_unsafe
                0x10ff19d0                divmod_u32u32_savestate
 .text.__aeabi_double_init
                0x10ff19ec       0xa4 CMakeFiles/DAWGkit.dir/C_/Users/Andy/Documents/Code/DAWG-Kit/DAWGkit-RP2040/pico-sdk/src/rp2_common/pico_double/double_init_rom_rp2040.c.obj
                0x10ff19ec                __aeabi_double_init
 .text.double_table_shim_on_use_helper
                0x10ff1a90       0x2c CMakeFiles/DAWGkit.dir/C_/Users/Andy/Documents/Code/DAWG-Kit/DAWGkit-RP2040/pico-sdk/src/rp2_common/pico_double/double_v1_rom_shim_rp2040.S.obj
                0x10ff1a90                double_table_shim_on_use_helper
 .text.__aeabi_lmul
                0x10ff1abc       0x32 CMakeFiles/DAWGkit.dir/C_/Users/Andy/Documents/Code/DAWG-Kit/DAWGkit-RP2040/pico-sdk/src/rp2_common/pico_int64_ops/pico_int64_ops_aeabi.S.obj
                0x10ff1abc                __wrap___aeabi_lmul
 *fill*         0x10ff1aee        0x2 
 .text.__aeabi_float_init
                0x10ff1af0       0x64 CMakeFiles/DAWGkit.dir/C_/Users/Andy/Documents/Code/DAWG-Kit/DAWGkit-RP2040/pico-sdk/src/rp2_common/pico_float/float_init_rom_rp2040.c.obj
                0x10ff1af0                __aeabi_float_init
 .text.float_table_shim_on_use_helper
                0x10ff1b54       0x2c CMakeFiles/DAWGkit.dir/C_/Users/Andy/Documents/Code/DAWG-Kit/DAWGkit-RP2040/pico-sdk/src/rp2_common/pico_float/float_v1_rom_shim_rp2040.S.obj
                0x10ff1b54                float_table_shim_on_use_helper
 .text.__wrap_malloc
                0x10ff1b80       0x24 CMakeFiles/DAWGkit.dir/C_/Users/Andy/Documents/Code/DAWG-Kit/DAWGkit-RP2040/pico-sdk/src/rp2_common/pico_malloc/malloc.c.obj
                0x10ff1b80                __wrap_malloc
 .text.__wrap_free
                0x10ff1ba4        0x8 CMakeFiles/DAWGkit.dir/C_/Users/Andy/Documents/Code/DAWG-Kit/DAWGkit-RP2040/pico-sdk/src/rp2_common/pico_malloc/malloc.c.obj
                0x10ff1ba4                __wrap_free
 .text          0x10ff1bac       0x10 CMakeFiles/DAWGkit.dir/C_/Users/Andy/Documents/Code/DAWG-Kit/DAWGkit-RP2040/pico-sdk/src/rp2_common/pico_mem_ops/mem_ops_aeabi.S.obj
                0x10ff1bac                __aeabi_mem_init
 .text.memset   0x10ff1bbc        0xc CMakeFiles/DAWGkit.dir/C_/Users/Andy/Documents/Code/DAWG-Kit/DAWGkit-RP2040/pico-sdk/src/rp2_common/pico_mem_ops/mem_ops_aeabi.S.obj
                0x10ff1bbc                __wrap_memset
 .text.memcpy   0x10ff1bc8        0xc CMakeFiles/DAWGkit.dir/C_/Users/Andy/Documents/Code/DAWG-Kit/DAWGkit-RP2040/pico-sdk/src/rp2_common/pico_mem_ops/mem_ops_aeabi.S.obj
                0x10ff1bc8                __wrap_memcpy
                0x10ff1bc8                __wrap___aeabi_memcpy
 .text._out_char
                0x10ff1bd4       0x10 CMakeFiles/DAWGkit.dir/C_/Users/Andy/Documents/Code/DAWG-Kit/DAWGkit-RP2040/pico-sdk/src/rp2_common/pico_printf/printf.c.obj
 .text.weak_raw_vprintf
                0x10ff1be4       0x30 CMakeFiles/DAWGkit.dir/C_/Users/Andy/Documents/Code/DAWG-Kit/DAWGkit-RP2040/pico-sdk/src/rp2_common/pico_printf/printf.c.obj
                0x10ff1be4                weak_raw_vprintf
 .text._exit    0x10ff1c14        0x4 CMakeFiles/DAWGkit.dir/C_/Users/Andy/Documents/Code/DAWG-Kit/DAWGkit-RP2040/pico-sdk/src/rp2_common/pico_clib_interface/newlib_interface.c.obj
                0x10ff1c14                _exit
 .text._sbrk    0x10ff1c18       0x34 CMakeFiles/DAWGkit.dir/C_/Users/Andy/Documents/Code/DAWG-Kit/DAWGkit-RP2040/pico-sdk/src/rp2_common/pico_clib_interface/newlib_interface.c.obj
                0x10ff1c18                _sbrk
 .text.exit     0x10ff1c4c        0x8 CMakeFiles/DAWGkit.dir/C_/Users/Andy/Documents/Code/DAWG-Kit/DAWGkit-RP2040/pico-sdk/src/rp2_common/pico_clib_interface/newlib_interface.c.obj
                0x10ff1c4c                exit
 .text.runtime_init
                0x10ff1c54       0x2c CMakeFiles/DAWGkit.dir/C_/Users/Andy/Documents/Code/DAWG-Kit/DAWGkit-RP2040/pico-sdk/src/rp2_common/pico_clib_interface/newlib_interface.c.obj
                0x10ff1c54                runtime_init
 .text.stdio_out_chars_no_crlf
                0x10ff1c80       0x10 CMakeFiles/DAWGkit.dir/C_/Users/Andy/Documents/Code/DAWG-Kit/DAWGkit-RP2040/pico-sdk/src/rp2_common/pico_stdio/stdio.c.obj
 .text.stdio_out_chars_crlf
                0x10ff1c90       0x94 CMakeFiles/DAWGkit.dir/C_/Users/Andy/Documents/Code/DAWG-Kit/DAWGkit-RP2040/pico-sdk/src/rp2_common/pico_stdio/stdio.c.obj
 .text.stdio_put_string
                0x10ff1d24      0x100 CMakeFiles/DAWGkit.dir/C_/Users/Andy/Documents/Code/DAWG-Kit/DAWGkit-RP2040/pico-sdk/src/rp2_common/pico_stdio/stdio.c.obj
                0x10ff1d24                stdio_put_string
 .text.stdio_set_driver_enabled
                0x10ff1e24       0x30 CMakeFiles/DAWGkit.dir/C_/Users/Andy/Documents/Code/DAWG-Kit/DAWGkit-RP2040/pico-sdk/src/rp2_common/pico_stdio/stdio.c.obj
                0x10ff1e24                stdio_set_driver_enabled
 .text.stdio_init_all
                0x10ff1e54        0x8 CMakeFiles/DAWGkit.dir/C_/Users/Andy/Documents/Code/DAWG-Kit/DAWGkit-RP2040/pico-sdk/src/rp2_common/pico_stdio/stdio.c.obj
                0x10ff1e54                stdio_init_all
 .text.__wrap_putchar
                0x10ff1e5c       0x98 CMakeFiles/DAWGkit.dir/C_/Users/Andy/Documents/Code/DAWG-Kit/DAWGkit-RP2040/pico-sdk/src/rp2_common/pico_stdio/stdio.c.obj
                0x10ff1e5c                __wrap_putchar
                0x10ff1e5c                stdio_putchar
 .text.__wrap_puts
                0x10ff1ef4       0x3c CMakeFiles/DAWGkit.dir/C_/Users/Andy/Documents/Code/DAWG-Kit/DAWGkit-RP2040/pico-sdk/src/rp2_common/pico_stdio/stdio.c.obj
                0x10ff1ef4                stdio_puts
                0x10ff1ef4                __wrap_puts
 .text.resetd_init
                0x10ff1f30        0x4 CMakeFiles/DAWGkit.dir/C_/Users/Andy/Documents/Code/DAWG-Kit/DAWGkit-RP2040/pico-sdk/src/rp2_common/pico_stdio_usb/reset_interface.c.obj
 .text.resetd_reset
                0x10ff1f34        0xc CMakeFiles/DAWGkit.dir/C_/Users/Andy/Documents/Code/DAWG-Kit/DAWGkit-RP2040/pico-sdk/src/rp2_common/pico_stdio_usb/reset_interface.c.obj
 .text.resetd_open
                0x10ff1f40       0x28 CMakeFiles/DAWGkit.dir/C_/Users/Andy/Documents/Code/DAWG-Kit/DAWGkit-RP2040/pico-sdk/src/rp2_common/pico_stdio_usb/reset_interface.c.obj
 .text.resetd_xfer_cb
                0x10ff1f68        0x4 CMakeFiles/DAWGkit.dir/C_/Users/Andy/Documents/Code/DAWG-Kit/DAWGkit-RP2040/pico-sdk/src/rp2_common/pico_stdio_usb/reset_interface.c.obj
 .text.resetd_control_xfer_cb
                0x10ff1f6c       0x5c CMakeFiles/DAWGkit.dir/C_/Users/Andy/Documents/Code/DAWG-Kit/DAWGkit-RP2040/pico-sdk/src/rp2_common/pico_stdio_usb/reset_interface.c.obj
 .text.tud_descriptor_bos_cb
                0x10ff1fc8        0x8 CMakeFiles/DAWGkit.dir/C_/Users/Andy/Documents/Code/DAWG-Kit/DAWGkit-RP2040/pico-sdk/src/rp2_common/pico_stdio_usb/reset_interface.c.obj
                0x10ff1fc8                tud_descriptor_bos_cb
 .text.tud_vendor_control_xfer_cb
                0x10ff1fd0       0x34 CMakeFiles/DAWGkit.dir/C_/Users/Andy/Documents/Code/DAWG-Kit/DAWGkit-RP2040/pico-sdk/src/rp2_common/pico_stdio_usb/reset_interface.c.obj
                0x10ff1fd0                tud_vendor_control_xfer_cb
 .text.usbd_app_driver_get_cb
                0x10ff2004        0xc CMakeFiles/DAWGkit.dir/C_/Users/Andy/Documents/Code/DAWG-Kit/DAWGkit-RP2040/pico-sdk/src/rp2_common/pico_stdio_usb/reset_interface.c.obj
                0x10ff2004                usbd_app_driver_get_cb
 .text.tud_cdc_line_coding_cb
                0x10ff2010       0x2c CMakeFiles/DAWGkit.dir/C_/Users/Andy/Documents/Code/DAWG-Kit/DAWGkit-RP2040/pico-sdk/src/rp2_common/pico_stdio_usb/reset_interface.c.obj
                0x10ff2010                tud_cdc_line_coding_cb
 .text.stdio_usb_set_chars_available_callback
                0x10ff203c       0x14 CMakeFiles/DAWGkit.dir/C_/Users/Andy/Documents/Code/DAWG-Kit/DAWGkit-RP2040/pico-sdk/src/rp2_common/pico_stdio_usb/stdio_usb.c.obj
                0x10ff203c                stdio_usb_set_chars_available_callback
 .text.usb_irq  0x10ff2050       0x10 CMakeFiles/DAWGkit.dir/C_/Users/Andy/Documents/Code/DAWG-Kit/DAWGkit-RP2040/pico-sdk/src/rp2_common/pico_stdio_usb/stdio_usb.c.obj
 .text.timer_task
                0x10ff2060       0x64 CMakeFiles/DAWGkit.dir/C_/Users/Andy/Documents/Code/DAWG-Kit/DAWGkit-RP2040/pico-sdk/src/rp2_common/pico_stdio_usb/stdio_usb.c.obj
 .text.stdio_usb_in_chars
                0x10ff20c4       0x90 CMakeFiles/DAWGkit.dir/C_/Users/Andy/Documents/Code/DAWG-Kit/DAWGkit-RP2040/pico-sdk/src/rp2_common/pico_stdio_usb/stdio_usb.c.obj
                0x10ff20c4                stdio_usb_in_chars
 .text.stdio_usb_out_flush
                0x10ff2154       0x50 CMakeFiles/DAWGkit.dir/C_/Users/Andy/Documents/Code/DAWG-Kit/DAWGkit-RP2040/pico-sdk/src/rp2_common/pico_stdio_usb/stdio_usb.c.obj
 .text.stdio_usb_out_chars
                0x10ff21a4      0x104 CMakeFiles/DAWGkit.dir/C_/Users/Andy/Documents/Code/DAWG-Kit/DAWGkit-RP2040/pico-sdk/src/rp2_common/pico_stdio_usb/stdio_usb.c.obj
 .text.low_priority_worker_irq
                0x10ff22a8       0xcc CMakeFiles/DAWGkit.dir/C_/Users/Andy/Documents/Code/DAWG-Kit/DAWGkit-RP2040/pico-sdk/src/rp2_common/pico_stdio_usb/stdio_usb.c.obj
 .text.stdio_usb_init
                0x10ff2374       0xec CMakeFiles/DAWGkit.dir/C_/Users/Andy/Documents/Code/DAWG-Kit/DAWGkit-RP2040/pico-sdk/src/rp2_common/pico_stdio_usb/stdio_usb.c.obj
                0x10ff2374                stdio_usb_init
 .text.tud_descriptor_device_cb
                0x10ff2460        0x8 CMakeFiles/DAWGkit.dir/C_/Users/Andy/Documents/Code/DAWG-Kit/DAWGkit-RP2040/pico-sdk/src/rp2_common/pico_stdio_usb/stdio_usb_descriptors.c.obj
                0x10ff2460                tud_descriptor_device_cb
 .text.tud_descriptor_configuration_cb
                0x10ff2468        0x8 CMakeFiles/DAWGkit.dir/C_/Users/Andy/Documents/Code/DAWG-Kit/DAWGkit-RP2040/pico-sdk/src/rp2_common/pico_stdio_usb/stdio_usb_descriptors.c.obj
                0x10ff2468                tud_descriptor_configuration_cb
 .text.tud_descriptor_string_cb
                0x10ff2470       0x78 CMakeFiles/DAWGkit.dir/C_/Users/Andy/Documents/Code/DAWG-Kit/DAWGkit-RP2040/pico-sdk/src/rp2_common/pico_stdio_usb/stdio_usb_descriptors.c.obj
                0x10ff2470                tud_descriptor_string_cb
 .text.startup._retrieve_unique_id_on_boot
                0x10ff24e8       0x10 CMakeFiles/DAWGkit.dir/C_/Users/Andy/Documents/Code/DAWG-Kit/DAWGkit-RP2040/pico-sdk/src/rp2_common/pico_unique_id/unique_id.c.obj
 .text.pico_get_unique_board_id_string
                0x10ff24f8      0x1a8 CMakeFiles/DAWGkit.dir/C_/Users/Andy/Documents/Code/DAWG-Kit/DAWGkit-RP2040/pico-sdk/src/rp2_common/pico_unique_id/unique_id.c.obj
                0x10ff24f8                pico_get_unique_board_id_string
 .text.flash_get_unique_id
                0x10ff26a0       0x3c CMakeFiles/DAWGkit.dir/C_/Users/Andy/Documents/Code/DAWG-Kit/DAWGkit-RP2040/pico-sdk/src/rp2_common/hardware_flash/flash.c.obj
                0x10ff26a0                flash_get_unique_id
 .text.dcd_init
                0x10ff26dc       0x90 CMakeFiles/DAWGkit.dir/C_/Users/Andy/Documents/Code/DAWG-Kit/DAWGkit-RP2040/pico-sdk/lib/tinyusb/src/portable/raspberrypi/rp2040/dcd_rp2040.c.obj
                0x10ff26dc                dcd_init
 .text.dcd_int_enable
                0x10ff276c        0xc CMakeFiles/DAWGkit.dir/C_/Users/Andy/Documents/Code/DAWG-Kit/DAWGkit-RP2040/pico-sdk/lib/tinyusb/src/portable/raspberrypi/rp2040/dcd_rp2040.c.obj
                0x10ff276c                dcd_int_enable
 .text.dcd_set_address
                0x10ff2778       0x14 CMakeFiles/DAWGkit.dir/C_/Users/Andy/Documents/Code/DAWG-Kit/DAWGkit-RP2040/pico-sdk/lib/tinyusb/src/portable/raspberrypi/rp2040/dcd_rp2040.c.obj
                0x10ff2778                dcd_set_address
 .text.dcd_sof_enable
                0x10ff278c       0x1c CMakeFiles/DAWGkit.dir/C_/Users/Andy/Documents/Code/DAWG-Kit/DAWGkit-RP2040/pico-sdk/lib/tinyusb/src/portable/raspberrypi/rp2040/dcd_rp2040.c.obj
                0x10ff278c                dcd_sof_enable
 .text.dcd_edpt0_status_complete
                0x10ff27a8       0x1c CMakeFiles/DAWGkit.dir/C_/Users/Andy/Documents/Code/DAWG-Kit/DAWGkit-RP2040/pico-sdk/lib/tinyusb/src/portable/raspberrypi/rp2040/dcd_rp2040.c.obj
                0x10ff27a8                dcd_edpt0_status_complete
 .text.dcd_edpt_open
                0x10ff27c4      0x114 CMakeFiles/DAWGkit.dir/C_/Users/Andy/Documents/Code/DAWG-Kit/DAWGkit-RP2040/pico-sdk/lib/tinyusb/src/portable/raspberrypi/rp2040/dcd_rp2040.c.obj
                0x10ff27c4                dcd_edpt_open
 .text.dcd_edpt_close_all
                0x10ff28d8        0x8 CMakeFiles/DAWGkit.dir/C_/Users/Andy/Documents/Code/DAWG-Kit/DAWGkit-RP2040/pico-sdk/lib/tinyusb/src/portable/raspberrypi/rp2040/dcd_rp2040.c.obj
                0x10ff28d8                dcd_edpt_close_all
 .text.dcd_edpt_xfer
                0x10ff28e0       0x24 CMakeFiles/DAWGkit.dir/C_/Users/Andy/Documents/Code/DAWG-Kit/DAWGkit-RP2040/pico-sdk/lib/tinyusb/src/portable/raspberrypi/rp2040/dcd_rp2040.c.obj
                0x10ff28e0                dcd_edpt_xfer
 .text.dcd_edpt_stall
                0x10ff2904       0x34 CMakeFiles/DAWGkit.dir/C_/Users/Andy/Documents/Code/DAWG-Kit/DAWGkit-RP2040/pico-sdk/lib/tinyusb/src/portable/raspberrypi/rp2040/dcd_rp2040.c.obj
                0x10ff2904                dcd_edpt_stall
 .text.dcd_edpt_clear_stall
                0x10ff2938       0x30 CMakeFiles/DAWGkit.dir/C_/Users/Andy/Documents/Code/DAWG-Kit/DAWGkit-RP2040/pico-sdk/lib/tinyusb/src/portable/raspberrypi/rp2040/dcd_rp2040.c.obj
                0x10ff2938                dcd_edpt_clear_stall
 .text.rp2040_usb_init
                0x10ff2968       0x40 CMakeFiles/DAWGkit.dir/C_/Users/Andy/Documents/Code/DAWG-Kit/DAWGkit-RP2040/pico-sdk/lib/tinyusb/src/portable/raspberrypi/rp2040/rp2040_usb.c.obj
                0x10ff2968                rp2040_usb_init
 .text.hw_endpoint_xfer_start
                0x10ff29a8       0x40 CMakeFiles/DAWGkit.dir/C_/Users/Andy/Documents/Code/DAWG-Kit/DAWGkit-RP2040/pico-sdk/lib/tinyusb/src/portable/raspberrypi/rp2040/rp2040_usb.c.obj
                0x10ff29a8                hw_endpoint_xfer_start
 .text.tud_event_hook_cb
                0x10ff29e8        0x4 CMakeFiles/DAWGkit.dir/C_/Users/Andy/Documents/Code/DAWG-Kit/DAWGkit-RP2040/pico-sdk/lib/tinyusb/src/device/usbd.c.obj
                0x10ff29e8                tud_event_hook_cb
 .text.tud_sof_cb
                0x10ff29ec        0x4 CMakeFiles/DAWGkit.dir/C_/Users/Andy/Documents/Code/DAWG-Kit/DAWGkit-RP2040/pico-sdk/lib/tinyusb/src/device/usbd.c.obj
                0x10ff29ec                tud_sof_cb
 .text.tud_descriptor_device_qualifier_cb
                0x10ff29f0        0x4 CMakeFiles/DAWGkit.dir/C_/Users/Andy/Documents/Code/DAWG-Kit/DAWGkit-RP2040/pico-sdk/lib/tinyusb/src/device/usbd.c.obj
                0x10ff29f0                tud_descriptor_device_qualifier_cb
 .text.tud_descriptor_other_speed_configuration_cb
                0x10ff29f4        0x4 CMakeFiles/DAWGkit.dir/C_/Users/Andy/Documents/Code/DAWG-Kit/DAWGkit-RP2040/pico-sdk/lib/tinyusb/src/device/usbd.c.obj
                0x10ff29f4                tud_descriptor_other_speed_configuration_cb
 .text.tud_mount_cb
                0x10ff29f8        0x4 CMakeFiles/DAWGkit.dir/C_/Users/Andy/Documents/Code/DAWG-Kit/DAWGkit-RP2040/pico-sdk/lib/tinyusb/src/device/usbd.c.obj
                0x10ff29f8                tud_mount_cb
 .text.tud_umount_cb
                0x10ff29fc        0x4 CMakeFiles/DAWGkit.dir/C_/Users/Andy/Documents/Code/DAWG-Kit/DAWGkit-RP2040/pico-sdk/lib/tinyusb/src/device/usbd.c.obj
                0x10ff29fc                tud_umount_cb
 .text.tud_suspend_cb
                0x10ff2a00        0x4 CMakeFiles/DAWGkit.dir/C_/Users/Andy/Documents/Code/DAWG-Kit/DAWGkit-RP2040/pico-sdk/lib/tinyusb/src/device/usbd.c.obj
                0x10ff2a00                tud_suspend_cb
 .text.tud_resume_cb
                0x10ff2a04        0x4 CMakeFiles/DAWGkit.dir/C_/Users/Andy/Documents/Code/DAWG-Kit/DAWGkit-RP2040/pico-sdk/lib/tinyusb/src/device/usbd.c.obj
                0x10ff2a04                tud_resume_cb
 .text.tud_mounted
                0x10ff2a08       0x10 CMakeFiles/DAWGkit.dir/C_/Users/Andy/Documents/Code/DAWG-Kit/DAWGkit-RP2040/pico-sdk/lib/tinyusb/src/device/usbd.c.obj
                0x10ff2a08                tud_mounted
 .text.tud_suspended
                0x10ff2a18       0x10 CMakeFiles/DAWGkit.dir/C_/Users/Andy/Documents/Code/DAWG-Kit/DAWGkit-RP2040/pico-sdk/lib/tinyusb/src/device/usbd.c.obj
                0x10ff2a18                tud_suspended
 .text.tud_rhport_init
                0x10ff2a28       0xfc CMakeFiles/DAWGkit.dir/C_/Users/Andy/Documents/Code/DAWG-Kit/DAWGkit-RP2040/pico-sdk/lib/tinyusb/src/device/usbd.c.obj
                0x10ff2a28                tud_rhport_init
 .text.tud_task_ext
                0x10ff2b24      0x800 CMakeFiles/DAWGkit.dir/C_/Users/Andy/Documents/Code/DAWG-Kit/DAWGkit-RP2040/pico-sdk/lib/tinyusb/src/device/usbd.c.obj
                0x10ff2b24                tud_task_ext
 .text.usbd_open_edpt_pair
                0x10ff3324       0x9c CMakeFiles/DAWGkit.dir/C_/Users/Andy/Documents/Code/DAWG-Kit/DAWGkit-RP2040/pico-sdk/lib/tinyusb/src/device/usbd.c.obj
                0x10ff3324                usbd_open_edpt_pair
 .text.usbd_edpt_open
                0x10ff33c0       0x34 CMakeFiles/DAWGkit.dir/C_/Users/Andy/Documents/Code/DAWG-Kit/DAWGkit-RP2040/pico-sdk/lib/tinyusb/src/device/usbd.c.obj
                0x10ff33c0                usbd_edpt_open
 .text.usbd_edpt_claim
                0x10ff33f4       0x28 CMakeFiles/DAWGkit.dir/C_/Users/Andy/Documents/Code/DAWG-Kit/DAWGkit-RP2040/pico-sdk/lib/tinyusb/src/device/usbd.c.obj
                0x10ff33f4                usbd_edpt_claim
 .text.usbd_edpt_release
                0x10ff341c       0x28 CMakeFiles/DAWGkit.dir/C_/Users/Andy/Documents/Code/DAWG-Kit/DAWGkit-RP2040/pico-sdk/lib/tinyusb/src/device/usbd.c.obj
                0x10ff341c                usbd_edpt_release
 .text.usbd_edpt_xfer
                0x10ff3444       0x4c CMakeFiles/DAWGkit.dir/C_/Users/Andy/Documents/Code/DAWG-Kit/DAWGkit-RP2040/pico-sdk/lib/tinyusb/src/device/usbd.c.obj
                0x10ff3444                usbd_edpt_xfer
 .text.tud_control_status
                0x10ff3490       0x2c CMakeFiles/DAWGkit.dir/C_/Users/Andy/Documents/Code/DAWG-Kit/DAWGkit-RP2040/pico-sdk/lib/tinyusb/src/device/usbd_control.c.obj
                0x10ff3490                tud_control_status
 .text.tud_control_xfer
                0x10ff34bc       0xac CMakeFiles/DAWGkit.dir/C_/Users/Andy/Documents/Code/DAWG-Kit/DAWGkit-RP2040/pico-sdk/lib/tinyusb/src/device/usbd_control.c.obj
                0x10ff34bc                tud_control_xfer
 .text.usbd_control_reset
                0x10ff3568       0x14 CMakeFiles/DAWGkit.dir/C_/Users/Andy/Documents/Code/DAWG-Kit/DAWGkit-RP2040/pico-sdk/lib/tinyusb/src/device/usbd_control.c.obj
                0x10ff3568                usbd_control_reset
 .text.usbd_control_set_complete_callback
                0x10ff357c        0xc CMakeFiles/DAWGkit.dir/C_/Users/Andy/Documents/Code/DAWG-Kit/DAWGkit-RP2040/pico-sdk/lib/tinyusb/src/device/usbd_control.c.obj
                0x10ff357c                usbd_control_set_complete_callback
 .text.usbd_control_set_request
                0x10ff3588       0x1c CMakeFiles/DAWGkit.dir/C_/Users/Andy/Documents/Code/DAWG-Kit/DAWGkit-RP2040/pico-sdk/lib/tinyusb/src/device/usbd_control.c.obj
                0x10ff3588                usbd_control_set_request
 .text.usbd_control_xfer_cb
                0x10ff35a4       0xec CMakeFiles/DAWGkit.dir/C_/Users/Andy/Documents/Code/DAWG-Kit/DAWGkit-RP2040/pico-sdk/lib/tinyusb/src/device/usbd_control.c.obj
                0x10ff35a4                usbd_control_xfer_cb
 .text._prep_out_transaction.isra.0
                0x10ff3690       0x6c CMakeFiles/DAWGkit.dir/C_/Users/Andy/Documents/Code/DAWG-Kit/DAWGkit-RP2040/pico-sdk/lib/tinyusb/src/class/cdc/cdc_device.c.obj
 .text.tud_cdc_n_connected
                0x10ff36fc       0x2c CMakeFiles/DAWGkit.dir/C_/Users/Andy/Documents/Code/DAWG-Kit/DAWGkit-RP2040/pico-sdk/lib/tinyusb/src/class/cdc/cdc_device.c.obj
                0x10ff36fc                tud_cdc_n_connected
 .text.tud_cdc_n_available
                0x10ff3728       0x14 CMakeFiles/DAWGkit.dir/C_/Users/Andy/Documents/Code/DAWG-Kit/DAWGkit-RP2040/pico-sdk/lib/tinyusb/src/class/cdc/cdc_device.c.obj
                0x10ff3728                tud_cdc_n_available
 .text.tud_cdc_n_read
                0x10ff373c       0x94 CMakeFiles/DAWGkit.dir/C_/Users/Andy/Documents/Code/DAWG-Kit/DAWGkit-RP2040/pico-sdk/lib/tinyusb/src/class/cdc/cdc_device.c.obj
                0x10ff373c                tud_cdc_n_read
 .text.tud_cdc_n_write_flush
                0x10ff37d0       0x74 CMakeFiles/DAWGkit.dir/C_/Users/Andy/Documents/Code/DAWG-Kit/DAWGkit-RP2040/pico-sdk/lib/tinyusb/src/class/cdc/cdc_device.c.obj
                0x10ff37d0                tud_cdc_n_write_flush
 .text.tud_cdc_n_write
                0x10ff3844       0x40 CMakeFiles/DAWGkit.dir/C_/Users/Andy/Documents/Code/DAWG-Kit/DAWGkit-RP2040/pico-sdk/lib/tinyusb/src/class/cdc/cdc_device.c.obj
                0x10ff3844                tud_cdc_n_write
 .text.tud_cdc_n_write_available
                0x10ff3884       0x14 CMakeFiles/DAWGkit.dir/C_/Users/Andy/Documents/Code/DAWG-Kit/DAWGkit-RP2040/pico-sdk/lib/tinyusb/src/class/cdc/cdc_device.c.obj
                0x10ff3884                tud_cdc_n_write_available
 .text.cdcd_init
                0x10ff3898       0x70 CMakeFiles/DAWGkit.dir/C_/Users/Andy/Documents/Code/DAWG-Kit/DAWGkit-RP2040/pico-sdk/lib/tinyusb/src/class/cdc/cdc_device.c.obj
                0x10ff3898                cdcd_init
 .text.cdcd_deinit
                0x10ff3908       0x34 CMakeFiles/DAWGkit.dir/C_/Users/Andy/Documents/Code/DAWG-Kit/DAWGkit-RP2040/pico-sdk/lib/tinyusb/src/class/cdc/cdc_device.c.obj
                0x10ff3908                cdcd_deinit
 .text.cdcd_reset
                0x10ff393c       0x4c CMakeFiles/DAWGkit.dir/C_/Users/Andy/Documents/Code/DAWG-Kit/DAWGkit-RP2040/pico-sdk/lib/tinyusb/src/class/cdc/cdc_device.c.obj
                0x10ff393c                cdcd_reset
 .text.cdcd_open
                0x10ff3988       0xa8 CMakeFiles/DAWGkit.dir/C_/Users/Andy/Documents/Code/DAWG-Kit/DAWGkit-RP2040/pico-sdk/lib/tinyusb/src/class/cdc/cdc_device.c.obj
                0x10ff3988                cdcd_open
 .text.cdcd_control_xfer_cb
                0x10ff3a30       0xe8 CMakeFiles/DAWGkit.dir/C_/Users/Andy/Documents/Code/DAWG-Kit/DAWGkit-RP2040/pico-sdk/lib/tinyusb/src/class/cdc/cdc_device.c.obj
                0x10ff3a30                cdcd_control_xfer_cb
 .text.cdcd_xfer_cb
                0x10ff3b18      0x100 CMakeFiles/DAWGkit.dir/C_/Users/Andy/Documents/Code/DAWG-Kit/DAWGkit-RP2040/pico-sdk/lib/tinyusb/src/class/cdc/cdc_device.c.obj
                0x10ff3b18                cdcd_xfer_cb
 .text.vendord_init
                0x10ff3c18       0x5c CMakeFiles/DAWGkit.dir/C_/Users/Andy/Documents/Code/DAWG-Kit/DAWGkit-RP2040/pico-sdk/lib/tinyusb/src/class/vendor/vendor_device.c.obj
                0x10ff3c18                vendord_init
 .text.vendord_deinit
                0x10ff3c74       0x1c CMakeFiles/DAWGkit.dir/C_/Users/Andy/Documents/Code/DAWG-Kit/DAWGkit-RP2040/pico-sdk/lib/tinyusb/src/class/vendor/vendor_device.c.obj
                0x10ff3c74                vendord_deinit
 .text.vendord_reset
                0x10ff3c90       0x28 CMakeFiles/DAWGkit.dir/C_/Users/Andy/Documents/Code/DAWG-Kit/DAWGkit-RP2040/pico-sdk/lib/tinyusb/src/class/vendor/vendor_device.c.obj
                0x10ff3c90                vendord_reset
 .text.vendord_open
                0x10ff3cb8      0x128 CMakeFiles/DAWGkit.dir/C_/Users/Andy/Documents/Code/DAWG-Kit/DAWGkit-RP2040/pico-sdk/lib/tinyusb/src/class/vendor/vendor_device.c.obj
                0x10ff3cb8                vendord_open
 .text.vendord_xfer_cb
                0x10ff3de0       0x9c CMakeFiles/DAWGkit.dir/C_/Users/Andy/Documents/Code/DAWG-Kit/DAWGkit-RP2040/pico-sdk/lib/tinyusb/src/class/vendor/vendor_device.c.obj
                0x10ff3de0                vendord_xfer_cb
 .text.tusb_rhport_init
                0x10ff3e7c       0x48 CMakeFiles/DAWGkit.dir/C_/Users/Andy/Documents/Code/DAWG-Kit/DAWGkit-RP2040/pico-sdk/lib/tinyusb/src/tusb.c.obj
                0x10ff3e7c                tusb_rhport_init
 .text.tu_edpt_claim
                0x10ff3ec4       0x50 CMakeFiles/DAWGkit.dir/C_/Users/Andy/Documents/Code/DAWG-Kit/DAWGkit-RP2040/pico-sdk/lib/tinyusb/src/tusb.c.obj
                0x10ff3ec4                tu_edpt_claim
 .text.tu_edpt_release
                0x10ff3f14       0x38 CMakeFiles/DAWGkit.dir/C_/Users/Andy/Documents/Code/DAWG-Kit/DAWGkit-RP2040/pico-sdk/lib/tinyusb/src/tusb.c.obj
                0x10ff3f14                tu_edpt_release
 .text.tu_edpt_validate
                0x10ff3f4c       0x7c CMakeFiles/DAWGkit.dir/C_/Users/Andy/Documents/Code/DAWG-Kit/DAWGkit-RP2040/pico-sdk/lib/tinyusb/src/tusb.c.obj
                0x10ff3f4c                tu_edpt_validate
 .text.tu_edpt_bind_driver
                0x10ff3fc8       0x34 CMakeFiles/DAWGkit.dir/C_/Users/Andy/Documents/Code/DAWG-Kit/DAWGkit-RP2040/pico-sdk/lib/tinyusb/src/tusb.c.obj
                0x10ff3fc8                tu_edpt_bind_driver
 .text.tu_edpt_stream_init
                0x10ff3ffc       0x6c CMakeFiles/DAWGkit.dir/C_/Users/Andy/Documents/Code/DAWG-Kit/DAWGkit-RP2040/pico-sdk/lib/tinyusb/src/tusb.c.obj
                0x10ff3ffc                tu_edpt_stream_init
 .text.tu_edpt_stream_deinit
                0x10ff4068        0x4 CMakeFiles/DAWGkit.dir/C_/Users/Andy/Documents/Code/DAWG-Kit/DAWGkit-RP2040/pico-sdk/lib/tinyusb/src/tusb.c.obj
                0x10ff4068                tu_edpt_stream_deinit
 .text.tu_edpt_stream_write_zlp_if_needed
                0x10ff406c       0x68 CMakeFiles/DAWGkit.dir/C_/Users/Andy/Documents/Code/DAWG-Kit/DAWGkit-RP2040/pico-sdk/lib/tinyusb/src/tusb.c.obj
                0x10ff406c                tu_edpt_stream_write_zlp_if_needed
 .text.tu_edpt_stream_write_xfer
                0x10ff40d4       0x64 CMakeFiles/DAWGkit.dir/C_/Users/Andy/Documents/Code/DAWG-Kit/DAWGkit-RP2040/pico-sdk/lib/tinyusb/src/tusb.c.obj
                0x10ff40d4                tu_edpt_stream_write_xfer
 .text.tu_edpt_stream_read_xfer
                0x10ff4138       0xdc CMakeFiles/DAWGkit.dir/C_/Users/Andy/Documents/Code/DAWG-Kit/DAWGkit-RP2040/pico-sdk/lib/tinyusb/src/tusb.c.obj
                0x10ff4138                tu_edpt_stream_read_xfer
 .text.tu_fifo_config
                0x10ff4214       0x6c CMakeFiles/DAWGkit.dir/C_/Users/Andy/Documents/Code/DAWG-Kit/DAWGkit-RP2040/pico-sdk/lib/tinyusb/src/common/tusb_fifo.c.obj
                0x10ff4214                tu_fifo_config
 .text.tu_fifo_count
                0x10ff4280       0x2c CMakeFiles/DAWGkit.dir/C_/Users/Andy/Documents/Code/DAWG-Kit/DAWGkit-RP2040/pico-sdk/lib/tinyusb/src/common/tusb_fifo.c.obj
                0x10ff4280                tu_fifo_count
 .text.tu_fifo_empty
                0x10ff42ac       0x10 CMakeFiles/DAWGkit.dir/C_/Users/Andy/Documents/Code/DAWG-Kit/DAWGkit-RP2040/pico-sdk/lib/tinyusb/src/common/tusb_fifo.c.obj
                0x10ff42ac                tu_fifo_empty
 .text.tu_fifo_remaining
                0x10ff42bc       0x2c CMakeFiles/DAWGkit.dir/C_/Users/Andy/Documents/Code/DAWG-Kit/DAWGkit-RP2040/pico-sdk/lib/tinyusb/src/common/tusb_fifo.c.obj
                0x10ff42bc                tu_fifo_remaining
 .text.tu_fifo_read
                0x10ff42e8       0x9c CMakeFiles/DAWGkit.dir/C_/Users/Andy/Documents/Code/DAWG-Kit/DAWGkit-RP2040/pico-sdk/lib/tinyusb/src/common/tusb_fifo.c.obj
                0x10ff42e8                tu_fifo_read
 .text.tu_fifo_read_n
                0x10ff4384       0xe8 CMakeFiles/DAWGkit.dir/C_/Users/Andy/Documents/Code/DAWG-Kit/DAWGkit-RP2040/pico-sdk/lib/tinyusb/src/common/tusb_fifo.c.obj
                0x10ff4384                tu_fifo_read_n
 .text.tu_fifo_write
                0x10ff446c       0xa8 CMakeFiles/DAWGkit.dir/C_/Users/Andy/Documents/Code/DAWG-Kit/DAWGkit-RP2040/pico-sdk/lib/tinyusb/src/common/tusb_fifo.c.obj
                0x10ff446c                tu_fifo_write
 .text.tu_fifo_write_n
                0x10ff4514      0x178 CMakeFiles/DAWGkit.dir/C_/Users/Andy/Documents/Code/DAWG-Kit/DAWGkit-RP2040/pico-sdk/lib/tinyusb/src/common/tusb_fifo.c.obj
                0x10ff4514                tu_fifo_write_n
 .text.tu_fifo_clear
                0x10ff468c       0x40 CMakeFiles/DAWGkit.dir/C_/Users/Andy/Documents/Code/DAWG-Kit/DAWGkit-RP2040/pico-sdk/lib/tinyusb/src/common/tusb_fifo.c.obj
                0x10ff468c                tu_fifo_clear
 .text.tu_fifo_set_overwritable
                0x10ff46cc       0x48 CMakeFiles/DAWGkit.dir/C_/Users/Andy/Documents/Code/DAWG-Kit/DAWGkit-RP2040/pico-sdk/lib/tinyusb/src/common/tusb_fifo.c.obj
                0x10ff46cc                tu_fifo_set_overwritable
 .text          0x10ff4714       0x10 C:/msys64/ucrt64/bin/../lib/gcc/arm-none-eabi/13.3.0/../../../../arm-none-eabi/lib/thumb/v6-m/nofp\libg.a(libc_a-atexit.o)
                0x10ff4714                atexit
 .text          0x10ff4724       0x28 C:/msys64/ucrt64/bin/../lib/gcc/arm-none-eabi/13.3.0/../../../../arm-none-eabi/lib/thumb/v6-m/nofp\libg.a(libc_a-malloc.o)
                0x10ff4724                malloc
                0x10ff4738                free
 .text          0x10ff474c      0x5b0 C:/msys64/ucrt64/bin/../lib/gcc/arm-none-eabi/13.3.0/../../../../arm-none-eabi/lib/thumb/v6-m/nofp\libg.a(libc_a-mallocr.o)
                0x10ff474c                _malloc_r
 .text          0x10ff4cfc       0x20 C:/msys64/ucrt64/bin/../lib/gcc/arm-none-eabi/13.3.0/../../../../arm-none-eabi/lib/thumb/v6-m/nofp\libg.a(libc_a-mlock.o)
                0x10ff4cfc                __malloc_lock
                0x10ff4d0c                __malloc_unlock
 .text          0x10ff4d1c       0x24 C:/msys64/ucrt64/bin/../lib/gcc/arm-none-eabi/13.3.0/../../../../arm-none-eabi/lib/thumb/v6-m/nofp\libg.a(libc_a-sbrkr.o)
                0x10ff4d1c                _sbrk_r
 .text          0x10ff4d40        0xc C:/msys64/ucrt64/bin/../lib/gcc/arm-none-eabi/13.3.0/../../../../arm-none-eabi/lib/thumb/v6-m/nofp\libg.a(libc_a-errno.o)
                0x10ff4d40                __errno
 .text          0x10ff4d4c       0x28 C:/msys64/ucrt64/bin/../lib/gcc/arm-none-eabi/13.3.0/../../../../arm-none-eabi/lib/thumb/v6-m/nofp\libg.a(libc_a-fini.o)
                0x10ff4d4c                __libc_fini_array
 .text          0x10ff4d74       0x28 C:/msys64/ucrt64/bin/../lib/gcc/arm-none-eabi/13.3.0/../../../../arm-none-eabi/lib/thumb/v6-m/nofp\libg.a(libc_a-lock.o)
                0x10ff4d74                __retarget_lock_init
                0x10ff4d78                __retarget_lock_init_recursive
                0x10ff4d7c                __retarget_lock_close
                0x10ff4d80                __retarget_lock_close_recursive
                0x10ff4d84                __retarget_lock_acquire
                0x10ff4d88                __retarget_lock_acquire_recursive
                0x10ff4d8c                __retarget_lock_try_acquire
                0x10ff4d90                __retarget_lock_try_acquire_recursive
                0x10ff4d94                __retarget_lock_release
                0x10ff4d98                __retarget_lock_release_recursive
 .text          0x10ff4d9c       0x1c C:/msys64/ucrt64/bin/../lib/gcc/arm-none-eabi/13.3.0/../../../../arm-none-eabi/lib/thumb/v6-m/nofp\libg.a(libc_a-sysconf.o)
                0x10ff4d9c                sysconf
 .text          0x10ff4db8       0x5c C:/msys64/ucrt64/bin/../lib/gcc/arm-none-eabi/13.3.0/../../../../arm-none-eabi/lib/thumb/v6-m/nofp\libg.a(libc_a-strlen-stub.o)
                0x10ff4db8                strlen
 .text          0x10ff4e14       0xa8 C:/msys64/ucrt64/bin/../lib/gcc/arm-none-eabi/13.3.0/../../../../arm-none-eabi/lib/thumb/v6-m/nofp\libg.a(libc_a-__atexit.o)
                0x10ff4e14                __register_exitproc
 .text.startup  0x10ff4ebc       0x18 C:/msys64/ucrt64/bin/../lib/gcc/arm-none-eabi/13.3.0/../../../../arm-none-eabi/lib/thumb/v6-m/nofp\libg.a(libc_a-__call_atexit.o)
 .text          0x10ff4ed4      0x288 C:/msys64/ucrt64/bin/../lib/gcc/arm-none-eabi/13.3.0/../../../../arm-none-eabi/lib/thumb/v6-m/nofp\libg.a(libc_a-freer.o)
                0x10ff4ed4                _malloc_trim_r
                0x10ff4f88                _free_r
 *(.fini)
 .fini          0x10ff515c        0x4 C:/msys64/ucrt64/bin/../lib/gcc/arm-none-eabi/13.3.0/thumb/v6-m/nofp/crti.o
                0x10ff515c                _fini
 .fini.__stub   0x10ff5160       0xd0 linker stubs
 *crtbegin.o(.ctors)
 *crtbegin?.o(.ctors)
 *(EXCLUDE_FILE(*crtend.o *crtend?.o) .ctors)
 *(SORT_BY_NAME(.ctors.*))
 *(.ctors)
 *crtbegin.o(.dtors)
 *crtbegin?.o(.dtors)
 *(EXCLUDE_FILE(*crtend.o *crtend?.o) .dtors)
 *(SORT_BY_NAME(.dtors.*))
 *(.dtors)
 *(.eh_frame*)
 .eh_frame      0x10ff5230        0x0 C:/msys64/ucrt64/bin/../lib/gcc/arm-none-eabi/13.3.0/thumb/v6-m/nofp/crtbegin.o
                0x10ff5230                        . = ALIGN (0x4)

.glue_7         0x10ff5230        0x0
 .glue_7        0x10ff5230        0x0 linker stubs

.glue_7t        0x10ff5230        0x0
 .glue_7t       0x10ff5230        0x0 linker stubs

.vfp11_veneer   0x10ff5230        0x0
 .vfp11_veneer  0x10ff5230        0x0 linker stubs

.v4_bx          0x10ff5230        0x0
 .v4_bx         0x10ff5230        0x0 linker stubs

.iplt           0x10ff5230        0x0
 .iplt          0x10ff5230        0x0 C:/msys64/ucrt64/bin/../lib/gcc/arm-none-eabi/13.3.0/thumb/v6-m/nofp/crtbegin.o

.rodata         0x10ff5230      0x41c
 *(EXCLUDE_FILE(*libm.a: *libc.a:*lib_a-mem*.o *libgcc.a:) .rodata*)
 .rodata.panic.str1.4
                0x10ff5230      0x164 CMakeFiles/DAWGkit.dir/C_/Users/Andy/Documents/Code/DAWG-Kit/DAWGkit-RP2040/pico-sdk/src/rp2_common/pico_platform_panic/panic.c.obj
                                 0x12 (size before relaxing)
 .rodata.spin_lock_claim_unused.str1.4
                0x10ff5394        0x0 CMakeFiles/DAWGkit.dir/C_/Users/Andy/Documents/Code/DAWG-Kit/DAWGkit-RP2040/pico-sdk/src/rp2_common/hardware_sync/sync.c.obj
                                 0x1b (size before relaxing)
 .rodata.user_irq_claim_unused.str1.4
                0x10ff5394        0x0 CMakeFiles/DAWGkit.dir/C_/Users/Andy/Documents/Code/DAWG-Kit/DAWGkit-RP2040/pico-sdk/src/rp2_common/hardware_irq/irq.c.obj
                                 0x1b (size before relaxing)
 .rodata.timer_hardware_alarm_claim.str1.4
                0x10ff5394        0x0 CMakeFiles/DAWGkit.dir/C_/Users/Andy/Documents/Code/DAWG-Kit/DAWGkit-RP2040/pico-sdk/src/rp2_common/hardware_timer/timer.c.obj
                                 0x22 (size before relaxing)
 .rodata.hard_assertion_failure.str1.4
                0x10ff5394        0x0 CMakeFiles/DAWGkit.dir/C_/Users/Andy/Documents/Code/DAWG-Kit/DAWGkit-RP2040/pico-sdk/src/rp2_common/pico_runtime/runtime.c.obj
                                  0xc (size before relaxing)
 .rodata.__wrap_malloc.str1.4
                0x10ff5394        0x0 CMakeFiles/DAWGkit.dir/C_/Users/Andy/Documents/Code/DAWG-Kit/DAWGkit-RP2040/pico-sdk/src/rp2_common/pico_malloc/malloc.c.obj
                                  0xe (size before relaxing)
 .rodata.str1.4
                0x10ff5394        0x0 CMakeFiles/DAWGkit.dir/C_/Users/Andy/Documents/Code/DAWG-Kit/DAWGkit-RP2040/pico-sdk/src/rp2_common/pico_standard_binary_info/standard_binary_info.c.obj
                                 0x3c (size before relaxing)
 .rodata.__bi_84
                0x10ff5394        0xc CMakeFiles/DAWGkit.dir/C_/Users/Andy/Documents/Code/DAWG-Kit/DAWGkit-RP2040/pico-sdk/src/rp2_common/pico_standard_binary_info/standard_binary_info.c.obj
 .rodata.__bi_78
                0x10ff53a0        0xc CMakeFiles/DAWGkit.dir/C_/Users/Andy/Documents/Code/DAWG-Kit/DAWGkit-RP2040/pico-sdk/src/rp2_common/pico_standard_binary_info/standard_binary_info.c.obj
 .rodata.__bi_54
                0x10ff53ac        0xc CMakeFiles/DAWGkit.dir/C_/Users/Andy/Documents/Code/DAWG-Kit/DAWGkit-RP2040/pico-sdk/src/rp2_common/pico_standard_binary_info/standard_binary_info.c.obj
 .rodata.__bi_48
                0x10ff53b8        0xc CMakeFiles/DAWGkit.dir/C_/Users/Andy/Documents/Code/DAWG-Kit/DAWGkit-RP2040/pico-sdk/src/rp2_common/pico_standard_binary_info/standard_binary_info.c.obj
 .rodata.__bi_42
                0x10ff53c4        0xc CMakeFiles/DAWGkit.dir/C_/Users/Andy/Documents/Code/DAWG-Kit/DAWGkit-RP2040/pico-sdk/src/rp2_common/pico_standard_binary_info/standard_binary_info.c.obj
 .rodata.__bi_34
                0x10ff53d0        0xc CMakeFiles/DAWGkit.dir/C_/Users/Andy/Documents/Code/DAWG-Kit/DAWGkit-RP2040/pico-sdk/src/rp2_common/pico_standard_binary_info/standard_binary_info.c.obj
 .rodata.__bi_26
                0x10ff53dc        0xc CMakeFiles/DAWGkit.dir/C_/Users/Andy/Documents/Code/DAWG-Kit/DAWGkit-RP2040/pico-sdk/src/rp2_common/pico_standard_binary_info/standard_binary_info.c.obj
 .rodata.crlf_str.0
                0x10ff53e8        0x2 CMakeFiles/DAWGkit.dir/C_/Users/Andy/Documents/Code/DAWG-Kit/DAWGkit-RP2040/pico-sdk/src/rp2_common/pico_stdio/stdio.c.obj
 *fill*         0x10ff53ea        0x2 
 .rodata._resetd_driver
                0x10ff53ec       0x20 CMakeFiles/DAWGkit.dir/C_/Users/Andy/Documents/Code/DAWG-Kit/DAWGkit-RP2040/pico-sdk/src/rp2_common/pico_stdio_usb/reset_interface.c.obj
 .rodata.desc_ms_os_20
                0x10ff540c       0xa6 CMakeFiles/DAWGkit.dir/C_/Users/Andy/Documents/Code/DAWG-Kit/DAWGkit-RP2040/pico-sdk/src/rp2_common/pico_stdio_usb/reset_interface.c.obj
 *fill*         0x10ff54b2        0x2 
 .rodata.desc_bos
                0x10ff54b4       0x21 CMakeFiles/DAWGkit.dir/C_/Users/Andy/Documents/Code/DAWG-Kit/DAWGkit-RP2040/pico-sdk/src/rp2_common/pico_stdio_usb/reset_interface.c.obj
                0x10ff54b4                desc_bos
 .rodata.str1.4
                0x10ff54d5        0x0 CMakeFiles/DAWGkit.dir/C_/Users/Andy/Documents/Code/DAWG-Kit/DAWGkit-RP2040/pico-sdk/src/rp2_common/pico_stdio_usb/stdio_usb.c.obj
                                 0x13 (size before relaxing)
 *fill*         0x10ff54d5        0x3 
 .rodata.__bi_202.0
                0x10ff54d8        0xc CMakeFiles/DAWGkit.dir/C_/Users/Andy/Documents/Code/DAWG-Kit/DAWGkit-RP2040/pico-sdk/src/rp2_common/pico_stdio_usb/stdio_usb.c.obj
 .rodata.str1.4
                0x10ff54e4        0x0 CMakeFiles/DAWGkit.dir/C_/Users/Andy/Documents/Code/DAWG-Kit/DAWGkit-RP2040/pico-sdk/src/rp2_common/pico_stdio_usb/stdio_usb_descriptors.c.obj
                                 0x2a (size before relaxing)
 .rodata.usbd_desc_str
                0x10ff54e4       0x18 CMakeFiles/DAWGkit.dir/C_/Users/Andy/Documents/Code/DAWG-Kit/DAWGkit-RP2040/pico-sdk/src/rp2_common/pico_stdio_usb/stdio_usb_descriptors.c.obj
 .rodata.usbd_desc_cfg
                0x10ff54fc       0x54 CMakeFiles/DAWGkit.dir/C_/Users/Andy/Documents/Code/DAWG-Kit/DAWGkit-RP2040/pico-sdk/src/rp2_common/pico_stdio_usb/stdio_usb_descriptors.c.obj
 .rodata.usbd_desc_device
                0x10ff5550       0x12 CMakeFiles/DAWGkit.dir/C_/Users/Andy/Documents/Code/DAWG-Kit/DAWGkit-RP2040/pico-sdk/src/rp2_common/pico_stdio_usb/stdio_usb_descriptors.c.obj
 .rodata.str1.4
                0x10ff5562        0x0 CMakeFiles/DAWGkit.dir/C_/Users/Andy/Documents/Code/DAWG-Kit/DAWGkit-RP2040/pico-sdk/lib/tinyusb/src/portable/raspberrypi/rp2040/dcd_rp2040.c.obj
                                 0x14 (size before relaxing)
 .rodata.str1.4
                0x10ff5562        0x0 CMakeFiles/DAWGkit.dir/C_/Users/Andy/Documents/Code/DAWG-Kit/DAWGkit-RP2040/pico-sdk/lib/tinyusb/src/portable/raspberrypi/rp2040/rp2040_usb.c.obj
                                 0x48 (size before relaxing)
 *fill*         0x10ff5562        0x2 
 .rodata.tud_task_ext
                0x10ff5564       0x8c CMakeFiles/DAWGkit.dir/C_/Users/Andy/Documents/Code/DAWG-Kit/DAWGkit-RP2040/pico-sdk/lib/tinyusb/src/device/usbd.c.obj
 .rodata        0x10ff55f0       0x1c CMakeFiles/DAWGkit.dir/C_/Users/Andy/Documents/Code/DAWG-Kit/DAWGkit-RP2040/pico-sdk/lib/tinyusb/src/device/usbd.c.obj
 .rodata._usbd_driver
                0x10ff560c       0x40 CMakeFiles/DAWGkit.dir/C_/Users/Andy/Documents/Code/DAWG-Kit/DAWGkit-RP2040/pico-sdk/lib/tinyusb/src/device/usbd.c.obj
                0x10ff564c                        . = ALIGN (0x4)
 *(SORT_BY_ALIGNMENT(SORT_BY_NAME(.flashdata*)))
                0x10ff564c                        . = ALIGN (0x4)

.ARM.extab
 *(.ARM.extab* .gnu.linkonce.armextab.*)
                0x10ff564c                        __exidx_start = .

.ARM.exidx
 *(.ARM.exidx* .gnu.linkonce.armexidx.*)
                0x10ff564c                        __exidx_end = .
                0x10ff564c                        . = ALIGN (0x4)
                0x10ff564c                        __binary_info_start = .

.binary_info    0x10ff564c       0x20
 *(.binary_info.keep.*)
 .binary_info.keep.__bi_ptr84
                0x10ff564c        0x4 CMakeFiles/DAWGkit.dir/C_/Users/Andy/Documents/Code/DAWG-Kit/DAWGkit-RP2040/pico-sdk/src/rp2_common/pico_standard_binary_info/standard_binary_info.c.obj
 .binary_info.keep.__bi_ptr78
                0x10ff5650        0x4 CMakeFiles/DAWGkit.dir/C_/Users/Andy/Documents/Code/DAWG-Kit/DAWGkit-RP2040/pico-sdk/src/rp2_common/pico_standard_binary_info/standard_binary_info.c.obj
 .binary_info.keep.__bi_ptr54
                0x10ff5654        0x4 CMakeFiles/DAWGkit.dir/C_/Users/Andy/Documents/Code/DAWG-Kit/DAWGkit-RP2040/pico-sdk/src/rp2_common/pico_standard_binary_info/standard_binary_info.c.obj
 .binary_info.keep.__bi_ptr48
                0x10ff5658        0x4 CMakeFiles/DAWGkit.dir/C_/Users/Andy/Documents/Code/DAWG-Kit/DAWGkit-RP2040/pico-sdk/src/rp2_common/pico_standard_binary_info/standard_binary_info.c.obj
 .binary_info.keep.__bi_ptr42
                0x10ff565c        0x4 CMakeFiles/DAWGkit.dir/C_/Users/Andy/Documents/Code/DAWG-Kit/DAWGkit-RP2040/pico-sdk/src/rp2_common/pico_standard_binary_info/standard_binary_info.c.obj
 .binary_info.keep.__bi_ptr34
                0x10ff5660        0x4 CMakeFiles/DAWGkit.dir/C_/Users/Andy/Documents/Code/DAWG-Kit/DAWGkit-RP2040/pico-sdk/src/rp2_common/pico_standard_binary_info/standard_binary_info.c.obj
 .binary_info.keep.__bi_ptr26
                0x10ff5664        0x4 CMakeFiles/DAWGkit.dir/C_/Users/Andy/Documents/Code/DAWG-Kit/DAWGkit-RP2040/pico-sdk/src/rp2_common/pico_standard_binary_info/standard_binary_info.c.obj
 *(.binary_info.*)
 .binary_info.__bi_ptr202
                0x10ff5668        0x4 CMakeFiles/DAWGkit.dir/C_/Users/Andy/Documents/Code/DAWG-Kit/DAWGkit-RP2040/pico-sdk/src/rp2_common/pico_stdio_usb/stdio_usb.c.obj
                0x10ff566c                        __binary_info_end = .
                0x10ff566c                        . = ALIGN (0x4)

.ram_vector_table
                0x20000000       0xc0
 *(.ram_vector_table)
 .ram_vector_table
                0x20000000       0xc0 CMakeFiles/DAWGkit.dir/C_/Users/Andy/Documents/Code/DAWG-Kit/DAWGkit-RP2040/pico-sdk/src/rp2_common/pico_runtime_init/runtime_init.c.obj
                0x20000000                ram_vector_table

.data           0x200000c0     0x1684 load address 0x10ff566c
                0x200000c0                        __data_start__ = .
 *(vtable)
 *(.time_critical*)
 .time_critical.mutex_try_enter
                0x200000c0       0x40 CMakeFiles/DAWGkit.dir/C_/Users/Andy/Documents/Code/DAWG-Kit/DAWGkit-RP2040/pico-sdk/src/common/pico_sync/mutex.c.obj
                0x200000c0                mutex_try_enter
 .time_critical.mutex_try_enter_block_until
                0x20000100       0x9c CMakeFiles/DAWGkit.dir/C_/Users/Andy/Documents/Code/DAWG-Kit/DAWGkit-RP2040/pico-sdk/src/common/pico_sync/mutex.c.obj
                0x20000100                mutex_try_enter_block_until
 .time_critical.mutex_enter_timeout_ms
                0x2000019c       0x90 CMakeFiles/DAWGkit.dir/C_/Users/Andy/Documents/Code/DAWG-Kit/DAWGkit-RP2040/pico-sdk/src/common/pico_sync/mutex.c.obj
                0x2000019c                mutex_enter_timeout_ms
 .time_critical.mutex_exit
                0x2000022c       0x28 CMakeFiles/DAWGkit.dir/C_/Users/Andy/Documents/Code/DAWG-Kit/DAWGkit-RP2040/pico-sdk/src/common/pico_sync/mutex.c.obj
                0x2000022c                mutex_exit
 .time_critical.flash_init_boot2_copyout
                0x20000254       0x30 CMakeFiles/DAWGkit.dir/C_/Users/Andy/Documents/Code/DAWG-Kit/DAWGkit-RP2040/pico-sdk/src/rp2_common/hardware_flash/flash.c.obj
 .time_critical.flash_enable_xip_via_boot2
                0x20000284        0xc CMakeFiles/DAWGkit.dir/C_/Users/Andy/Documents/Code/DAWG-Kit/DAWGkit-RP2040/pico-sdk/src/rp2_common/hardware_flash/flash.c.obj
 .time_critical.flash_save_hardware_state
                0x20000290       0x20 CMakeFiles/DAWGkit.dir/C_/Users/Andy/Documents/Code/DAWG-Kit/DAWGkit-RP2040/pico-sdk/src/rp2_common/hardware_flash/flash.c.obj
 .time_critical.flash_restore_hardware_state
                0x200002b0       0x20 CMakeFiles/DAWGkit.dir/C_/Users/Andy/Documents/Code/DAWG-Kit/DAWGkit-RP2040/pico-sdk/src/rp2_common/hardware_flash/flash.c.obj
 .time_critical.flash_cs_force
                0x200002d0       0x38 CMakeFiles/DAWGkit.dir/C_/Users/Andy/Documents/Code/DAWG-Kit/DAWGkit-RP2040/pico-sdk/src/rp2_common/hardware_flash/flash.c.obj
 .time_critical.flash_range_erase
                0x20000308       0x90 CMakeFiles/DAWGkit.dir/C_/Users/Andy/Documents/Code/DAWG-Kit/DAWGkit-RP2040/pico-sdk/src/rp2_common/hardware_flash/flash.c.obj
                0x20000308                flash_range_erase
 .time_critical.flash_range_program
                0x20000398       0x90 CMakeFiles/DAWGkit.dir/C_/Users/Andy/Documents/Code/DAWG-Kit/DAWGkit-RP2040/pico-sdk/src/rp2_common/hardware_flash/flash.c.obj
                0x20000398                flash_range_program
 .time_critical.flash_do_cmd
                0x20000428       0xd0 CMakeFiles/DAWGkit.dir/C_/Users/Andy/Documents/Code/DAWG-Kit/DAWGkit-RP2040/pico-sdk/src/rp2_common/hardware_flash/flash.c.obj
                0x20000428                flash_do_cmd
 .time_critical.reset_non_control_endpoints
                0x200004f8       0x68 CMakeFiles/DAWGkit.dir/C_/Users/Andy/Documents/Code/DAWG-Kit/DAWGkit-RP2040/pico-sdk/lib/tinyusb/src/portable/raspberrypi/rp2040/dcd_rp2040.c.obj
 .time_critical.hw_handle_buff_status
                0x20000560       0xa0 CMakeFiles/DAWGkit.dir/C_/Users/Andy/Documents/Code/DAWG-Kit/DAWGkit-RP2040/pico-sdk/lib/tinyusb/src/portable/raspberrypi/rp2040/dcd_rp2040.c.obj
 .time_critical.dcd_rp2040_irq
                0x20000600      0x544 CMakeFiles/DAWGkit.dir/C_/Users/Andy/Documents/Code/DAWG-Kit/DAWGkit-RP2040/pico-sdk/lib/tinyusb/src/portable/raspberrypi/rp2040/dcd_rp2040.c.obj
 .time_critical.prepare_ep_buffer
                0x20000b44       0xe0 CMakeFiles/DAWGkit.dir/C_/Users/Andy/Documents/Code/DAWG-Kit/DAWGkit-RP2040/pico-sdk/lib/tinyusb/src/portable/raspberrypi/rp2040/rp2040_usb.c.obj
 .time_critical.sync_ep_buffer
                0x20000c24       0xa8 CMakeFiles/DAWGkit.dir/C_/Users/Andy/Documents/Code/DAWG-Kit/DAWGkit-RP2040/pico-sdk/lib/tinyusb/src/portable/raspberrypi/rp2040/rp2040_usb.c.obj
 .time_critical._hw_endpoint_xfer_sync
                0x20000ccc       0x28 CMakeFiles/DAWGkit.dir/C_/Users/Andy/Documents/Code/DAWG-Kit/DAWGkit-RP2040/pico-sdk/lib/tinyusb/src/portable/raspberrypi/rp2040/rp2040_usb.c.obj
 .time_critical.e15_is_bulkin_ep
                0x20000cf4       0x28 CMakeFiles/DAWGkit.dir/C_/Users/Andy/Documents/Code/DAWG-Kit/DAWGkit-RP2040/pico-sdk/lib/tinyusb/src/portable/raspberrypi/rp2040/rp2040_usb.c.obj
 .time_critical.e15_is_critical_frame_period
                0x20000d1c       0x34 CMakeFiles/DAWGkit.dir/C_/Users/Andy/Documents/Code/DAWG-Kit/DAWGkit-RP2040/pico-sdk/lib/tinyusb/src/portable/raspberrypi/rp2040/rp2040_usb.c.obj
 .time_critical.hw_endpoint_reset_transfer
                0x20000d50        0xc CMakeFiles/DAWGkit.dir/C_/Users/Andy/Documents/Code/DAWG-Kit/DAWGkit-RP2040/pico-sdk/lib/tinyusb/src/portable/raspberrypi/rp2040/rp2040_usb.c.obj
                0x20000d50                hw_endpoint_reset_transfer
 .time_critical._hw_endpoint_buffer_control_update32
                0x20000d5c       0x50 CMakeFiles/DAWGkit.dir/C_/Users/Andy/Documents/Code/DAWG-Kit/DAWGkit-RP2040/pico-sdk/lib/tinyusb/src/portable/raspberrypi/rp2040/rp2040_usb.c.obj
                0x20000d5c                _hw_endpoint_buffer_control_update32
 .time_critical.hw_endpoint_start_next_buffer
                0x20000dac       0x6c CMakeFiles/DAWGkit.dir/C_/Users/Andy/Documents/Code/DAWG-Kit/DAWGkit-RP2040/pico-sdk/lib/tinyusb/src/portable/raspberrypi/rp2040/rp2040_usb.c.obj
                0x20000dac                hw_endpoint_start_next_buffer
 .time_critical.hw_endpoint_xfer_continue
                0x20000e18       0x40 CMakeFiles/DAWGkit.dir/C_/Users/Andy/Documents/Code/DAWG-Kit/DAWGkit-RP2040/pico-sdk/lib/tinyusb/src/portable/raspberrypi/rp2040/rp2040_usb.c.obj
                0x20000e18                hw_endpoint_xfer_continue
 .time_critical.tinyusb
                0x20000e58      0x1e4 CMakeFiles/DAWGkit.dir/C_/Users/Andy/Documents/Code/DAWG-Kit/DAWGkit-RP2040/pico-sdk/lib/tinyusb/src/device/usbd.c.obj
                0x20000e58                dcd_event_handler
 *(.text*)
 .text          0x2000103c        0x4 C:/msys64/ucrt64/bin/../lib/gcc/arm-none-eabi/13.3.0/thumb/v6-m/nofp\libgcc.a(_dvmd_tls.o)
                0x2000103c                __aeabi_idiv0
                0x2000103c                __aeabi_ldiv0
 .text.__stub   0x20001040       0x90 linker stubs
                0x200010d0                        . = ALIGN (0x4)
 *(.rodata*)
                0x200010d0                        . = ALIGN (0x4)
 *(.data*)
 .data.striped_spin_lock_num
                0x200010d0        0x1 CMakeFiles/DAWGkit.dir/C_/Users/Andy/Documents/Code/DAWG-Kit/DAWGkit-RP2040/pico-sdk/src/rp2_common/hardware_sync/sync.c.obj
 *fill*         0x200010d1        0x3 
 .data          0x200010d4       0x48 CMakeFiles/DAWGkit.dir/C_/Users/Andy/Documents/Code/DAWG-Kit/DAWGkit-RP2040/pico-sdk/src/rp2_common/hardware_irq/irq_handler_chain.S.obj
                0x200010d4                irq_handler_chain_slots
                0x20001104                irq_handler_chain_first_slot
                0x2000110e                irq_handler_chain_remove_tail
 .data.default_alarm_pool
                0x2000111c       0x18 CMakeFiles/DAWGkit.dir/C_/Users/Andy/Documents/Code/DAWG-Kit/DAWGkit-RP2040/pico-sdk/src/common/pico_time/time.c.obj
 *fill*         0x20001134        0xc 
 .data.aeabi_bits_funcs
                0x20001140       0x10 CMakeFiles/DAWGkit.dir/C_/Users/Andy/Documents/Code/DAWG-Kit/DAWGkit-RP2040/pico-sdk/src/rp2_common/pico_bit_ops/bit_ops_aeabi.S.obj
                0x20001140                aeabi_bits_funcs
                0x20001150                aeabi_bits_funcs_end
 .data.aeabi_mem_funcs
                0x20001150       0x10 CMakeFiles/DAWGkit.dir/C_/Users/Andy/Documents/Code/DAWG-Kit/DAWGkit-RP2040/pico-sdk/src/rp2_common/pico_mem_ops/mem_ops_aeabi.S.obj
                0x20001150                aeabi_mem_funcs
                0x20001160                aeabi_mem_funcs_end
 .data.stdio_usb
                0x20001160       0x18 CMakeFiles/DAWGkit.dir/C_/Users/Andy/Documents/Code/DAWG-Kit/DAWGkit-RP2040/pico-sdk/src/rp2_common/pico_stdio_usb/stdio_usb.c.obj
                0x20001160                stdio_usb
 .data._usbd_qdef
                0x20001178       0x1c CMakeFiles/DAWGkit.dir/C_/Users/Andy/Documents/Code/DAWG-Kit/DAWGkit-RP2040/pico-sdk/lib/tinyusb/src/device/usbd.c.obj
                0x20001178                _usbd_qdef
 .data._usbd_rhport
                0x20001194        0x1 CMakeFiles/DAWGkit.dir/C_/Users/Andy/Documents/Code/DAWG-Kit/DAWGkit-RP2040/pico-sdk/lib/tinyusb/src/device/usbd.c.obj
 *fill*         0x20001195        0x3 
 .data          0x20001198      0x410 C:/msys64/ucrt64/bin/../lib/gcc/arm-none-eabi/13.3.0/../../../../arm-none-eabi/lib/thumb/v6-m/nofp\libg.a(libc_a-mallocr.o)
                0x20001198                __malloc_sbrk_base
                0x2000119c                __malloc_trim_threshold
                0x200011a0                __malloc_av_
 .data          0x200015a8      0x148 C:/msys64/ucrt64/bin/../lib/gcc/arm-none-eabi/13.3.0/../../../../arm-none-eabi/lib/thumb/v6-m/nofp\libg.a(libc_a-impure.o)
                0x200015a8                _impure_ptr
                0x200015b0                _impure_data
 .data          0x200016f0        0x4 C:/msys64/ucrt64/bin/../lib/gcc/arm-none-eabi/13.3.0/../../../../arm-none-eabi/lib/thumb/v6-m/nofp\libg.a(libc_a-__call_atexit.o)
                0x200016f0                __atexit_recursive_mutex
                0x200016f4                        . = ALIGN (0x4)
 *(.after_data.*)
                0x200016f4                        . = ALIGN (0x4)
                0x200016f4                        PROVIDE (__mutex_array_start = .)
 *(SORT_BY_NAME(.mutex_array.*))
 *(.mutex_array)
 .mutex_array   0x200016f4        0x8 CMakeFiles/DAWGkit.dir/C_/Users/Andy/Documents/Code/DAWG-Kit/DAWGkit-RP2040/pico-sdk/src/rp2_common/pico_stdio/stdio.c.obj
                0x200016fc                        PROVIDE (__mutex_array_end = .)
                0x200016fc                        . = ALIGN (0x4)
                0x200016fc                        PROVIDE (__preinit_array_start = .)
 *(SORT_BY_NAME(.preinit_array.*))
 .preinit_array.00100
                0x200016fc        0x4 CMakeFiles/DAWGkit.dir/C_/Users/Andy/Documents/Code/DAWG-Kit/DAWGkit-RP2040/pico-sdk/src/rp2_common/pico_runtime_init/runtime_init.c.obj
                0x200016fc                __pre_init_runtime_init_early_resets
 .preinit_array.00101
                0x20001700        0x4 CMakeFiles/DAWGkit.dir/C_/Users/Andy/Documents/Code/DAWG-Kit/DAWGkit-RP2040/pico-sdk/src/rp2_common/pico_runtime_init/runtime_init.c.obj
                0x20001700                __pre_init_runtime_init_usb_power_down
 .preinit_array.00275
                0x20001704        0x4 CMakeFiles/DAWGkit.dir/C_/Users/Andy/Documents/Code/DAWG-Kit/DAWGkit-RP2040/pico-sdk/src/rp2_common/pico_bit_ops/bit_ops_aeabi.S.obj
 .preinit_array.00300
                0x20001708        0x4 CMakeFiles/DAWGkit.dir/C_/Users/Andy/Documents/Code/DAWG-Kit/DAWGkit-RP2040/pico-sdk/src/rp2_common/pico_mem_ops/mem_ops_aeabi.S.obj
 .preinit_array.00350
                0x2000170c        0x4 CMakeFiles/DAWGkit.dir/C_/Users/Andy/Documents/Code/DAWG-Kit/DAWGkit-RP2040/pico-sdk/src/rp2_common/pico_double/double_aeabi_rp2040.S.obj
 .preinit_array.00350
                0x20001710        0x4 CMakeFiles/DAWGkit.dir/C_/Users/Andy/Documents/Code/DAWG-Kit/DAWGkit-RP2040/pico-sdk/src/rp2_common/pico_float/float_aeabi_rp2040.S.obj
 .preinit_array.00500
                0x20001714        0x4 CMakeFiles/DAWGkit.dir/C_/Users/Andy/Documents/Code/DAWG-Kit/DAWGkit-RP2040/pico-sdk/src/rp2_common/pico_runtime_init/runtime_init.c.obj
                0x20001714                __pre_init_runtime_init_clocks
 .preinit_array.00600
                0x20001718        0x4 CMakeFiles/DAWGkit.dir/C_/Users/Andy/Documents/Code/DAWG-Kit/DAWGkit-RP2040/pico-sdk/src/rp2_common/pico_runtime_init/runtime_init.c.obj
                0x20001718                __pre_init_runtime_init_post_clock_resets
 .preinit_array.00700
                0x2000171c        0x4 CMakeFiles/DAWGkit.dir/C_/Users/Andy/Documents/Code/DAWG-Kit/DAWGkit-RP2040/pico-sdk/src/rp2_common/pico_runtime_init/runtime_init.c.obj
                0x2000171c                __pre_init_runtime_init_rp2040_gpio_ie_disable
 .preinit_array.01000
                0x20001720        0x4 CMakeFiles/DAWGkit.dir/C_/Users/Andy/Documents/Code/DAWG-Kit/DAWGkit-RP2040/pico-sdk/src/rp2_common/pico_runtime_init/runtime_init.c.obj
                0x20001720                __pre_init_runtime_init_spin_locks_reset
 .preinit_array.01100
                0x20001724        0x4 CMakeFiles/DAWGkit.dir/C_/Users/Andy/Documents/Code/DAWG-Kit/DAWGkit-RP2040/pico-sdk/src/common/pico_sync/mutex.c.obj
                0x20001724                __pre_init_runtime_init_mutex
 .preinit_array.10080
                0x20001728        0x4 CMakeFiles/DAWGkit.dir/C_/Users/Andy/Documents/Code/DAWG-Kit/DAWGkit-RP2040/pico-sdk/src/rp2_common/pico_runtime_init/runtime_init.c.obj
                0x20001728                __pre_init_runtime_init_install_ram_vector_table
 .preinit_array.11000
                0x2000172c        0x4 CMakeFiles/DAWGkit.dir/C_/Users/Andy/Documents/Code/DAWG-Kit/DAWGkit-RP2040/pico-sdk/src/common/pico_time/time.c.obj
                0x2000172c                __pre_init_runtime_init_default_alarm_pool
 .preinit_array.YYYYY
                0x20001730        0x4 CMakeFiles/DAWGkit.dir/C_/Users/Andy/Documents/Code/DAWG-Kit/DAWGkit-RP2040/pico-sdk/src/rp2_common/pico_runtime/runtime.c.obj
                0x20001730                __pre_init_first_per_core_initializer
 .preinit_array.ZZZZZ.01200
                0x20001734        0x4 CMakeFiles/DAWGkit.dir/C_/Users/Andy/Documents/Code/DAWG-Kit/DAWGkit-RP2040/pico-sdk/src/rp2_common/hardware_irq/irq.c.obj
                0x20001734                __pre_init_runtime_init_per_core_irq_priorities
 *(.preinit_array)
                0x20001738                        PROVIDE (__preinit_array_end = .)
                0x20001738                        . = ALIGN (0x4)
                0x20001738                        PROVIDE (__init_array_start = .)
 *(SORT_BY_NAME(.init_array.*))
 .init_array.00000
                0x20001738        0x4 C:/msys64/ucrt64/bin/../lib/gcc/arm-none-eabi/13.3.0/../../../../arm-none-eabi/lib/thumb/v6-m/nofp\libg.a(libc_a-__call_atexit.o)
 .init_array.01000
                0x2000173c        0x4 CMakeFiles/DAWGkit.dir/C_/Users/Andy/Documents/Code/DAWG-Kit/DAWGkit-RP2040/pico-sdk/src/rp2_common/pico_unique_id/unique_id.c.obj
 *(.init_array)
 .init_array    0x20001740        0x4 C:/msys64/ucrt64/bin/../lib/gcc/arm-none-eabi/13.3.0/thumb/v6-m/nofp/crtbegin.o
                0x20001744                        PROVIDE (__init_array_end = .)
                0x20001744                        . = ALIGN (0x4)
                0x20001744                        PROVIDE (__fini_array_start = .)
 *(SORT_BY_NAME(.fini_array.*))
 *(.fini_array)
                0x20001744                        PROVIDE (__fini_array_end = .)
 *(.jcr)
                0x20001744                        . = ALIGN (0x4)
                0x20001744                        __data_end__ = .
                0x10ff566c                        __etext = LOADADDR (.data)

.igot.plt       0x20001744        0x0 load address 0x10ff6cf0
 .igot.plt      0x20001744        0x0 C:/msys64/ucrt64/bin/../lib/gcc/arm-none-eabi/13.3.0/thumb/v6-m/nofp/crtbegin.o

.uninitialized_data
                0x20001744        0x0 load address 0x10ff6cf0
                0x20001744                        . = ALIGN (0x4)
 *(.uninitialized_data*)

.scratch_x      0x20040000        0x0 load address 0x10ff6cf0
                0x20040000                        __scratch_x_start__ = .
 *(.scratch_x.*)
                0x20040000                        . = ALIGN (0x4)
                0x20040000                        __scratch_x_end__ = .
                0x10ff6cf0                        __scratch_x_source__ = LOADADDR (.scratch_x)

.scratch_y      0x20041000        0x0 load address 0x10ff6cf0
                0x20041000                        __scratch_y_start__ = .
 *(.scratch_y.*)
                0x20041000                        . = ALIGN (0x4)
                0x20041000                        __scratch_y_end__ = .
                0x10ff6cf0                        __scratch_y_source__ = LOADADDR (.scratch_y)

.bss            0x20001748     0x1228
                0x20001748                        . = ALIGN (0x4)
                0x20001748                        __bss_start__ = .
 *(SORT_BY_ALIGNMENT(SORT_BY_NAME(.bss*)))
 .bss.default_alarm_pool_entries
                0x20001748      0x180 CMakeFiles/DAWGkit.dir/C_/Users/Andy/Documents/Code/DAWG-Kit/DAWGkit-RP2040/pico-sdk/src/common/pico_time/time.c.obj
 .bss.last_avail_time.1
                0x200018c8        0x8 CMakeFiles/DAWGkit.dir/C_/Users/Andy/Documents/Code/DAWG-Kit/DAWGkit-RP2040/pico-sdk/src/rp2_common/pico_stdio_usb/stdio_usb.c.obj
 .bss.sd_table  0x200018d0      0x100 CMakeFiles/DAWGkit.dir/C_/Users/Andy/Documents/Code/DAWG-Kit/DAWGkit-RP2040/pico-sdk/src/rp2_common/pico_double/double_init_rom_rp2040.c.obj
                0x200018d0                sd_table
 .bss.sf_table  0x200019d0      0x100 CMakeFiles/DAWGkit.dir/C_/Users/Andy/Documents/Code/DAWG-Kit/DAWGkit-RP2040/pico-sdk/src/rp2_common/pico_float/float_init_rom_rp2040.c.obj
                0x200019d0                sf_table
 .bss           0x20001ad0       0x34 C:/msys64/ucrt64/bin/../lib/gcc/arm-none-eabi/13.3.0/../../../../arm-none-eabi/lib/thumb/v6-m/nofp\libg.a(libc_a-mallocr.o)
                0x20001ad0                __malloc_top_pad
                0x20001ad4                __malloc_current_mallinfo
                0x20001afc                __malloc_max_sbrked_mem
                0x20001b00                __malloc_max_total_mem
 .bss           0x20001b04       0x1d C:/msys64/ucrt64/bin/../lib/gcc/arm-none-eabi/13.3.0/../../../../arm-none-eabi/lib/thumb/v6-m/nofp\libg.a(libc_a-lock.o)
                0x20001b04                __lock___arc4random_mutex
                0x20001b08                __lock___dd_hash_mutex
                0x20001b0c                __lock___tz_mutex
                0x20001b10                __lock___env_recursive_mutex
                0x20001b14                __lock___malloc_recursive_mutex
                0x20001b18                __lock___at_quick_exit_mutex
                0x20001b1c                __lock___atexit_recursive_mutex
                0x20001b20                __lock___sfp_recursive_mutex
 *fill*         0x20001b21        0x3 
 .bss           0x20001b24      0x190 C:/msys64/ucrt64/bin/../lib/gcc/arm-none-eabi/13.3.0/../../../../arm-none-eabi/lib/thumb/v6-m/nofp\libg.a(libc_a-__atexit.o)
                0x20001b24                __atexit0
 .bss           0x20001cb4        0x4 C:/msys64/ucrt64/bin/../lib/gcc/arm-none-eabi/13.3.0/../../../../arm-none-eabi/lib/thumb/v6-m/nofp\libg.a(libc_a-__call_atexit.o)
                0x20001cb4                __atexit
 .bss           0x20001cb8      0x13c C:/msys64/ucrt64/bin/../lib/gcc/arm-none-eabi/13.3.0/../../../../arm-none-eabi/lib/thumb/v6-m/nofp\libg.a(libc_a-findfp.o)
                0x20001cb8                __stdio_exit_handler
                0x20001cbc                __sf
 .bss           0x20001df4        0x4 C:/msys64/ucrt64/bin/../lib/gcc/arm-none-eabi/13.3.0/../../../../arm-none-eabi/lib/thumb/v6-m/nofp\libg.a(libc_a-reent.o)
                0x20001df4                errno
 .bss._app_driver
                0x20001df8        0x4 CMakeFiles/DAWGkit.dir/C_/Users/Andy/Documents/Code/DAWG-Kit/DAWGkit-RP2040/pico-sdk/lib/tinyusb/src/device/usbd.c.obj
 .bss._cdcd_epbuf
                0x20001dfc       0x80 CMakeFiles/DAWGkit.dir/C_/Users/Andy/Documents/Code/DAWG-Kit/DAWGkit-RP2040/pico-sdk/lib/tinyusb/src/class/cdc/cdc_device.c.obj
 .bss._cdcd_fifo_cfg
                0x20001e7c        0x1 CMakeFiles/DAWGkit.dir/C_/Users/Andy/Documents/Code/DAWG-Kit/DAWGkit-RP2040/pico-sdk/lib/tinyusb/src/class/cdc/cdc_device.c.obj
 *fill*         0x20001e7d        0x3 
 .bss._cdcd_itf
                0x20001e80       0xc8 CMakeFiles/DAWGkit.dir/C_/Users/Andy/Documents/Code/DAWG-Kit/DAWGkit-RP2040/pico-sdk/lib/tinyusb/src/class/cdc/cdc_device.c.obj
 .bss._ctrl_epbuf
                0x20001f48       0x40 CMakeFiles/DAWGkit.dir/C_/Users/Andy/Documents/Code/DAWG-Kit/DAWGkit-RP2040/pico-sdk/lib/tinyusb/src/device/usbd_control.c.obj
 .bss._ctrl_xfer
                0x20001f88       0x14 CMakeFiles/DAWGkit.dir/C_/Users/Andy/Documents/Code/DAWG-Kit/DAWGkit-RP2040/pico-sdk/lib/tinyusb/src/device/usbd_control.c.obj
 .bss._tusb_rhport_role
                0x20001f9c        0x2 CMakeFiles/DAWGkit.dir/C_/Users/Andy/Documents/Code/DAWG-Kit/DAWGkit-RP2040/pico-sdk/lib/tinyusb/src/tusb.c.obj
                0x20001f9c                _tusb_rhport_role
 *fill*         0x20001f9e        0x2 
 .bss._ubsd_mutexdef
                0x20001fa0        0x8 CMakeFiles/DAWGkit.dir/C_/Users/Andy/Documents/Code/DAWG-Kit/DAWGkit-RP2040/pico-sdk/lib/tinyusb/src/device/usbd.c.obj
 .bss._usbd_dev
                0x20001fa8       0x54 CMakeFiles/DAWGkit.dir/C_/Users/Andy/Documents/Code/DAWG-Kit/DAWGkit-RP2040/pico-sdk/lib/tinyusb/src/device/usbd.c.obj
 .bss._usbd_mutex
                0x20001ffc        0x4 CMakeFiles/DAWGkit.dir/C_/Users/Andy/Documents/Code/DAWG-Kit/DAWGkit-RP2040/pico-sdk/lib/tinyusb/src/device/usbd.c.obj
 .bss._usbd_q   0x20002000        0x4 CMakeFiles/DAWGkit.dir/C_/Users/Andy/Documents/Code/DAWG-Kit/DAWGkit-RP2040/pico-sdk/lib/tinyusb/src/device/usbd.c.obj
 .bss._usbd_qdef_buf
                0x20002004       0xc0 CMakeFiles/DAWGkit.dir/C_/Users/Andy/Documents/Code/DAWG-Kit/DAWGkit-RP2040/pico-sdk/lib/tinyusb/src/device/usbd.c.obj
                0x20002004                _usbd_qdef_buf
 .bss._vendord_epbuf
                0x200020c4       0x80 CMakeFiles/DAWGkit.dir/C_/Users/Andy/Documents/Code/DAWG-Kit/DAWGkit-RP2040/pico-sdk/lib/tinyusb/src/class/vendor/vendor_device.c.obj
 .bss._vendord_itf
                0x20002144      0x24c CMakeFiles/DAWGkit.dir/C_/Users/Andy/Documents/Code/DAWG-Kit/DAWGkit-RP2040/pico-sdk/lib/tinyusb/src/class/vendor/vendor_device.c.obj
 .bss.boot2_copyout
                0x20002390      0x100 CMakeFiles/DAWGkit.dir/C_/Users/Andy/Documents/Code/DAWG-Kit/DAWGkit-RP2040/pico-sdk/src/rp2_common/hardware_flash/flash.c.obj
 .bss.chars_available_callback
                0x20002490        0x4 CMakeFiles/DAWGkit.dir/C_/Users/Andy/Documents/Code/DAWG-Kit/DAWGkit-RP2040/pico-sdk/src/rp2_common/pico_stdio_usb/stdio_usb.c.obj
 .bss.chars_available_param
                0x20002494        0x4 CMakeFiles/DAWGkit.dir/C_/Users/Andy/Documents/Code/DAWG-Kit/DAWGkit-RP2040/pico-sdk/src/rp2_common/pico_stdio_usb/stdio_usb.c.obj
 .bss.claimed   0x20002498        0x4 CMakeFiles/DAWGkit.dir/C_/Users/Andy/Documents/Code/DAWG-Kit/DAWGkit-RP2040/pico-sdk/src/rp2_common/hardware_sync/sync.c.obj
 .bss.claimed   0x2000249c        0x1 CMakeFiles/DAWGkit.dir/C_/Users/Andy/Documents/Code/DAWG-Kit/DAWGkit-RP2040/pico-sdk/src/rp2_common/hardware_timer/timer.c.obj
 *fill*         0x2000249d        0x3 
 .bss.configured_freq
                0x200024a0       0x28 CMakeFiles/DAWGkit.dir/C_/Users/Andy/Documents/Code/DAWG-Kit/DAWGkit-RP2040/pico-sdk/src/rp2_common/hardware_clocks/clocks.c.obj
 .bss.desc_str.0
                0x200024c8       0x28 CMakeFiles/DAWGkit.dir/C_/Users/Andy/Documents/Code/DAWG-Kit/DAWGkit-RP2040/pico-sdk/src/rp2_common/pico_stdio_usb/stdio_usb_descriptors.c.obj
 .bss.drivers   0x200024f0        0x4 CMakeFiles/DAWGkit.dir/C_/Users/Andy/Documents/Code/DAWG-Kit/DAWGkit-RP2040/pico-sdk/src/rp2_common/pico_stdio/stdio.c.obj
 .bss.e15_last_sof
                0x200024f4        0x4 CMakeFiles/DAWGkit.dir/C_/Users/Andy/Documents/Code/DAWG-Kit/DAWGkit-RP2040/pico-sdk/lib/tinyusb/src/portable/raspberrypi/rp2040/rp2040_usb.c.obj
                0x200024f4                e15_last_sof
 .bss.filter    0x200024f8        0x4 CMakeFiles/DAWGkit.dir/C_/Users/Andy/Documents/Code/DAWG-Kit/DAWGkit-RP2040/pico-sdk/src/rp2_common/pico_stdio/stdio.c.obj
 .bss.heap_end.0
                0x200024fc        0x4 CMakeFiles/DAWGkit.dir/C_/Users/Andy/Documents/Code/DAWG-Kit/DAWGkit-RP2040/pico-sdk/src/rp2_common/pico_clib_interface/newlib_interface.c.obj
 .bss.hw_endpoints
                0x20002500      0x400 CMakeFiles/DAWGkit.dir/C_/Users/Andy/Documents/Code/DAWG-Kit/DAWGkit-RP2040/pico-sdk/lib/tinyusb/src/portable/raspberrypi/rp2040/dcd_rp2040.c.obj
 .bss.lazy_vsnprintf
                0x20002900        0x4 CMakeFiles/DAWGkit.dir/C_/Users/Andy/Documents/Code/DAWG-Kit/DAWGkit-RP2040/pico-sdk/src/rp2_common/pico_printf/printf.c.obj
 .bss.load_value
                0x20002904        0x4 CMakeFiles/DAWGkit.dir/C_/Users/Andy/Documents/Code/DAWG-Kit/DAWGkit-RP2040/pico-sdk/src/rp2_common/hardware_watchdog/watchdog.c.obj
 .bss.next_buffer_ptr
                0x20002908        0x4 CMakeFiles/DAWGkit.dir/C_/Users/Andy/Documents/Code/DAWG-Kit/DAWGkit-RP2040/pico-sdk/lib/tinyusb/src/portable/raspberrypi/rp2040/dcd_rp2040.c.obj
 .bss.object.0  0x2000290c       0x18 C:/msys64/ucrt64/bin/../lib/gcc/arm-none-eabi/13.3.0/thumb/v6-m/nofp/crtbegin.o
 .bss.one_shot_timer_crit_sec
                0x20002924        0x8 CMakeFiles/DAWGkit.dir/C_/Users/Andy/Documents/Code/DAWG-Kit/DAWGkit-RP2040/pico-sdk/src/rp2_common/pico_stdio_usb/stdio_usb.c.obj
 .bss.pools     0x2000292c       0x10 CMakeFiles/DAWGkit.dir/C_/Users/Andy/Documents/Code/DAWG-Kit/DAWGkit-RP2040/pico-sdk/src/common/pico_time/time.c.obj
 .bss.retrieved_id
                0x2000293c        0x8 CMakeFiles/DAWGkit.dir/C_/Users/Andy/Documents/Code/DAWG-Kit/DAWGkit-RP2040/pico-sdk/src/rp2_common/pico_unique_id/unique_id.c.obj
 .bss.sf_clz_func
                0x20002944        0x4 CMakeFiles/DAWGkit.dir/C_/Users/Andy/Documents/Code/DAWG-Kit/DAWGkit-RP2040/pico-sdk/src/rp2_common/pico_double/double_init_rom_rp2040.c.obj
                0x20002944                sf_clz_func
 .bss.sleep_notifier
                0x20002948        0x4 CMakeFiles/DAWGkit.dir/C_/Users/Andy/Documents/Code/DAWG-Kit/DAWGkit-RP2040/pico-sdk/src/common/pico_time/time.c.obj
 .bss.stdio_usb_mutex
                0x2000294c        0x8 CMakeFiles/DAWGkit.dir/C_/Users/Andy/Documents/Code/DAWG-Kit/DAWGkit-RP2040/pico-sdk/src/rp2_common/pico_stdio_usb/stdio_usb.c.obj
 .bss.usbd_serial_str
                0x20002954       0x11 CMakeFiles/DAWGkit.dir/C_/Users/Andy/Documents/Code/DAWG-Kit/DAWGkit-RP2040/pico-sdk/src/rp2_common/pico_stdio_usb/stdio_usb_descriptors.c.obj
 .bss._app_driver_count
                0x20002965        0x1 CMakeFiles/DAWGkit.dir/C_/Users/Andy/Documents/Code/DAWG-Kit/DAWGkit-RP2040/pico-sdk/lib/tinyusb/src/device/usbd.c.obj
 .bss._sof_enable
                0x20002966        0x1 CMakeFiles/DAWGkit.dir/C_/Users/Andy/Documents/Code/DAWG-Kit/DAWGkit-RP2040/pico-sdk/lib/tinyusb/src/portable/raspberrypi/rp2040/dcd_rp2040.c.obj
 .bss._usbd_queued_setup
                0x20002967        0x1 CMakeFiles/DAWGkit.dir/C_/Users/Andy/Documents/Code/DAWG-Kit/DAWGkit-RP2040/pico-sdk/lib/tinyusb/src/device/usbd.c.obj
 .bss.boot2_copyout_valid
                0x20002968        0x1 CMakeFiles/DAWGkit.dir/C_/Users/Andy/Documents/Code/DAWG-Kit/DAWGkit-RP2040/pico-sdk/src/rp2_common/hardware_flash/flash.c.obj
 .bss.irq_handler_chain_free_slot_head
                0x20002969        0x1 CMakeFiles/DAWGkit.dir/C_/Users/Andy/Documents/Code/DAWG-Kit/DAWGkit-RP2040/pico-sdk/src/rp2_common/hardware_irq/irq.c.obj
 .bss.itf_num   0x2000296a        0x1 CMakeFiles/DAWGkit.dir/C_/Users/Andy/Documents/Code/DAWG-Kit/DAWGkit-RP2040/pico-sdk/src/rp2_common/pico_stdio_usb/reset_interface.c.obj
 .bss.low_priority_irq_num
                0x2000296b        0x1 CMakeFiles/DAWGkit.dir/C_/Users/Andy/Documents/Code/DAWG-Kit/DAWGkit-RP2040/pico-sdk/src/rp2_common/pico_stdio_usb/stdio_usb.c.obj
 .bss.one_shot_timer_pending
                0x2000296c        0x1 CMakeFiles/DAWGkit.dir/C_/Users/Andy/Documents/Code/DAWG-Kit/DAWGkit-RP2040/pico-sdk/src/rp2_common/pico_stdio_usb/stdio_usb.c.obj
 .bss.user_irq_claimed
                0x2000296d        0x1 CMakeFiles/DAWGkit.dir/C_/Users/Andy/Documents/Code/DAWG-Kit/DAWGkit-RP2040/pico-sdk/src/rp2_common/hardware_irq/irq.c.obj
 *(COMMON)
                0x20002970                        . = ALIGN (0x4)
 *fill*         0x2000296e        0x2 
                0x20002970                        __bss_end__ = .

.heap           0x20002970      0x800
                0x20002970                        __end__ = .
                0x20002970                        end = __end__
 *(.heap*)
 .heap          0x20002970      0x800 CMakeFiles/DAWGkit.dir/C_/Users/Andy/Documents/Code/DAWG-Kit/DAWGkit-RP2040/pico-sdk/src/rp2_common/pico_crt0/crt0.S.obj
                0x20003170                        __HeapLimit = .

.stack1_dummy
 *(.stack1*)

.stack_dummy    0x20041000      0x800
 *(.stack*)
 .stack         0x20041000      0x800 CMakeFiles/DAWGkit.dir/C_/Users/Andy/Documents/Code/DAWG-Kit/DAWGkit-RP2040/pico-sdk/src/rp2_common/pico_crt0/crt0.S.obj

.rel.dyn        0x20041800        0x0
 .rel.iplt      0x20041800        0x0 C:/msys64/ucrt64/bin/../lib/gcc/arm-none-eabi/13.3.0/thumb/v6-m/nofp/crtbegin.o

.flash_end      0x10ff6cf0        0x0
                0x10ff6cf0                        PROVIDE (__flash_binary_end = .)
                0x20040000                        __StackLimit = (ORIGIN (RAM) + LENGTH (RAM))
                0x20041000                        __StackOneTop = (ORIGIN (SCRATCH_X) + LENGTH (SCRATCH_X))
                0x20042000                        __StackTop = (ORIGIN (SCRATCH_Y) + LENGTH (SCRATCH_Y))
                0x20041000                        __StackOneBottom = (__StackOneTop - SIZEOF (.stack1_dummy))
                0x20041800                        __StackBottom = (__StackTop - SIZEOF (.stack_dummy))
                0x20042000                        PROVIDE (__stack = __StackTop)
                0x00000001                        ASSERT ((__StackLimit >= __HeapLimit), region RAM overflowed)
                0x00000001                        ASSERT (((__binary_info_header_end - __logical_binary_start) <= 0x100), Binary info must be in first 256 bytes of the binary)
LOAD CMakeFiles/DAWGkit.dir/boot3.c.obj