Archive member included to satisfy reference by file (symbol)

C:/msys64/ucrt64/bin/../lib/gcc/arm-none-eabi/13.3.0/thumb/v6-m/nofp\libgcc.a(_thumb1_case_shi.o)
                              CMakeFiles/DAWGkit.dir/C_/Users/Andy/Documents/Code/DAWG-Kit/DAWGkit-RP2040/pico-sdk/src/rp2_common/pico_printf/printf.c.obj (__gnu_thumb1_case_shi)
C:/msys64/ucrt64/bin/../lib/gcc/arm-none-eabi/13.3.0/thumb/v6-m/nofp\libgcc.a(_dvmd_tls.o)
                              CMakeFiles/DAWGkit.dir/C_/Users/Andy/Documents/Code/DAWG-Kit/DAWGkit-RP2040/pico-sdk/src/rp2_common/pico_divider/divider_hardware.S.obj (__aeabi_idiv0)
C:/msys64/ucrt64/bin/../lib/gcc/arm-none-eabi/13.3.0/thumb/v6-m/nofp\libgcc.a(_lshrdi3.o)
                              CMakeFiles/DAWGkit.dir/C_/Users/Andy/Documents/Code/DAWG-Kit/DAWGkit-RP2040/pico-sdk/src/rp2_common/hardware_gpio/gpio.c.obj (__aeabi_llsr)
C:/msys64/ucrt64/bin/../lib/gcc/arm-none-eabi/13.3.0/thumb/v6-m/nofp\libgcc.a(_ashldi3.o)
                              CMakeFiles/DAWGkit.dir/C_/Users/Andy/Documents/Code/DAWG-Kit/DAWGkit-RP2040/pico-sdk/src/rp2_common/pico_double/double_math.c.obj (__aeabi_llsl)
C:/msys64/ucrt64/bin/../lib/gcc/arm-none-eabi/13.3.0/../../../../arm-none-eabi/lib/thumb/v6-m/nofp\libg.a(libc_a-atexit.o)
                              C:/msys64/ucrt64/bin/../lib/gcc/arm-none-eabi/13.3.0/../../../../arm-none-eabi/lib/thumb/v6-m/nofp/crt0.o (atexit)
C:/msys64/ucrt64/bin/../lib/gcc/arm-none-eabi/13.3.0/../../../../arm-none-eabi/lib/thumb/v6-m/nofp\libg.a(libc_a-calloc.o)
                              CMakeFiles/DAWGkit.dir/C_/Users/Andy/Documents/Code/DAWG-Kit/DAWGkit-RP2040/pico-sdk/src/rp2_common/pico_malloc/malloc.c.obj (calloc)
C:/msys64/ucrt64/bin/../lib/gcc/arm-none-eabi/13.3.0/../../../../arm-none-eabi/lib/thumb/v6-m/nofp\libg.a(libc_a-callocr.o)
                              C:/msys64/ucrt64/bin/../lib/gcc/arm-none-eabi/13.3.0/../../../../arm-none-eabi/lib/thumb/v6-m/nofp\libg.a(libc_a-calloc.o) (_calloc_r)
C:/msys64/ucrt64/bin/../lib/gcc/arm-none-eabi/13.3.0/../../../../arm-none-eabi/lib/thumb/v6-m/nofp\libg.a(libc_a-malloc.o)
                              CMakeFiles/DAWGkit.dir/C_/Users/Andy/Documents/Code/DAWG-Kit/DAWGkit-RP2040/pico-sdk/src/rp2_common/pico_malloc/malloc.c.obj (malloc)
C:/msys64/ucrt64/bin/../lib/gcc/arm-none-eabi/13.3.0/../../../../arm-none-eabi/lib/thumb/v6-m/nofp\libg.a(libc_a-mallocr.o)
                              C:/msys64/ucrt64/bin/../lib/gcc/arm-none-eabi/13.3.0/../../../../arm-none-eabi/lib/thumb/v6-m/nofp\libg.a(libc_a-callocr.o) (_malloc_r)
C:/msys64/ucrt64/bin/../lib/gcc/arm-none-eabi/13.3.0/../../../../arm-none-eabi/lib/thumb/v6-m/nofp\libg.a(libc_a-mlock.o)
                              C:/msys64/ucrt64/bin/../lib/gcc/arm-none-eabi/13.3.0/../../../../arm-none-eabi/lib/thumb/v6-m/nofp\libg.a(libc_a-mallocr.o) (__malloc_lock)
C:/msys64/ucrt64/bin/../lib/gcc/arm-none-eabi/13.3.0/../../../../arm-none-eabi/lib/thumb/v6-m/nofp\libg.a(libc_a-realloc.o)
                              CMakeFiles/DAWGkit.dir/C_/Users/Andy/Documents/Code/DAWG-Kit/DAWGkit-RP2040/pico-sdk/src/rp2_common/pico_malloc/malloc.c.obj (realloc)
C:/msys64/ucrt64/bin/../lib/gcc/arm-none-eabi/13.3.0/../../../../arm-none-eabi/lib/thumb/v6-m/nofp\libg.a(libc_a-reallocr.o)
                              C:/msys64/ucrt64/bin/../lib/gcc/arm-none-eabi/13.3.0/../../../../arm-none-eabi/lib/thumb/v6-m/nofp\libg.a(libc_a-realloc.o) (_realloc_r)
C:/msys64/ucrt64/bin/../lib/gcc/arm-none-eabi/13.3.0/../../../../arm-none-eabi/lib/thumb/v6-m/nofp\libg.a(libc_a-memcmp.o)
                              CMakeFiles/DAWGkit.dir/C_/Users/Andy/Documents/Code/DAWG-Kit/DAWGkit-RP2040/pico-sdk/src/rp2_common/pico_atomic/atomic.c.obj (memcmp)
C:/msys64/ucrt64/bin/../lib/gcc/arm-none-eabi/13.3.0/../../../../arm-none-eabi/lib/thumb/v6-m/nofp\libg.a(libc_a-memmove.o)
                              C:/msys64/ucrt64/bin/../lib/gcc/arm-none-eabi/13.3.0/../../../../arm-none-eabi/lib/thumb/v6-m/nofp\libg.a(libc_a-reallocr.o) (memmove)
C:/msys64/ucrt64/bin/../lib/gcc/arm-none-eabi/13.3.0/../../../../arm-none-eabi/lib/thumb/v6-m/nofp\libg.a(libc_a-lcltime_r.o)
                              CMakeFiles/DAWGkit.dir/C_/Users/Andy/Documents/Code/DAWG-Kit/DAWGkit-RP2040/pico-sdk/src/common/pico_util/datetime.c.obj (localtime_r)
C:/msys64/ucrt64/bin/../lib/gcc/arm-none-eabi/13.3.0/../../../../arm-none-eabi/lib/thumb/v6-m/nofp\libg.a(libc_a-mktime.o)
                              CMakeFiles/DAWGkit.dir/C_/Users/Andy/Documents/Code/DAWG-Kit/DAWGkit-RP2040/pico-sdk/src/common/pico_util/datetime.c.obj (mktime)
C:/msys64/ucrt64/bin/../lib/gcc/arm-none-eabi/13.3.0/../../../../arm-none-eabi/lib/thumb/v6-m/nofp\libg.a(libc_a-month_lengths.o)
                              C:/msys64/ucrt64/bin/../lib/gcc/arm-none-eabi/13.3.0/../../../../arm-none-eabi/lib/thumb/v6-m/nofp\libg.a(libc_a-lcltime_r.o) (__month_lengths)
[...]
Memory Configuration

Name             Origin             Length             Attributes
BOOT             0x10000000         0x00000100         xr
FLASH            0x10ffd000         0x00004000         xr
RAM              0x20000000         0x00040000         xrw
SCRATCH_X        0x20040000         0x00001000         xrw
SCRATCH_Y        0x20041000         0x00001000         xrw
*default*        0x00000000         0xffffffff

Linker script and memory map

LOAD C:/msys64/ucrt64/bin/../lib/gcc/arm-none-eabi/13.3.0/thumb/v6-m/nofp/crti.o
LOAD C:/msys64/ucrt64/bin/../lib/gcc/arm-none-eabi/13.3.0/thumb/v6-m/nofp/crtbegin.o
LOAD C:/msys64/ucrt64/bin/../lib/gcc/arm-none-eabi/13.3.0/../../../../arm-none-eabi/lib/thumb/v6-m/nofp/crt0.o

.flash_begin    0x10000000        0x0
                0x10000000                        __flash_binary_start = .

.boot2          0x10000000      0x100
                0x10000000                        __boot2_start__ = .
 *(.boot2)
 .boot2         0x10000000      0x100 pico-sdk/src/rp2040/boot_stage2/CMakeFiles/bs2_default_library.dir/./bs2_default_padded_checksummed.S.obj
                0x10000100                        __boot2_end__ = .
                0x00000001                        ASSERT (((__boot2_end__ - __boot2_start__) == 0x100), ERROR: Pico second stage bootloader must be 256 bytes in size)

.boot3          0x10ffd000       0x18
 *(.boot3)
 .boot3         0x10ffd000       0x18 CMakeFiles/DAWGkit.dir/boot3_start.S.obj
                0x10ffd000                boot3_start

.text           0x10ffd018     0x1ff0
                0x10ffd018                        __logical_binary_start = .
 *(.vectors)
 .vectors       0x10ffd018       0xd4 CMakeFiles/DAWGkit.dir/C_/Users/Andy/Documents/Code/DAWG-Kit/DAWGkit-RP2040/pico-sdk/src/rp2_common/pico_crt0/crt0.S.obj
                0x10ffd018                __VECTOR_TABLE
                0x10ffd018                __vectors
                0x10ffd0d8                isr_irq13
                0x10ffd0d8                isr_irq27
                0x10ffd0d8                isr_irq31
                0x10ffd0d8                isr_irq12
                0x10ffd0d8                isr_irq5
                0x10ffd0d8                isr_irq11
                0x10ffd0d8                isr_irq3
                0x10ffd0d8                isr_irq23
                0x10ffd0d8                __unhandled_user_irq
                0x10ffd0d8                isr_irq26
                0x10ffd0d8                isr_irq28
                0x10ffd0d8                isr_irq19
                0x10ffd0d8                isr_irq0
                0x10ffd0d8                isr_irq6
                0x10ffd0d8                isr_irq29
                0x10ffd0d8                isr_irq16
                0x10ffd0d8                isr_irq22
                0x10ffd0d8                isr_irq18
                0x10ffd0d8                isr_irq17
                0x10ffd0d8                isr_irq14
                0x10ffd0d8                __vectors_end
                0x10ffd0d8                __default_isrs_start
                0x10ffd0d8                isr_irq2
                0x10ffd0d8                isr_irq10
                0x10ffd0d8                isr_irq8
                0x10ffd0d8                isr_irq24
                0x10ffd0d8                isr_irq1
                0x10ffd0d8                isr_irq7
                0x10ffd0d8                isr_irq21
                0x10ffd0d8                isr_irq20
                0x10ffd0d8                isr_irq15
                0x10ffd0d8                isr_irq25
                0x10ffd0d8                isr_irq4
                0x10ffd0d8                isr_irq30
                0x10ffd0d8                isr_irq9
                0x10ffd0de                unhandled_user_irq_num_in_r0
                0x10ffd0e0                isr_invalid
                0x10ffd0e2                isr_nmi
                0x10ffd0e4                isr_hardfault
                0x10ffd0e6                isr_svcall
                0x10ffd0e8                isr_pendsv
                0x10ffd0ea                isr_systick
                0x10ffd0ec                __default_isrs_end
 *(.binary_info_header)
 .binary_info_header
                0x10ffd0ec       0x14 CMakeFiles/DAWGkit.dir/C_/Users/Andy/Documents/Code/DAWG-Kit/DAWGkit-RP2040/pico-sdk/src/rp2_common/pico_crt0/crt0.S.obj
                0x10ffd100                        __binary_info_header_end = .
 *(.reset)
 .reset         0x10ffd100       0x9c CMakeFiles/DAWGkit.dir/C_/Users/Andy/Documents/Code/DAWG-Kit/DAWGkit-RP2040/pico-sdk/src/rp2_common/pico_crt0/crt0.S.obj
                0x10ffd100                _entry_point
 *(.init)
 .init          0x10ffd19c        0x4 C:/msys64/ucrt64/bin/../lib/gcc/arm-none-eabi/13.3.0/thumb/v6-m/nofp/crti.o
                0x10ffd19c                _init
 *(EXCLUDE_FILE(*libm.a: *libc.a:*lib_a-mem*.o *libgcc.a:) .text*)
 .text.frame_dummy
                0x10ffd1a0       0x20 C:/msys64/ucrt64/bin/../lib/gcc/arm-none-eabi/13.3.0/thumb/v6-m/nofp/crtbegin.o
 .text.startup.main
                0x10ffd1c0      0x120 CMakeFiles/DAWGkit.dir/boot3.c.obj
                0x10ffd1c0                main
 .text.flash_cs_force
                0x10ffd2e0       0x1c CMakeFiles/DAWGkit.dir/bootrom/program_flash_generic.c.obj
 .text.flash_put_cmd_addr
                0x10ffd2fc       0x24 CMakeFiles/DAWGkit.dir/bootrom/program_flash_generic.c.obj
 .text.flash_put_get
                0x10ffd320       0x68 CMakeFiles/DAWGkit.dir/bootrom/program_flash_generic.c.obj
                0x10ffd320                flash_put_get
 .text.flash_do_cmd
                0x10ffd388       0x24 CMakeFiles/DAWGkit.dir/bootrom/program_flash_generic.c.obj
                0x10ffd388                flash_do_cmd
 .text.flash_enable_write
                0x10ffd3ac       0x10 CMakeFiles/DAWGkit.dir/bootrom/program_flash_generic.c.obj
 .text.flash_wait_ready
                0x10ffd3bc       0x2c CMakeFiles/DAWGkit.dir/bootrom/program_flash_generic.c.obj
 .text.flash_page_program
                0x10ffd3e8       0x26 CMakeFiles/DAWGkit.dir/bootrom/program_flash_generic.c.obj
                0x10ffd3e8                flash_page_program
 *fill*         0x10ffd40e        0x2 
 .text.flash_range_program
                0x10ffd410       0x30 CMakeFiles/DAWGkit.dir/bootrom/program_flash_generic.c.obj
                0x10ffd410                flash_range_program
 .text.flash_user_erase
                0x10ffd440       0x24 CMakeFiles/DAWGkit.dir/bootrom/program_flash_generic.c.obj
                0x10ffd440                flash_user_erase
 .text.flash_sector_erase
                0x10ffd464        0xa CMakeFiles/DAWGkit.dir/bootrom/program_flash_generic.c.obj
                0x10ffd464                flash_sector_erase
 .text.flash_read_data
                0x10ffd46e       0x1c CMakeFiles/DAWGkit.dir/bootrom/program_flash_generic.c.obj
                0x10ffd46e                flash_read_data
 *fill*         0x10ffd48a        0x2 
 .text.crc      0x10ffd48c      0x158 CMakeFiles/DAWGkit.dir/bootrom/bootrom_misc.S.obj
                0x10ffd48c                crc32_small
                0x10ffd4b6                __memcpy_44
                0x10ffd4cc                __memcpy
                0x10ffd55c                __memset_4
                0x10ffd568                __memset
 .text.hard_assertion_failure
                0x10ffd5e4        0xc CMakeFiles/DAWGkit.dir/bootrom/runtime.c.obj
                0x10ffd5e4                hard_assertion_failure
 .text.gpio_set_function
                0x10ffd5f0       0x30 CMakeFiles/DAWGkit.dir/C_/Users/Andy/Documents/Code/DAWG-Kit/DAWGkit-RP2040/pico-sdk/src/rp2_common/hardware_gpio/gpio.c.obj
                0x10ffd5f0                gpio_set_function
 .text.gpio_init
                0x10ffd620       0x16 CMakeFiles/DAWGkit.dir/C_/Users/Andy/Documents/Code/DAWG-Kit/DAWGkit-RP2040/pico-sdk/src/rp2_common/hardware_gpio/gpio.c.obj
                0x10ffd620                gpio_init
 *fill*         0x10ffd636        0x2 
 .text.panic    0x10ffd638       0x30 CMakeFiles/DAWGkit.dir/C_/Users/Andy/Documents/Code/DAWG-Kit/DAWGkit-RP2040/pico-sdk/src/rp2_common/pico_platform_panic/panic.c.obj
                0x10ffd638                panic
 .text.hw_claim_lock
                0x10ffd668       0x18 CMakeFiles/DAWGkit.dir/C_/Users/Andy/Documents/Code/DAWG-Kit/DAWGkit-RP2040/pico-sdk/src/common/hardware_claim/claim.c.obj
                0x10ffd668                hw_claim_lock
 .text.hw_claim_unlock
                0x10ffd680       0x14 CMakeFiles/DAWGkit.dir/C_/Users/Andy/Documents/Code/DAWG-Kit/DAWGkit-RP2040/pico-sdk/src/common/hardware_claim/claim.c.obj
                0x10ffd680                hw_claim_unlock
 .text.hw_is_claimed
                0x10ffd694       0x16 CMakeFiles/DAWGkit.dir/C_/Users/Andy/Documents/Code/DAWG-Kit/DAWGkit-RP2040/pico-sdk/src/common/hardware_claim/claim.c.obj
                0x10ffd694                hw_is_claimed
 .text.hw_claim_or_assert
                0x10ffd6aa       0x3a CMakeFiles/DAWGkit.dir/C_/Users/Andy/Documents/Code/DAWG-Kit/DAWGkit-RP2040/pico-sdk/src/common/hardware_claim/claim.c.obj
                0x10ffd6aa                hw_claim_or_assert
 .text.next_striped_spin_lock_num
                0x10ffd6e4       0x18 CMakeFiles/DAWGkit.dir/C_/Users/Andy/Documents/Code/DAWG-Kit/DAWGkit-RP2040/pico-sdk/src/rp2_common/hardware_sync/sync.c.obj
                0x10ffd6e4                next_striped_spin_lock_num
 .text.spin_locks_reset
                0x10ffd6fc       0x1c CMakeFiles/DAWGkit.dir/C_/Users/Andy/Documents/Code/DAWG-Kit/DAWGkit-RP2040/pico-sdk/src/rp2_common/hardware_sync_spin_lock/sync_spin_lock.c.obj
                0x10ffd6fc                spin_locks_reset
 .text.set_raw_irq_handler_and_unlock
                0x10ffd718       0x28 CMakeFiles/DAWGkit.dir/C_/Users/Andy/Documents/Code/DAWG-Kit/DAWGkit-RP2040/pico-sdk/src/rp2_common/hardware_irq/irq.c.obj
 .text.runtime_init_per_core_irq_priorities
                0x10ffd740       0x24 CMakeFiles/DAWGkit.dir/C_/Users/Andy/Documents/Code/DAWG-Kit/DAWGkit-RP2040/pico-sdk/src/rp2_common/hardware_irq/irq.c.obj
                0x10ffd740                runtime_init_per_core_irq_priorities
 .text.irq_set_enabled
                0x10ffd764       0x28 CMakeFiles/DAWGkit.dir/C_/Users/Andy/Documents/Code/DAWG-Kit/DAWGkit-RP2040/pico-sdk/src/rp2_common/hardware_irq/irq.c.obj
                0x10ffd764                irq_set_enabled
 .text.irq_get_vtable_handler
                0x10ffd78c       0x10 CMakeFiles/DAWGkit.dir/C_/Users/Andy/Documents/Code/DAWG-Kit/DAWGkit-RP2040/pico-sdk/src/rp2_common/hardware_irq/irq.c.obj
                0x10ffd78c                irq_get_vtable_handler
 .text.irq_set_exclusive_handler
                0x10ffd79c       0x40 CMakeFiles/DAWGkit.dir/C_/Users/Andy/Documents/Code/DAWG-Kit/DAWGkit-RP2040/pico-sdk/src/rp2_common/hardware_irq/irq.c.obj
                0x10ffd79c                irq_set_exclusive_handler
 .text.lock_init
                0x10ffd7dc       0x10 CMakeFiles/DAWGkit.dir/C_/Users/Andy/Documents/Code/DAWG-Kit/DAWGkit-RP2040/pico-sdk/src/common/pico_sync/lock_core.c.obj
                0x10ffd7dc                lock_init
 .text.mutex_init
                0x10ffd7ec       0x1a CMakeFiles/DAWGkit.dir/C_/Users/Andy/Documents/Code/DAWG-Kit/DAWGkit-RP2040/pico-sdk/src/common/pico_sync/mutex.c.obj
                0x10ffd7ec                mutex_init
 .text.recursive_mutex_init
                0x10ffd806       0x1a CMakeFiles/DAWGkit.dir/C_/Users/Andy/Documents/Code/DAWG-Kit/DAWGkit-RP2040/pico-sdk/src/common/pico_sync/mutex.c.obj
                0x10ffd806                recursive_mutex_init
 .text.runtime_init_mutex
                0x10ffd820       0x2c CMakeFiles/DAWGkit.dir/C_/Users/Andy/Documents/Code/DAWG-Kit/DAWGkit-RP2040/pico-sdk/src/common/pico_sync/mutex.c.obj
                0x10ffd820                runtime_init_mutex
 .text.sleep_until_callback
                0x10ffd84c       0x30 CMakeFiles/DAWGkit.dir/C_/Users/Andy/Documents/Code/DAWG-Kit/DAWGkit-RP2040/pico-sdk/src/common/pico_time/time.c.obj
 .text.alarm_pool_irq_handler
                0x10ffd87c      0x268 CMakeFiles/DAWGkit.dir/C_/Users/Andy/Documents/Code/DAWG-Kit/DAWGkit-RP2040/pico-sdk/src/common/pico_time/time.c.obj
 .text.alarm_pool_post_alloc_init
                0x10ffdae4       0x7c CMakeFiles/DAWGkit.dir/C_/Users/Andy/Documents/Code/DAWG-Kit/DAWGkit-RP2040/pico-sdk/src/common/pico_time/time.c.obj
 .text.runtime_init_default_alarm_pool
                0x10ffdb60       0x34 CMakeFiles/DAWGkit.dir/C_/Users/Andy/Documents/Code/DAWG-Kit/DAWGkit-RP2040/pico-sdk/src/common/pico_time/time.c.obj
                0x10ffdb60                runtime_init_default_alarm_pool
 .text.time_reached
                0x10ffdb94       0x24 CMakeFiles/DAWGkit.dir/C_/Users/Andy/Documents/Code/DAWG-Kit/DAWGkit-RP2040/pico-sdk/src/common/pico_time/time.c.obj
 .text.alarm_pool_add_alarm_at_force_in_context
                0x10ffdbb8       0xa0 CMakeFiles/DAWGkit.dir/C_/Users/Andy/Documents/Code/DAWG-Kit/DAWGkit-RP2040/pico-sdk/src/common/pico_time/time.c.obj
                0x10ffdbb8                alarm_pool_add_alarm_at_force_in_context
 .text.alarm_pool_add_alarm_at
                0x10ffdc58       0x38 CMakeFiles/DAWGkit.dir/C_/Users/Andy/Documents/Code/DAWG-Kit/DAWGkit-RP2040/pico-sdk/src/common/pico_time/time.c.obj
                0x10ffdc58                alarm_pool_add_alarm_at
 .text.alarm_pool_cancel_alarm
                0x10ffdc90       0x68 CMakeFiles/DAWGkit.dir/C_/Users/Andy/Documents/Code/DAWG-Kit/DAWGkit-RP2040/pico-sdk/src/common/pico_time/time.c.obj
                0x10ffdc90                alarm_pool_cancel_alarm
 .text.best_effort_wfe_or_timeout
                0x10ffdcf8       0x94 CMakeFiles/DAWGkit.dir/C_/Users/Andy/Documents/Code/DAWG-Kit/DAWGkit-RP2040/pico-sdk/src/common/pico_time/time.c.obj
                0x10ffdcf8                best_effort_wfe_or_timeout
 .text.timer_hardware_alarm_claim
                0x10ffdd8c       0x14 CMakeFiles/DAWGkit.dir/C_/Users/Andy/Documents/Code/DAWG-Kit/DAWGkit-RP2040/pico-sdk/src/rp2_common/hardware_timer/timer.c.obj
                0x10ffdd8c                timer_hardware_alarm_claim
 .text.timer_time_us_64
                0x10ffdda0       0x10 CMakeFiles/DAWGkit.dir/C_/Users/Andy/Documents/Code/DAWG-Kit/DAWGkit-RP2040/pico-sdk/src/rp2_common/hardware_timer/timer.c.obj
                0x10ffdda0                timer_time_us_64
 .text.time_us_64
                0x10ffddb0       0x10 CMakeFiles/DAWGkit.dir/C_/Users/Andy/Documents/Code/DAWG-Kit/DAWGkit-RP2040/pico-sdk/src/rp2_common/hardware_timer/timer.c.obj
                0x10ffddb0                time_us_64
 .text.clock_configure_internal
                0x10ffddc0       0xa8 CMakeFiles/DAWGkit.dir/C_/Users/Andy/Documents/Code/DAWG-Kit/DAWGkit-RP2040/pico-sdk/src/rp2_common/hardware_clocks/clocks.c.obj
 .text.clock_configure_int_divider
                0x10ffde68       0x24 CMakeFiles/DAWGkit.dir/C_/Users/Andy/Documents/Code/DAWG-Kit/DAWGkit-RP2040/pico-sdk/src/rp2_common/hardware_clocks/clocks.c.obj
                0x10ffde68                clock_configure_int_divider
 .text.clock_configure_undivided
                0x10ffde8c        0xe CMakeFiles/DAWGkit.dir/C_/Users/Andy/Documents/Code/DAWG-Kit/DAWGkit-RP2040/pico-sdk/src/rp2_common/hardware_clocks/clocks.c.obj
                0x10ffde8c                clock_configure_undivided
 *fill*         0x10ffde9a        0x2 
 .text.clock_get_hz
                0x10ffde9c        0xc CMakeFiles/DAWGkit.dir/C_/Users/Andy/Documents/Code/DAWG-Kit/DAWGkit-RP2040/pico-sdk/src/rp2_common/hardware_clocks/clocks.c.obj
                0x10ffde9c                clock_get_hz
 .text.pll_init
                0x10ffdea8       0x9c CMakeFiles/DAWGkit.dir/C_/Users/Andy/Documents/Code/DAWG-Kit/DAWGkit-RP2040/pico-sdk/src/rp2_common/hardware_pll/pll.c.obj
                0x10ffdea8                pll_init
 .text.tick_start
                0x10ffdf44       0x10 CMakeFiles/DAWGkit.dir/C_/Users/Andy/Documents/Code/DAWG-Kit/DAWGkit-RP2040/pico-sdk/src/rp2_common/hardware_ticks/ticks.c.obj
                0x10ffdf44                tick_start
 .text.rom_func_lookup
                0x10ffdf54       0x10 CMakeFiles/DAWGkit.dir/C_/Users/Andy/Documents/Code/DAWG-Kit/DAWGkit-RP2040/pico-sdk/src/rp2_common/pico_bootrom/bootrom.c.obj
                0x10ffdf54                rom_func_lookup
 .text.rom_data_lookup
                0x10ffdf64       0x10 CMakeFiles/DAWGkit.dir/C_/Users/Andy/Documents/Code/DAWG-Kit/DAWGkit-RP2040/pico-sdk/src/rp2_common/pico_bootrom/bootrom.c.obj
                0x10ffdf64                rom_data_lookup
 .text.rom_funcs_lookup
                0x10ffdf74       0x26 CMakeFiles/DAWGkit.dir/C_/Users/Andy/Documents/Code/DAWG-Kit/DAWGkit-RP2040/pico-sdk/src/rp2_common/pico_bootrom/bootrom.c.obj
                0x10ffdf74                rom_funcs_lookup
 *fill*         0x10ffdf9a        0x2 
 .text.xosc_init
                0x10ffdf9c       0x28 CMakeFiles/DAWGkit.dir/C_/Users/Andy/Documents/Code/DAWG-Kit/DAWGkit-RP2040/pico-sdk/src/rp2_common/hardware_xosc/xosc.c.obj
                0x10ffdf9c                xosc_init
 .text.first_per_core_initializer
                0x10ffdfc4        0x2 CMakeFiles/DAWGkit.dir/C_/Users/Andy/Documents/Code/DAWG-Kit/DAWGkit-RP2040/pico-sdk/src/rp2_common/pico_runtime/runtime.c.obj
 *fill*         0x10ffdfc6        0x2 
 .text.runtime_run_initializers
                0x10ffdfc8       0x1c CMakeFiles/DAWGkit.dir/C_/Users/Andy/Documents/Code/DAWG-Kit/DAWGkit-RP2040/pico-sdk/src/rp2_common/pico_runtime/runtime.c.obj
                0x10ffdfc8                runtime_run_initializers
 .text.runtime_init_early_resets
                0x10ffdfe4       0x2c CMakeFiles/DAWGkit.dir/C_/Users/Andy/Documents/Code/DAWG-Kit/DAWGkit-RP2040/pico-sdk/src/rp2_common/pico_runtime_init/runtime_init.c.obj
                0x10ffdfe4                runtime_init_early_resets
 .text.runtime_init_usb_power_down
                0x10ffe010       0x1c CMakeFiles/DAWGkit.dir/C_/Users/Andy/Documents/Code/DAWG-Kit/DAWGkit-RP2040/pico-sdk/src/rp2_common/pico_runtime_init/runtime_init.c.obj
                0x10ffe010                runtime_init_usb_power_down
 .text.runtime_init_post_clock_resets
                0x10ffe02c       0x20 CMakeFiles/DAWGkit.dir/C_/Users/Andy/Documents/Code/DAWG-Kit/DAWGkit-RP2040/pico-sdk/src/rp2_common/pico_runtime_init/runtime_init.c.obj
                0x10ffe02c                runtime_init_post_clock_resets
 .text.runtime_init_rp2040_gpio_ie_disable
                0x10ffe04c       0x14 CMakeFiles/DAWGkit.dir/C_/Users/Andy/Documents/Code/DAWG-Kit/DAWGkit-RP2040/pico-sdk/src/rp2_common/pico_runtime_init/runtime_init.c.obj
                0x10ffe04c                runtime_init_rp2040_gpio_ie_disable
 .text.runtime_init_spin_locks_reset
                0x10ffe060        0x8 CMakeFiles/DAWGkit.dir/C_/Users/Andy/Documents/Code/DAWG-Kit/DAWGkit-RP2040/pico-sdk/src/rp2_common/pico_runtime_init/runtime_init.c.obj
                0x10ffe060                runtime_init_spin_locks_reset
 .text.runtime_init_install_ram_vector_table
                0x10ffe068       0x44 CMakeFiles/DAWGkit.dir/C_/Users/Andy/Documents/Code/DAWG-Kit/DAWGkit-RP2040/pico-sdk/src/rp2_common/pico_runtime_init/runtime_init.c.obj
                0x10ffe068                runtime_init_install_ram_vector_table
 .text.runtime_init_clocks
                0x10ffe0ac       0xd4 CMakeFiles/DAWGkit.dir/C_/Users/Andy/Documents/Code/DAWG-Kit/DAWGkit-RP2040/pico-sdk/src/rp2_common/pico_runtime_init/runtime_init_clocks.c.obj
                0x10ffe0ac                runtime_init_clocks
 .text          0x10ffe180       0x10 CMakeFiles/DAWGkit.dir/C_/Users/Andy/Documents/Code/DAWG-Kit/DAWGkit-RP2040/pico-sdk/src/rp2_common/pico_bit_ops/bit_ops_aeabi.S.obj
 .text.__wrap___aeabi_uidiv
                0x10ffe190       0x4c CMakeFiles/DAWGkit.dir/C_/Users/Andy/Documents/Code/DAWG-Kit/DAWGkit-RP2040/pico-sdk/src/rp2_common/pico_divider/divider_hardware.S.obj
                0x10ffe190                __wrap___aeabi_uidiv
                0x10ffe190                __wrap___aeabi_uidivmod
                0x10ffe190                div_u32u32
                0x10ffe190                divmod_u32u32
                0x10ffe198                divmod_u32u32_unsafe
                0x10ffe1c0                divmod_u32u32_savestate
 .text.__aeabi_double_init
                0x10ffe1dc       0x64 CMakeFiles/DAWGkit.dir/C_/Users/Andy/Documents/Code/DAWG-Kit/DAWGkit-RP2040/pico-sdk/src/rp2_common/pico_double/double_init_rom_rp2040.c.obj
                0x10ffe1dc                __aeabi_double_init
 .text.double_table_shim_on_use_helper
                0x10ffe240       0x2c CMakeFiles/DAWGkit.dir/C_/Users/Andy/Documents/Code/DAWG-Kit/DAWGkit-RP2040/pico-sdk/src/rp2_common/pico_double/double_v1_rom_shim_rp2040.S.obj
                0x10ffe240                double_table_shim_on_use_helper
 .text.__aeabi_float_init
                0x10ffe26c       0x5c CMakeFiles/DAWGkit.dir/C_/Users/Andy/Documents/Code/DAWG-Kit/DAWGkit-RP2040/pico-sdk/src/rp2_common/pico_float/float_init_rom_rp2040.c.obj
                0x10ffe26c                __aeabi_float_init
 .text.float_table_shim_on_use_helper
                0x10ffe2c8       0x2c CMakeFiles/DAWGkit.dir/C_/Users/Andy/Documents/Code/DAWG-Kit/DAWGkit-RP2040/pico-sdk/src/rp2_common/pico_float/float_v1_rom_shim_rp2040.S.obj
                0x10ffe2c8                float_table_shim_on_use_helper
 .text.check_alloc
                0x10ffe2f4       0x20 CMakeFiles/DAWGkit.dir/C_/Users/Andy/Documents/Code/DAWG-Kit/DAWGkit-RP2040/pico-sdk/src/rp2_common/pico_malloc/malloc.c.obj
 .text.__wrap_malloc
                0x10ffe314       0x14 CMakeFiles/DAWGkit.dir/C_/Users/Andy/Documents/Code/DAWG-Kit/DAWGkit-RP2040/pico-sdk/src/rp2_common/pico_malloc/malloc.c.obj
                0x10ffe314                __wrap_malloc
 .text.__wrap_free
                0x10ffe328        0x8 CMakeFiles/DAWGkit.dir/C_/Users/Andy/Documents/Code/DAWG-Kit/DAWGkit-RP2040/pico-sdk/src/rp2_common/pico_malloc/malloc.c.obj
                0x10ffe328                __wrap_free
 .text          0x10ffe330       0x10 CMakeFiles/DAWGkit.dir/C_/Users/Andy/Documents/Code/DAWG-Kit/DAWGkit-RP2040/pico-sdk/src/rp2_common/pico_mem_ops/mem_ops_aeabi.S.obj
                0x10ffe330                __aeabi_mem_init
 .text.memcpy   0x10ffe340        0xc CMakeFiles/DAWGkit.dir/C_/Users/Andy/Documents/Code/DAWG-Kit/DAWGkit-RP2040/pico-sdk/src/rp2_common/pico_mem_ops/mem_ops_aeabi.S.obj
                0x10ffe340                __wrap_memcpy
                0x10ffe340                __wrap___aeabi_memcpy
 .text._out_char
                0x10ffe34c        0xc CMakeFiles/DAWGkit.dir/C_/Users/Andy/Documents/Code/DAWG-Kit/DAWGkit-RP2040/pico-sdk/src/rp2_common/pico_printf/printf.c.obj
 .text.weak_raw_vprintf
                0x10ffe358       0x34 CMakeFiles/DAWGkit.dir/C_/Users/Andy/Documents/Code/DAWG-Kit/DAWGkit-RP2040/pico-sdk/src/rp2_common/pico_printf/printf.c.obj
                0x10ffe358                weak_raw_vprintf
 .text._exit    0x10ffe38c        0x4 CMakeFiles/DAWGkit.dir/C_/Users/Andy/Documents/Code/DAWG-Kit/DAWGkit-RP2040/pico-sdk/src/rp2_common/pico_clib_interface/newlib_interface.c.obj
                0x10ffe38c                _exit
 .text._sbrk    0x10ffe390       0x30 CMakeFiles/DAWGkit.dir/C_/Users/Andy/Documents/Code/DAWG-Kit/DAWGkit-RP2040/pico-sdk/src/rp2_common/pico_clib_interface/newlib_interface.c.obj
                0x10ffe390                _sbrk
 .text.exit     0x10ffe3c0        0x6 CMakeFiles/DAWGkit.dir/C_/Users/Andy/Documents/Code/DAWG-Kit/DAWGkit-RP2040/pico-sdk/src/rp2_common/pico_clib_interface/newlib_interface.c.obj
                0x10ffe3c0                exit
 *fill*         0x10ffe3c6        0x2 
 .text.runtime_init
                0x10ffe3c8       0x20 CMakeFiles/DAWGkit.dir/C_/Users/Andy/Documents/Code/DAWG-Kit/DAWGkit-RP2040/pico-sdk/src/rp2_common/pico_clib_interface/newlib_interface.c.obj
                0x10ffe3c8                runtime_init
 .text.stdio_out_chars_no_crlf
                0x10ffe3e8        0xe CMakeFiles/DAWGkit.dir/C_/Users/Andy/Documents/Code/DAWG-Kit/DAWGkit-RP2040/pico-sdk/src/rp2_common/pico_stdio/stdio.c.obj
 *fill*         0x10ffe3f6        0x2 
 .text.stdio_out_chars_crlf
                0x10ffe3f8       0x7c CMakeFiles/DAWGkit.dir/C_/Users/Andy/Documents/Code/DAWG-Kit/DAWGkit-RP2040/pico-sdk/src/rp2_common/pico_stdio/stdio.c.obj
 .text.stdout_serialize_begin
                0x10ffe474       0x30 CMakeFiles/DAWGkit.dir/C_/Users/Andy/Documents/Code/DAWG-Kit/DAWGkit-RP2040/pico-sdk/src/rp2_common/pico_stdio/stdio.c.obj
                0x10ffe474                stdout_serialize_begin
 .text.stdout_serialize_end
                0x10ffe4a4       0x10 CMakeFiles/DAWGkit.dir/C_/Users/Andy/Documents/Code/DAWG-Kit/DAWGkit-RP2040/pico-sdk/src/rp2_common/pico_stdio/stdio.c.obj
                0x10ffe4a4                stdout_serialize_end
 .text.stdio_put_string
                0x10ffe4b4       0x80 CMakeFiles/DAWGkit.dir/C_/Users/Andy/Documents/Code/DAWG-Kit/DAWGkit-RP2040/pico-sdk/src/rp2_common/pico_stdio/stdio.c.obj
                0x10ffe4b4                stdio_put_string
 .text.stdio_flush
                0x10ffe534       0x1c CMakeFiles/DAWGkit.dir/C_/Users/Andy/Documents/Code/DAWG-Kit/DAWGkit-RP2040/pico-sdk/src/rp2_common/pico_stdio/stdio.c.obj
                0x10ffe534                stdio_flush
 .text.__wrap_putchar
                0x10ffe550       0x18 CMakeFiles/DAWGkit.dir/C_/Users/Andy/Documents/Code/DAWG-Kit/DAWGkit-RP2040/pico-sdk/src/rp2_common/pico_stdio/stdio.c.obj
                0x10ffe550                __wrap_putchar
                0x10ffe550                stdio_putchar
 .text.__wrap_puts
                0x10ffe568       0x1e CMakeFiles/DAWGkit.dir/C_/Users/Andy/Documents/Code/DAWG-Kit/DAWGkit-RP2040/pico-sdk/src/rp2_common/pico_stdio/stdio.c.obj
                0x10ffe568                stdio_puts
                0x10ffe568                __wrap_puts
 *fill*         0x10ffe586        0x2 
 .text          0x10ffe588       0x10 C:/msys64/ucrt64/bin/../lib/gcc/arm-none-eabi/13.3.0/../../../../arm-none-eabi/lib/thumb/v6-m/nofp\libg.a(libc_a-atexit.o)
                0x10ffe588                atexit
 .text          0x10ffe598       0x28 C:/msys64/ucrt64/bin/../lib/gcc/arm-none-eabi/13.3.0/../../../../arm-none-eabi/lib/thumb/v6-m/nofp\libg.a(libc_a-malloc.o)
                0x10ffe598                malloc
                0x10ffe5ac                free
 .text          0x10ffe5c0      0x5b0 C:/msys64/ucrt64/bin/../lib/gcc/arm-none-eabi/13.3.0/../../../../arm-none-eabi/lib/thumb/v6-m/nofp\libg.a(libc_a-mallocr.o)
                0x10ffe5c0                _malloc_r
 .text          0x10ffeb70       0x20 C:/msys64/ucrt64/bin/../lib/gcc/arm-none-eabi/13.3.0/../../../../arm-none-eabi/lib/thumb/v6-m/nofp\libg.a(libc_a-mlock.o)
                0x10ffeb70                __malloc_lock
                0x10ffeb80                __malloc_unlock
 .text          0x10ffeb90       0x24 C:/msys64/ucrt64/bin/../lib/gcc/arm-none-eabi/13.3.0/../../../../arm-none-eabi/lib/thumb/v6-m/nofp\libg.a(libc_a-sbrkr.o)
                0x10ffeb90                _sbrk_r
 .text          0x10ffebb4        0xc C:/msys64/ucrt64/bin/../lib/gcc/arm-none-eabi/13.3.0/../../../../arm-none-eabi/lib/thumb/v6-m/nofp\libg.a(libc_a-errno.o)
                0x10ffebb4                __errno
 .text          0x10ffebc0       0x28 C:/msys64/ucrt64/bin/../lib/gcc/arm-none-eabi/13.3.0/../../../../arm-none-eabi/lib/thumb/v6-m/nofp\libg.a(libc_a-fini.o)
                0x10ffebc0                __libc_fini_array
 .text          0x10ffebe8       0x28 C:/msys64/ucrt64/bin/../lib/gcc/arm-none-eabi/13.3.0/../../../../arm-none-eabi/lib/thumb/v6-m/nofp\libg.a(libc_a-lock.o)
                0x10ffebe8                __retarget_lock_init
                0x10ffebec                __retarget_lock_init_recursive
                0x10ffebf0                __retarget_lock_close
                0x10ffebf4                __retarget_lock_close_recursive
                0x10ffebf8                __retarget_lock_acquire
                0x10ffebfc                __retarget_lock_acquire_recursive
                0x10ffec00                __retarget_lock_try_acquire
                0x10ffec04                __retarget_lock_try_acquire_recursive
                0x10ffec08                __retarget_lock_release
                0x10ffec0c                __retarget_lock_release_recursive
 .text          0x10ffec10       0x1c C:/msys64/ucrt64/bin/../lib/gcc/arm-none-eabi/13.3.0/../../../../arm-none-eabi/lib/thumb/v6-m/nofp\libg.a(libc_a-sysconf.o)
                0x10ffec10                sysconf
 .text          0x10ffec2c       0x5c C:/msys64/ucrt64/bin/../lib/gcc/arm-none-eabi/13.3.0/../../../../arm-none-eabi/lib/thumb/v6-m/nofp\libg.a(libc_a-strlen-stub.o)
                0x10ffec2c                strlen
 .text          0x10ffec88       0xa8 C:/msys64/ucrt64/bin/../lib/gcc/arm-none-eabi/13.3.0/../../../../arm-none-eabi/lib/thumb/v6-m/nofp\libg.a(libc_a-__atexit.o)
                0x10ffec88                __register_exitproc
 .text.startup  0x10ffed30       0x18 C:/msys64/ucrt64/bin/../lib/gcc/arm-none-eabi/13.3.0/../../../../arm-none-eabi/lib/thumb/v6-m/nofp\libg.a(libc_a-__call_atexit.o)
 .text          0x10ffed48      0x288 C:/msys64/ucrt64/bin/../lib/gcc/arm-none-eabi/13.3.0/../../../../arm-none-eabi/lib/thumb/v6-m/nofp\libg.a(libc_a-freer.o)
                0x10ffed48                _malloc_trim_r
                0x10ffedfc                _free_r
 *(.fini)
 .fini          0x10ffefd0        0x4 C:/msys64/ucrt64/bin/../lib/gcc/arm-none-eabi/13.3.0/thumb/v6-m/nofp/crti.o
                0x10ffefd0                _fini
 *fill*         0x10ffefd4        0x4 
 .fini.__stub   0x10ffefd8       0x30 linker stubs
 *crtbegin.o(.ctors)
 *crtbegin?.o(.ctors)
 *(EXCLUDE_FILE(*crtend.o *crtend?.o) .ctors)
 *(SORT_BY_NAME(.ctors.*))
 *(.ctors)
 *crtbegin.o(.dtors)
 *crtbegin?.o(.dtors)
 *(EXCLUDE_FILE(*crtend.o *crtend?.o) .dtors)
 *(SORT_BY_NAME(.dtors.*))
 *(.dtors)
 *(.eh_frame*)
 .eh_frame      0x10fff008        0x0 C:/msys64/ucrt64/bin/../lib/gcc/arm-none-eabi/13.3.0/thumb/v6-m/nofp/crtbegin.o
                0x10fff008                        . = ALIGN (0x4)

.glue_7         0x10fff008        0x0
 .glue_7        0x10fff008        0x0 linker stubs

.glue_7t        0x10fff008        0x0
 .glue_7t       0x10fff008        0x0 linker stubs

.vfp11_veneer   0x10fff008        0x0
 .vfp11_veneer  0x10fff008        0x0 linker stubs

.v4_bx          0x10fff008        0x0
 .v4_bx         0x10fff008        0x0 linker stubs

.iplt           0x10fff008        0x0
 .iplt          0x10fff008        0x0 C:/msys64/ucrt64/bin/../lib/gcc/arm-none-eabi/13.3.0/thumb/v6-m/nofp/crtbegin.o

.rodata         0x10fff008       0xd8
 *(EXCLUDE_FILE(*libm.a: *libc.a:*lib_a-mem*.o *libgcc.a:) .rodata*)
 .rodata.hard_assertion_failure.str1.1
                0x10fff008       0x81 CMakeFiles/DAWGkit.dir/bootrom/runtime.c.obj
                                  0xc (size before relaxing)
 .rodata.panic.str1.1
                0x10fff089        0x0 CMakeFiles/DAWGkit.dir/C_/Users/Andy/Documents/Code/DAWG-Kit/DAWGkit-RP2040/pico-sdk/src/rp2_common/pico_platform_panic/panic.c.obj
                                 0x12 (size before relaxing)
 .rodata.timer_hardware_alarm_claim.str1.1
                0x10fff089        0x0 CMakeFiles/DAWGkit.dir/C_/Users/Andy/Documents/Code/DAWG-Kit/DAWGkit-RP2040/pico-sdk/src/rp2_common/hardware_timer/timer.c.obj
                                 0x22 (size before relaxing)
 .rodata.check_alloc.str1.1
                0x10fff089        0x0 CMakeFiles/DAWGkit.dir/C_/Users/Andy/Documents/Code/DAWG-Kit/DAWGkit-RP2040/pico-sdk/src/rp2_common/pico_malloc/malloc.c.obj
                                  0xe (size before relaxing)
 .rodata.str1.1
                0x10fff089        0x0 CMakeFiles/DAWGkit.dir/C_/Users/Andy/Documents/Code/DAWG-Kit/DAWGkit-RP2040/pico-sdk/src/rp2_common/pico_standard_binary_info/standard_binary_info.c.obj
                                 0x35 (size before relaxing)
 .rodata.__bi_84
                0x10fff089        0xc CMakeFiles/DAWGkit.dir/C_/Users/Andy/Documents/Code/DAWG-Kit/DAWGkit-RP2040/pico-sdk/src/rp2_common/pico_standard_binary_info/standard_binary_info.c.obj
 .rodata.__bi_78
                0x10fff095        0xc CMakeFiles/DAWGkit.dir/C_/Users/Andy/Documents/Code/DAWG-Kit/DAWGkit-RP2040/pico-sdk/src/rp2_common/pico_standard_binary_info/standard_binary_info.c.obj
 .rodata.__bi_54
                0x10fff0a1        0xc CMakeFiles/DAWGkit.dir/C_/Users/Andy/Documents/Code/DAWG-Kit/DAWGkit-RP2040/pico-sdk/src/rp2_common/pico_standard_binary_info/standard_binary_info.c.obj
 .rodata.__bi_48
                0x10fff0ad        0xc CMakeFiles/DAWGkit.dir/C_/Users/Andy/Documents/Code/DAWG-Kit/DAWGkit-RP2040/pico-sdk/src/rp2_common/pico_standard_binary_info/standard_binary_info.c.obj
 .rodata.__bi_42
                0x10fff0b9        0xc CMakeFiles/DAWGkit.dir/C_/Users/Andy/Documents/Code/DAWG-Kit/DAWGkit-RP2040/pico-sdk/src/rp2_common/pico_standard_binary_info/standard_binary_info.c.obj
 .rodata.__bi_34
                0x10fff0c5        0xc CMakeFiles/DAWGkit.dir/C_/Users/Andy/Documents/Code/DAWG-Kit/DAWGkit-RP2040/pico-sdk/src/rp2_common/pico_standard_binary_info/standard_binary_info.c.obj
 .rodata.__bi_26
                0x10fff0d1        0xc CMakeFiles/DAWGkit.dir/C_/Users/Andy/Documents/Code/DAWG-Kit/DAWGkit-RP2040/pico-sdk/src/rp2_common/pico_standard_binary_info/standard_binary_info.c.obj
 .rodata.crlf_str.0
                0x10fff0dd        0x2 CMakeFiles/DAWGkit.dir/C_/Users/Andy/Documents/Code/DAWG-Kit/DAWGkit-RP2040/pico-sdk/src/rp2_common/pico_stdio/stdio.c.obj
                0x10fff0e0                        . = ALIGN (0x4)
 *fill*         0x10fff0df        0x1 
 *(SORT_BY_ALIGNMENT(SORT_BY_NAME(.flashdata*)))
                0x10fff0e0                        . = ALIGN (0x4)

.ARM.extab
 *(.ARM.extab* .gnu.linkonce.armextab.*)
                0x10fff0e0                        __exidx_start = .

.ARM.exidx
 *(.ARM.exidx* .gnu.linkonce.armexidx.*)
                0x10fff0e0                        __exidx_end = .
                0x10fff0e0                        . = ALIGN (0x4)
                0x10fff0e0                        __binary_info_start = .

.binary_info    0x10fff0e0       0x1c
 *(.binary_info.keep.*)
 .binary_info.keep.__bi_ptr84
                0x10fff0e0        0x4 CMakeFiles/DAWGkit.dir/C_/Users/Andy/Documents/Code/DAWG-Kit/DAWGkit-RP2040/pico-sdk/src/rp2_common/pico_standard_binary_info/standard_binary_info.c.obj
 .binary_info.keep.__bi_ptr78
                0x10fff0e4        0x4 CMakeFiles/DAWGkit.dir/C_/Users/Andy/Documents/Code/DAWG-Kit/DAWGkit-RP2040/pico-sdk/src/rp2_common/pico_standard_binary_info/standard_binary_info.c.obj
 .binary_info.keep.__bi_ptr54
                0x10fff0e8        0x4 CMakeFiles/DAWGkit.dir/C_/Users/Andy/Documents/Code/DAWG-Kit/DAWGkit-RP2040/pico-sdk/src/rp2_common/pico_standard_binary_info/standard_binary_info.c.obj
 .binary_info.keep.__bi_ptr48
                0x10fff0ec        0x4 CMakeFiles/DAWGkit.dir/C_/Users/Andy/Documents/Code/DAWG-Kit/DAWGkit-RP2040/pico-sdk/src/rp2_common/pico_standard_binary_info/standard_binary_info.c.obj
 .binary_info.keep.__bi_ptr42
                0x10fff0f0        0x4 CMakeFiles/DAWGkit.dir/C_/Users/Andy/Documents/Code/DAWG-Kit/DAWGkit-RP2040/pico-sdk/src/rp2_common/pico_standard_binary_info/standard_binary_info.c.obj
 .binary_info.keep.__bi_ptr34
                0x10fff0f4        0x4 CMakeFiles/DAWGkit.dir/C_/Users/Andy/Documents/Code/DAWG-Kit/DAWGkit-RP2040/pico-sdk/src/rp2_common/pico_standard_binary_info/standard_binary_info.c.obj
 .binary_info.keep.__bi_ptr26
                0x10fff0f8        0x4 CMakeFiles/DAWGkit.dir/C_/Users/Andy/Documents/Code/DAWG-Kit/DAWGkit-RP2040/pico-sdk/src/rp2_common/pico_standard_binary_info/standard_binary_info.c.obj
 *(.binary_info.*)
                0x10fff0fc                        __binary_info_end = .
                0x10fff0fc                        . = ALIGN (0x4)

.ram_vector_table
                0x20000000       0xc0
 *(.ram_vector_table)
 .ram_vector_table
                0x20000000       0xc0 CMakeFiles/DAWGkit.dir/C_/Users/Andy/Documents/Code/DAWG-Kit/DAWGkit-RP2040/pico-sdk/src/rp2_common/pico_runtime_init/runtime_init.c.obj
                0x20000000                ram_vector_table

.data           0x200000c0      0x6f8 load address 0x10fff0fc
                0x200000c0                        __data_start__ = .
 *(vtable)
 *(.time_critical*)
 .time_critical.mutex_try_enter
                0x200000c0       0x44 CMakeFiles/DAWGkit.dir/C_/Users/Andy/Documents/Code/DAWG-Kit/DAWGkit-RP2040/pico-sdk/src/common/pico_sync/mutex.c.obj
                0x200000c0                mutex_try_enter
 .time_critical.mutex_enter_block_until
                0x20000104       0x54 CMakeFiles/DAWGkit.dir/C_/Users/Andy/Documents/Code/DAWG-Kit/DAWGkit-RP2040/pico-sdk/src/common/pico_sync/mutex.c.obj
                0x20000104                mutex_enter_block_until
 .time_critical.mutex_try_enter_block_until
                0x20000158       0x2e CMakeFiles/DAWGkit.dir/C_/Users/Andy/Documents/Code/DAWG-Kit/DAWGkit-RP2040/pico-sdk/src/common/pico_sync/mutex.c.obj
                0x20000158                mutex_try_enter_block_until
 .time_critical.mutex_exit
                0x20000186       0x28 CMakeFiles/DAWGkit.dir/C_/Users/Andy/Documents/Code/DAWG-Kit/DAWGkit-RP2040/pico-sdk/src/common/pico_sync/mutex.c.obj
                0x20000186                mutex_exit
 *(.text*)
 *fill*         0x200001ae        0x2 
 .text          0x200001b0        0x4 C:/msys64/ucrt64/bin/../lib/gcc/arm-none-eabi/13.3.0/thumb/v6-m/nofp\libgcc.a(_dvmd_tls.o)
                0x200001b0                __aeabi_idiv0
                0x200001b0                __aeabi_ldiv0
 *fill*         0x200001b4        0x4 
 .text.__stub   0x200001b8       0x10 linker stubs
                0x200001c8                        . = ALIGN (0x4)
 *(.rodata*)
                0x200001c8                        . = ALIGN (0x4)
 *(.data*)
 .data.striped_spin_lock_num
                0x200001c8        0x1 CMakeFiles/DAWGkit.dir/C_/Users/Andy/Documents/Code/DAWG-Kit/DAWGkit-RP2040/pico-sdk/src/rp2_common/hardware_sync/sync.c.obj
 *fill*         0x200001c9        0x3 
 .data.default_alarm_pool
                0x200001cc       0x18 CMakeFiles/DAWGkit.dir/C_/Users/Andy/Documents/Code/DAWG-Kit/DAWGkit-RP2040/pico-sdk/src/common/pico_time/time.c.obj
 *fill*         0x200001e4        0xc 
 .data.aeabi_bits_funcs
                0x200001f0       0x10 CMakeFiles/DAWGkit.dir/C_/Users/Andy/Documents/Code/DAWG-Kit/DAWGkit-RP2040/pico-sdk/src/rp2_common/pico_bit_ops/bit_ops_aeabi.S.obj
                0x200001f0                aeabi_bits_funcs
                0x20000200                aeabi_bits_funcs_end
 .data.aeabi_mem_funcs
                0x20000200       0x10 CMakeFiles/DAWGkit.dir/C_/Users/Andy/Documents/Code/DAWG-Kit/DAWGkit-RP2040/pico-sdk/src/rp2_common/pico_mem_ops/mem_ops_aeabi.S.obj
                0x20000200                aeabi_mem_funcs
                0x20000210                aeabi_mem_funcs_end
 .data          0x20000210      0x410 C:/msys64/ucrt64/bin/../lib/gcc/arm-none-eabi/13.3.0/../../../../arm-none-eabi/lib/thumb/v6-m/nofp\libg.a(libc_a-mallocr.o)
                0x20000210                __malloc_sbrk_base
                0x20000214                __malloc_trim_threshold
                0x20000218                __malloc_av_
 .data          0x20000620      0x148 C:/msys64/ucrt64/bin/../lib/gcc/arm-none-eabi/13.3.0/../../../../arm-none-eabi/lib/thumb/v6-m/nofp\libg.a(libc_a-impure.o)
                0x20000620                _impure_ptr
                0x20000628                _impure_data
 .data          0x20000768        0x4 C:/msys64/ucrt64/bin/../lib/gcc/arm-none-eabi/13.3.0/../../../../arm-none-eabi/lib/thumb/v6-m/nofp\libg.a(libc_a-__call_atexit.o)
                0x20000768                __atexit_recursive_mutex
                0x2000076c                        . = ALIGN (0x4)
 *(.after_data.*)
                0x2000076c                        . = ALIGN (0x4)
                0x2000076c                        PROVIDE (__mutex_array_start = .)
 *(SORT_BY_NAME(.mutex_array.*))
 *(.mutex_array)
 .mutex_array   0x2000076c        0x8 CMakeFiles/DAWGkit.dir/C_/Users/Andy/Documents/Code/DAWG-Kit/DAWGkit-RP2040/pico-sdk/src/rp2_common/pico_stdio/stdio.c.obj
                0x20000774                        PROVIDE (__mutex_array_end = .)
                0x20000774                        . = ALIGN (0x4)
                0x20000774                        PROVIDE (__preinit_array_start = .)
 *(SORT_BY_NAME(.preinit_array.*))
 .preinit_array.00100
                0x20000774        0x4 CMakeFiles/DAWGkit.dir/C_/Users/Andy/Documents/Code/DAWG-Kit/DAWGkit-RP2040/pico-sdk/src/rp2_common/pico_runtime_init/runtime_init.c.obj
                0x20000774                __pre_init_runtime_init_early_resets
 .preinit_array.00101
                0x20000778        0x4 CMakeFiles/DAWGkit.dir/C_/Users/Andy/Documents/Code/DAWG-Kit/DAWGkit-RP2040/pico-sdk/src/rp2_common/pico_runtime_init/runtime_init.c.obj
                0x20000778                __pre_init_runtime_init_usb_power_down
 .preinit_array.00275
                0x2000077c        0x4 CMakeFiles/DAWGkit.dir/C_/Users/Andy/Documents/Code/DAWG-Kit/DAWGkit-RP2040/pico-sdk/src/rp2_common/pico_bit_ops/bit_ops_aeabi.S.obj
 .preinit_array.00300
                0x20000780        0x4 CMakeFiles/DAWGkit.dir/C_/Users/Andy/Documents/Code/DAWG-Kit/DAWGkit-RP2040/pico-sdk/src/rp2_common/pico_mem_ops/mem_ops_aeabi.S.obj
 .preinit_array.00350
                0x20000784        0x4 CMakeFiles/DAWGkit.dir/C_/Users/Andy/Documents/Code/DAWG-Kit/DAWGkit-RP2040/pico-sdk/src/rp2_common/pico_double/double_aeabi_rp2040.S.obj
 .preinit_array.00350
                0x20000788        0x4 CMakeFiles/DAWGkit.dir/C_/Users/Andy/Documents/Code/DAWG-Kit/DAWGkit-RP2040/pico-sdk/src/rp2_common/pico_float/float_aeabi_rp2040.S.obj
 .preinit_array.00500
                0x2000078c        0x4 CMakeFiles/DAWGkit.dir/C_/Users/Andy/Documents/Code/DAWG-Kit/DAWGkit-RP2040/pico-sdk/src/rp2_common/pico_runtime_init/runtime_init.c.obj
                0x2000078c                __pre_init_runtime_init_clocks
 .preinit_array.00600
                0x20000790        0x4 CMakeFiles/DAWGkit.dir/C_/Users/Andy/Documents/Code/DAWG-Kit/DAWGkit-RP2040/pico-sdk/src/rp2_common/pico_runtime_init/runtime_init.c.obj
                0x20000790                __pre_init_runtime_init_post_clock_resets
 .preinit_array.00700
                0x20000794        0x4 CMakeFiles/DAWGkit.dir/C_/Users/Andy/Documents/Code/DAWG-Kit/DAWGkit-RP2040/pico-sdk/src/rp2_common/pico_runtime_init/runtime_init.c.obj
                0x20000794                __pre_init_runtime_init_rp2040_gpio_ie_disable
 .preinit_array.01000
                0x20000798        0x4 CMakeFiles/DAWGkit.dir/C_/Users/Andy/Documents/Code/DAWG-Kit/DAWGkit-RP2040/pico-sdk/src/rp2_common/pico_runtime_init/runtime_init.c.obj
                0x20000798                __pre_init_runtime_init_spin_locks_reset
 .preinit_array.01100
                0x2000079c        0x4 CMakeFiles/DAWGkit.dir/C_/Users/Andy/Documents/Code/DAWG-Kit/DAWGkit-RP2040/pico-sdk/src/common/pico_sync/mutex.c.obj
                0x2000079c                __pre_init_runtime_init_mutex
 .preinit_array.10080
                0x200007a0        0x4 CMakeFiles/DAWGkit.dir/C_/Users/Andy/Documents/Code/DAWG-Kit/DAWGkit-RP2040/pico-sdk/src/rp2_common/pico_runtime_init/runtime_init.c.obj
                0x200007a0                __pre_init_runtime_init_install_ram_vector_table
 .preinit_array.11000
                0x200007a4        0x4 CMakeFiles/DAWGkit.dir/C_/Users/Andy/Documents/Code/DAWG-Kit/DAWGkit-RP2040/pico-sdk/src/common/pico_time/time.c.obj
                0x200007a4                __pre_init_runtime_init_default_alarm_pool
 .preinit_array.YYYYY
                0x200007a8        0x4 CMakeFiles/DAWGkit.dir/C_/Users/Andy/Documents/Code/DAWG-Kit/DAWGkit-RP2040/pico-sdk/src/rp2_common/pico_runtime/runtime.c.obj
                0x200007a8                __pre_init_first_per_core_initializer
 .preinit_array.ZZZZZ.01200
                0x200007ac        0x4 CMakeFiles/DAWGkit.dir/C_/Users/Andy/Documents/Code/DAWG-Kit/DAWGkit-RP2040/pico-sdk/src/rp2_common/hardware_irq/irq.c.obj
                0x200007ac                __pre_init_runtime_init_per_core_irq_priorities
 *(.preinit_array)
                0x200007b0                        PROVIDE (__preinit_array_end = .)
                0x200007b0                        . = ALIGN (0x4)
                0x200007b0                        PROVIDE (__init_array_start = .)
 *(SORT_BY_NAME(.init_array.*))
 .init_array.00000
                0x200007b0        0x4 C:/msys64/ucrt64/bin/../lib/gcc/arm-none-eabi/13.3.0/../../../../arm-none-eabi/lib/thumb/v6-m/nofp\libg.a(libc_a-__call_atexit.o)
 *(.init_array)
 .init_array    0x200007b4        0x4 C:/msys64/ucrt64/bin/../lib/gcc/arm-none-eabi/13.3.0/thumb/v6-m/nofp/crtbegin.o
                0x200007b8                        PROVIDE (__init_array_end = .)
                0x200007b8                        . = ALIGN (0x4)
                0x200007b8                        PROVIDE (__fini_array_start = .)
 *(SORT_BY_NAME(.fini_array.*))
 *(.fini_array)
                0x200007b8                        PROVIDE (__fini_array_end = .)
 *(.jcr)
                0x200007b8                        . = ALIGN (0x4)
                0x200007b8                        __data_end__ = .
                0x10fff0fc                        __etext = LOADADDR (.data)

.igot.plt       0x200007b8        0x0 load address 0x10fff7f4
 .igot.plt      0x200007b8        0x0 C:/msys64/ucrt64/bin/../lib/gcc/arm-none-eabi/13.3.0/thumb/v6-m/nofp/crtbegin.o

.uninitialized_data
                0x200007b8        0x0 load address 0x10fff7f4
                0x200007b8                        . = ALIGN (0x4)
 *(.uninitialized_data*)

.scratch_x      0x20040000        0x0 load address 0x10fff7f4
                0x20040000                        __scratch_x_start__ = .
 *(.scratch_x.*)
                0x20040000                        . = ALIGN (0x4)
                0x20040000                        __scratch_x_end__ = .
                0x10fff7f4                        __scratch_x_source__ = LOADADDR (.scratch_x)

.scratch_y      0x20041000        0x0 load address 0x10fff7f4
                0x20041000                        __scratch_y_start__ = .
 *(.scratch_y.*)
                0x20041000                        . = ALIGN (0x4)
                0x20041000                        __scratch_y_end__ = .
                0x10fff7f4                        __scratch_y_source__ = LOADADDR (.scratch_y)

.bss            0x200007b8      0x714
                0x200007b8                        . = ALIGN (0x4)
                0x200007b8                        __bss_start__ = .
 *(SORT_BY_ALIGNMENT(SORT_BY_NAME(.bss*)))
 .bss.default_alarm_pool_entries
                0x200007b8      0x180 CMakeFiles/DAWGkit.dir/C_/Users/Andy/Documents/Code/DAWG-Kit/DAWGkit-RP2040/pico-sdk/src/common/pico_time/time.c.obj
 .bss           0x20000938       0x34 C:/msys64/ucrt64/bin/../lib/gcc/arm-none-eabi/13.3.0/../../../../arm-none-eabi/lib/thumb/v6-m/nofp\libg.a(libc_a-mallocr.o)
                0x20000938                __malloc_top_pad
                0x2000093c                __malloc_current_mallinfo
                0x20000964                __malloc_max_sbrked_mem
                0x20000968                __malloc_max_total_mem
 .bss           0x2000096c       0x1d C:/msys64/ucrt64/bin/../lib/gcc/arm-none-eabi/13.3.0/../../../../arm-none-eabi/lib/thumb/v6-m/nofp\libg.a(libc_a-lock.o)
                0x2000096c                __lock___arc4random_mutex
                0x20000970                __lock___dd_hash_mutex
                0x20000974                __lock___tz_mutex
                0x20000978                __lock___env_recursive_mutex
                0x2000097c                __lock___malloc_recursive_mutex
                0x20000980                __lock___at_quick_exit_mutex
                0x20000984                __lock___atexit_recursive_mutex
                0x20000988                __lock___sfp_recursive_mutex
 *fill*         0x20000989        0x3 
 .bss           0x2000098c      0x190 C:/msys64/ucrt64/bin/../lib/gcc/arm-none-eabi/13.3.0/../../../../arm-none-eabi/lib/thumb/v6-m/nofp\libg.a(libc_a-__atexit.o)
                0x2000098c                __atexit0
 .bss           0x20000b1c        0x4 C:/msys64/ucrt64/bin/../lib/gcc/arm-none-eabi/13.3.0/../../../../arm-none-eabi/lib/thumb/v6-m/nofp\libg.a(libc_a-__call_atexit.o)
                0x20000b1c                __atexit
 .bss           0x20000b20      0x13c C:/msys64/ucrt64/bin/../lib/gcc/arm-none-eabi/13.3.0/../../../../arm-none-eabi/lib/thumb/v6-m/nofp\libg.a(libc_a-findfp.o)
                0x20000b20                __stdio_exit_handler
                0x20000b24                __sf
 .bss           0x20000c5c        0x4 C:/msys64/ucrt64/bin/../lib/gcc/arm-none-eabi/13.3.0/../../../../arm-none-eabi/lib/thumb/v6-m/nofp\libg.a(libc_a-reent.o)
                0x20000c5c                errno
 .bss.configured_freq
                0x20000c60       0x28 CMakeFiles/DAWGkit.dir/C_/Users/Andy/Documents/Code/DAWG-Kit/DAWGkit-RP2040/pico-sdk/src/rp2_common/hardware_clocks/clocks.c.obj
 .bss.drivers   0x20000c88        0x4 CMakeFiles/DAWGkit.dir/C_/Users/Andy/Documents/Code/DAWG-Kit/DAWGkit-RP2040/pico-sdk/src/rp2_common/pico_stdio/stdio.c.obj
 .bss.filter    0x20000c8c        0x4 CMakeFiles/DAWGkit.dir/C_/Users/Andy/Documents/Code/DAWG-Kit/DAWGkit-RP2040/pico-sdk/src/rp2_common/pico_stdio/stdio.c.obj
 .bss.heap_end.0
                0x20000c90        0x4 CMakeFiles/DAWGkit.dir/C_/Users/Andy/Documents/Code/DAWG-Kit/DAWGkit-RP2040/pico-sdk/src/rp2_common/pico_clib_interface/newlib_interface.c.obj
 .bss.lazy_vsnprintf
                0x20000c94        0x4 CMakeFiles/DAWGkit.dir/C_/Users/Andy/Documents/Code/DAWG-Kit/DAWGkit-RP2040/pico-sdk/src/rp2_common/pico_printf/printf.c.obj
 .bss.object.0  0x20000c98       0x18 C:/msys64/ucrt64/bin/../lib/gcc/arm-none-eabi/13.3.0/thumb/v6-m/nofp/crtbegin.o
 .bss.pools     0x20000cb0       0x10 CMakeFiles/DAWGkit.dir/C_/Users/Andy/Documents/Code/DAWG-Kit/DAWGkit-RP2040/pico-sdk/src/common/pico_time/time.c.obj
 .bss.sd_table  0x20000cc0      0x100 CMakeFiles/DAWGkit.dir/C_/Users/Andy/Documents/Code/DAWG-Kit/DAWGkit-RP2040/pico-sdk/src/rp2_common/pico_double/double_init_rom_rp2040.c.obj
                0x20000cc0                sd_table
 .bss.sf_clz_func
                0x20000dc0        0x4 CMakeFiles/DAWGkit.dir/C_/Users/Andy/Documents/Code/DAWG-Kit/DAWGkit-RP2040/pico-sdk/src/rp2_common/pico_double/double_init_rom_rp2040.c.obj
                0x20000dc0                sf_clz_func
 .bss.sf_table  0x20000dc4      0x100 CMakeFiles/DAWGkit.dir/C_/Users/Andy/Documents/Code/DAWG-Kit/DAWGkit-RP2040/pico-sdk/src/rp2_common/pico_float/float_init_rom_rp2040.c.obj
                0x20000dc4                sf_table
 .bss.sleep_notifier
                0x20000ec4        0x4 CMakeFiles/DAWGkit.dir/C_/Users/Andy/Documents/Code/DAWG-Kit/DAWGkit-RP2040/pico-sdk/src/common/pico_time/time.c.obj
 .bss.claimed   0x20000ec8        0x1 CMakeFiles/DAWGkit.dir/C_/Users/Andy/Documents/Code/DAWG-Kit/DAWGkit-RP2040/pico-sdk/src/rp2_common/hardware_timer/timer.c.obj
 *(COMMON)
                0x20000ecc                        . = ALIGN (0x4)
 *fill*         0x20000ec9        0x3 
                0x20000ecc                        __bss_end__ = .

.heap           0x20000ecc      0x800
                0x20000ecc                        __end__ = .
                0x20000ecc                        end = __end__
 *(.heap*)
 .heap          0x20000ecc      0x800 CMakeFiles/DAWGkit.dir/C_/Users/Andy/Documents/Code/DAWG-Kit/DAWGkit-RP2040/pico-sdk/src/rp2_common/pico_crt0/crt0.S.obj
                0x200016cc                        __HeapLimit = .

.stack1_dummy
 *(.stack1*)

.stack_dummy    0x20041000      0x800
 *(.stack*)
 .stack         0x20041000      0x800 CMakeFiles/DAWGkit.dir/C_/Users/Andy/Documents/Code/DAWG-Kit/DAWGkit-RP2040/pico-sdk/src/rp2_common/pico_crt0/crt0.S.obj

.rel.dyn        0x20041800        0x0
 .rel.iplt      0x20041800        0x0 C:/msys64/ucrt64/bin/../lib/gcc/arm-none-eabi/13.3.0/thumb/v6-m/nofp/crtbegin.o

.flash_end      0x10fff7f4        0x0
                0x10fff7f4                        PROVIDE (__flash_binary_end = .)
                0x20040000                        __StackLimit = (ORIGIN (RAM) + LENGTH (RAM))
                0x20041000                        __StackOneTop = (ORIGIN (SCRATCH_X) + LENGTH (SCRATCH_X))
                0x20042000                        __StackTop = (ORIGIN (SCRATCH_Y) + LENGTH (SCRATCH_Y))
                0x20041000                        __StackOneBottom = (__StackOneTop - SIZEOF (.stack1_dummy))
                0x20041800                        __StackBottom = (__StackTop - SIZEOF (.stack_dummy))
                0x20042000                        PROVIDE (__stack = __StackTop)
                0x00000001                        ASSERT ((__StackLimit >= __HeapLimit), region RAM overflowed)
                0x00000001                        ASSERT (((__binary_info_header_end - __logical_binary_start) <= 0x100), Binary info must be in first 256 bytes of the binary)
LOAD CMakeFiles/DAWGkit.dir/boot3.c.obj
LOAD CMakeFiles/DAWGkit.dir/boot3_start.S.obj
LOAD CMakeFiles/DAWGkit.dir/bootrom/program_flash_generic.c.obj
LOAD CMakeFiles/DAWGkit.dir/bootrom/bootrom_misc.S.obj
LOAD CMakeFiles/DAWGkit.dir/bootrom/mufplib.S.obj
LOAD CMakeFiles/DAWGkit.dir/bootrom/mufplib-double.S.obj
LOAD CMakeFiles/DAWGkit.dir/bootrom/bit_functions.S.obj
LOAD CMakeFiles/DAWGkit.dir/bootrom/runtime.c.obj
LOAD CMakeFiles/DAWGkit.dir/bootrom/resets.S.obj
LOAD CMakeFiles/DAWGkit.dir/C_/Users/Andy/Documents/Code/DAWG-Kit/DAWGkit-RP2040/pico-sdk/src/rp2_common/pico_stdlib/stdlib.c.obj
LOAD CMakeFiles/DAWGkit.dir/C_/Users/Andy/Documents/Code/DAWG-Kit/DAWGkit-RP2040/pico-sdk/src/rp2_common/hardware_gpio/gpio.c.obj
LOAD CMakeFiles/DAWGkit.dir/C_/Users/Andy/Documents/Code/DAWG-Kit/DAWGkit-RP2040/pico-sdk/src/rp2040/pico_platform/platform.c.obj
LOAD CMakeFiles/DAWGkit.dir/C_/Users/Andy/Documents/Code/DAWG-Kit/DAWGkit-RP2040/pico-sdk/src/rp2_common/pico_platform_common/common.c.obj
LOAD CMakeFiles/DAWGkit.dir/C_/Users/Andy/Documents/Code/DAWG-Kit/DAWGkit-RP2040/pico-sdk/src/rp2_common/pico_platform_panic/panic.c.obj
LOAD CMakeFiles/DAWGkit.dir/C_/Users/Andy/Documents/Code/DAWG-Kit/DAWGkit-RP2040/pico-sdk/src/common/hardware_claim/claim.c.obj
LOAD CMakeFiles/DAWGkit.dir/C_/Users/Andy/Documents/Code/DAWG-Kit/DAWGkit-RP2040/pico-sdk/src/rp2_common/hardware_sync/sync.c.obj
LOAD CMakeFiles/DAWGkit.dir/C_/Users/Andy/Documents/Code/DAWG-Kit/DAWGkit-RP2040/pico-sdk/src/rp2_common/hardware_sync_spin_lock/sync_spin_lock.c.obj
LOAD CMakeFiles/DAWGkit.dir/C_/Users/Andy/Documents/Code/DAWG-Kit/DAWGkit-RP2040/pico-sdk/src/rp2_common/hardware_irq/irq.c.obj
LOAD CMakeFiles/DAWGkit.dir/C_/Users/Andy/Documents/Code/DAWG-Kit/DAWGkit-RP2040/pico-sdk/src/rp2_common/hardware_irq/irq_handler_chain.S.obj
LOAD CMakeFiles/DAWGkit.dir/C_/Users/Andy/Documents/Code/DAWG-Kit/DAWGkit-RP2040/pico-sdk/src/common/pico_sync/sem.c.obj
LOAD CMakeFiles/DAWGkit.dir/C_/Users/Andy/Documents/Code/DAWG-Kit/DAWGkit-RP2040/pico-sdk/src/common/pico_sync/lock_core.c.obj
LOAD CMakeFiles/DAWGkit.dir/C_/Users/Andy/Documents/Code/DAWG-Kit/DAWGkit-RP2040/pico-sdk/src/common/pico_sync/mutex.c.obj
LOAD CMakeFiles/DAWGkit.dir/C_/Users/Andy/Documents/Code/DAWG-Kit/DAWGkit-RP2040/pico-sdk/src/common/pico_sync/critical_section.c.obj
LOAD CMakeFiles/DAWGkit.dir/C_/Users/Andy/Documents/Code/DAWG-Kit/DAWGkit-RP2040/pico-sdk/src/common/pico_time/time.c.obj
LOAD CMakeFiles/DAWGkit.dir/C_/Users/Andy/Documents/Code/DAWG-Kit/DAWGkit-RP2040/pico-sdk/src/common/pico_time/timeout_helper.c.obj
LOAD CMakeFiles/DAWGkit.dir/C_/Users/Andy/Documents/Code/DAWG-Kit/DAWGkit-RP2040/pico-sdk/src/rp2_common/hardware_timer/timer.c.obj
LOAD CMakeFiles/DAWGkit.dir/C_/Users/Andy/Documents/Code/DAWG-Kit/DAWGkit-RP2040/pico-sdk/src/common/pico_util/datetime.c.obj
LOAD CMakeFiles/DAWGkit.dir/C_/Users/Andy/Documents/Code/DAWG-Kit/DAWGkit-RP2040/pico-sdk/src/common/pico_util/pheap.c.obj
LOAD CMakeFiles/DAWGkit.dir/C_/Users/Andy/Documents/Code/DAWG-Kit/DAWGkit-RP2040/pico-sdk/src/common/pico_util/queue.c.obj
LOAD CMakeFiles/DAWGkit.dir/C_/Users/Andy/Documents/Code/DAWG-Kit/DAWGkit-RP2040/pico-sdk/src/rp2_common/hardware_uart/uart.c.obj
LOAD CMakeFiles/DAWGkit.dir/C_/Users/Andy/Documents/Code/DAWG-Kit/DAWGkit-RP2040/pico-sdk/src/rp2_common/hardware_clocks/clocks.c.obj
LOAD CMakeFiles/DAWGkit.dir/C_/Users/Andy/Documents/Code/DAWG-Kit/DAWGkit-RP2040/pico-sdk/src/rp2_common/hardware_pll/pll.c.obj
LOAD CMakeFiles/DAWGkit.dir/C_/Users/Andy/Documents/Code/DAWG-Kit/DAWGkit-RP2040/pico-sdk/src/rp2_common/hardware_vreg/vreg.c.obj
LOAD CMakeFiles/DAWGkit.dir/C_/Users/Andy/Documents/Code/DAWG-Kit/DAWGkit-RP2040/pico-sdk/src/rp2_common/hardware_watchdog/watchdog.c.obj
LOAD CMakeFiles/DAWGkit.dir/C_/Users/Andy/Documents/Code/DAWG-Kit/DAWGkit-RP2040/pico-sdk/src/rp2_common/hardware_ticks/ticks.c.obj
LOAD CMakeFiles/DAWGkit.dir/C_/Users/Andy/Documents/Code/DAWG-Kit/DAWGkit-RP2040/pico-sdk/src/rp2_common/pico_bootrom/bootrom.c.obj
LOAD CMakeFiles/DAWGkit.dir/C_/Users/Andy/Documents/Code/DAWG-Kit/DAWGkit-RP2040/pico-sdk/src/rp2_common/pico_bootrom/bootrom_lock.c.obj
LOAD CMakeFiles/DAWGkit.dir/C_/Users/Andy/Documents/Code/DAWG-Kit/DAWGkit-RP2040/pico-sdk/src/rp2_common/hardware_boot_lock/boot_lock.c.obj
LOAD CMakeFiles/DAWGkit.dir/C_/Users/Andy/Documents/Code/DAWG-Kit/DAWGkit-RP2040/pico-sdk/src/rp2_common/pico_flash/flash.c.obj
LOAD CMakeFiles/DAWGkit.dir/C_/Users/Andy/Documents/Code/DAWG-Kit/DAWGkit-RP2040/pico-sdk/src/rp2_common/hardware_xosc/xosc.c.obj
LOAD CMakeFiles/DAWGkit.dir/C_/Users/Andy/Documents/Code/DAWG-Kit/DAWGkit-RP2040/pico-sdk/src/rp2_common/hardware_divider/divider.S.obj
LOAD CMakeFiles/DAWGkit.dir/C_/Users/Andy/Documents/Code/DAWG-Kit/DAWGkit-RP2040/pico-sdk/src/rp2_common/pico_runtime/runtime.c.obj
LOAD CMakeFiles/DAWGkit.dir/C_/Users/Andy/Documents/Code/DAWG-Kit/DAWGkit-RP2040/pico-sdk/src/rp2_common/pico_runtime_init/runtime_init.c.obj
LOAD CMakeFiles/DAWGkit.dir/C_/Users/Andy/Documents/Code/DAWG-Kit/DAWGkit-RP2040/pico-sdk/src/rp2_common/pico_runtime_init/runtime_init_clocks.c.obj
LOAD CMakeFiles/DAWGkit.dir/C_/Users/Andy/Documents/Code/DAWG-Kit/DAWGkit-RP2040/pico-sdk/src/rp2_common/pico_runtime_init/runtime_init_stack_guard.c.obj
LOAD CMakeFiles/DAWGkit.dir/C_/Users/Andy/Documents/Code/DAWG-Kit/DAWGkit-RP2040/pico-sdk/src/rp2_common/pico_bit_ops/bit_ops_aeabi.S.obj
LOAD CMakeFiles/DAWGkit.dir/C_/Users/Andy/Documents/Code/DAWG-Kit/DAWGkit-RP2040/pico-sdk/src/rp2_common/pico_divider/divider_hardware.S.obj
LOAD CMakeFiles/DAWGkit.dir/C_/Users/Andy/Documents/Code/DAWG-Kit/DAWGkit-RP2040/pico-sdk/src/rp2_common/pico_double/double_aeabi_rp2040.S.obj
LOAD CMakeFiles/DAWGkit.dir/C_/Users/Andy/Documents/Code/DAWG-Kit/DAWGkit-RP2040/pico-sdk/src/rp2_common/pico_double/double_init_rom_rp2040.c.obj
LOAD CMakeFiles/DAWGkit.dir/C_/Users/Andy/Documents/Code/DAWG-Kit/DAWGkit-RP2040/pico-sdk/src/rp2_common/pico_double/double_math.c.obj
LOAD CMakeFiles/DAWGkit.dir/C_/Users/Andy/Documents/Code/DAWG-Kit/DAWGkit-RP2040/pico-sdk/src/rp2_common/pico_double/double_v1_rom_shim_rp2040.S.obj
LOAD CMakeFiles/DAWGkit.dir/C_/Users/Andy/Documents/Code/DAWG-Kit/DAWGkit-RP2040/pico-sdk/src/rp2_common/pico_int64_ops/pico_int64_ops_aeabi.S.obj
LOAD CMakeFiles/DAWGkit.dir/C_/Users/Andy/Documents/Code/DAWG-Kit/DAWGkit-RP2040/pico-sdk/src/rp2_common/pico_float/float_aeabi_rp2040.S.obj
LOAD CMakeFiles/DAWGkit.dir/C_/Users/Andy/Documents/Code/DAWG-Kit/DAWGkit-RP2040/pico-sdk/src/rp2_common/pico_float/float_init_rom_rp2040.c.obj
LOAD CMakeFiles/DAWGkit.dir/C_/Users/Andy/Documents/Code/DAWG-Kit/DAWGkit-RP2040/pico-sdk/src/rp2_common/pico_float/float_math.c.obj
LOAD CMakeFiles/DAWGkit.dir/C_/Users/Andy/Documents/Code/DAWG-Kit/DAWGkit-RP2040/pico-sdk/src/rp2_common/pico_float/float_v1_rom_shim_rp2040.S.obj
LOAD CMakeFiles/DAWGkit.dir/C_/Users/Andy/Documents/Code/DAWG-Kit/DAWGkit-RP2040/pico-sdk/src/rp2_common/pico_malloc/malloc.c.obj
LOAD CMakeFiles/DAWGkit.dir/C_/Users/Andy/Documents/Code/DAWG-Kit/DAWGkit-RP2040/pico-sdk/src/rp2_common/pico_mem_ops/mem_ops_aeabi.S.obj
LOAD CMakeFiles/DAWGkit.dir/C_/Users/Andy/Documents/Code/DAWG-Kit/DAWGkit-RP2040/pico-sdk/src/rp2_common/pico_atomic/atomic.c.obj
LOAD CMakeFiles/DAWGkit.dir/C_/Users/Andy/Documents/Code/DAWG-Kit/DAWGkit-RP2040/pico-sdk/src/rp2_common/pico_cxx_options/new_delete.cpp.obj
LOAD CMakeFiles/DAWGkit.dir/C_/Users/Andy/Documents/Code/DAWG-Kit/DAWGkit-RP2040/pico-sdk/src/rp2_common/pico_standard_binary_info/standard_binary_info.c.obj
LOAD CMakeFiles/DAWGkit.dir/C_/Users/Andy/Documents/Code/DAWG-Kit/DAWGkit-RP2040/pico-sdk/src/rp2_common/pico_printf/printf.c.obj
LOAD CMakeFiles/DAWGkit.dir/C_/Users/Andy/Documents/Code/DAWG-Kit/DAWGkit-RP2040/pico-sdk/src/rp2_common/pico_crt0/crt0.S.obj
LOAD CMakeFiles/DAWGkit.dir/C_/Users/Andy/Documents/Code/DAWG-Kit/DAWGkit-RP2040/pico-sdk/src/rp2_common/pico_clib_interface/newlib_interface.c.obj
LOAD CMakeFiles/DAWGkit.dir/C_/Users/Andy/Documents/Code/DAWG-Kit/DAWGkit-RP2040/pico-sdk/src/rp2_common/pico_stdio/stdio.c.obj
LOAD CMakeFiles/DAWGkit.dir/C_/Users/Andy/Documents/Code/DAWG-Kit/DAWGkit-RP2040/pico-sdk/src/rp2_common/pico_stdio_uart/stdio_uart.c.obj
LOAD pico-sdk/src/rp2040/boot_stage2/CMakeFiles/bs2_default_library.dir/./bs2_default_padded_checksummed.S.obj
LOAD C:/msys64/ucrt64/bin/../lib/gcc/arm-none-eabi/13.3.0/../../../../arm-none-eabi/lib/thumb/v6-m/nofp\libstdc++.a
LOAD C:/msys64/ucrt64/bin/../lib/gcc/arm-none-eabi/13.3.0/../../../../arm-none-eabi/lib/thumb/v6-m/nofp\libm.a
START GROUP
LOAD C:/msys64/ucrt64/bin/../lib/gcc/arm-none-eabi/13.3.0/thumb/v6-m/nofp\libgcc.a
LOAD C:/msys64/ucrt64/bin/../lib/gcc/arm-none-eabi/13.3.0/../../../../arm-none-eabi/lib/thumb/v6-m/nofp\libg.a
LOAD C:/msys64/ucrt64/bin/../lib/gcc/arm-none-eabi/13.3.0/../../../../arm-none-eabi/lib/thumb/v6-m/nofp\libc.a
END GROUP
START GROUP
LOAD C:/msys64/ucrt64/bin/../lib/gcc/arm-none-eabi/13.3.0/thumb/v6-m/nofp\libgcc.a
LOAD C:/msys64/ucrt64/bin/../lib/gcc/arm-none-eabi/13.3.0/../../../../arm-none-eabi/lib/thumb/v6-m/nofp\libc.a
LOAD C:/msys64/ucrt64/bin/../lib/gcc/arm-none-eabi/13.3.0/../../../../arm-none-eabi/lib/thumb/v6-m/nofp\libnosys.a
END GROUP
LOAD C:/msys64/ucrt64/bin/../lib/gcc/arm-none-eabi/13.3.0/thumb/v6-m/nofp/crtend.o
LOAD C:/msys64/ucrt64/bin/../lib/gcc/arm-none-eabi/13.3.0/thumb/v6-m/nofp/crtn.o
OUTPUT(DAWGkit.elf elf32-littlearm)
LOAD linker stubs

.ARM.attributes
                0x00000000       0x28
 .ARM.attributes
                0x00000000       0x1e C:/msys64/ucrt64/bin/../lib/gcc/arm-none-eabi/13.3.0/thumb/v6-m/nofp/crti.o
 .ARM.attributes
                0x0000001e       0x2c C:/msys64/ucrt64/bin/../lib/gcc/arm-none-eabi/13.3.0/thumb/v6-m/nofp/crtbegin.o
 .ARM.attributes
                0x0000004a       0x2c CMakeFiles/DAWGkit.dir/boot3.c.obj
 .ARM.attributes
                0x00000076       0x21 CMakeFiles/DAWGkit.dir/boot3_start.S.obj
 .ARM.attributes
                0x00000097       0x2c CMakeFiles/DAWGkit.dir/bootrom/program_flash_generic.c.obj
 .ARM.attributes
                0x000000c3       0x21 CMakeFiles/DAWGkit.dir/bootrom/bootrom_misc.S.obj
 .ARM.attributes
                0x000000e4       0x2c CMakeFiles/DAWGkit.dir/bootrom/runtime.c.obj
 .ARM.attributes
                0x00000110       0x2c CMakeFiles/DAWGkit.dir/C_/Users/Andy/Documents/Code/DAWG-Kit/DAWGkit-RP2040/pico-sdk/src/rp2_common/hardware_gpio/gpio.c.obj
 .ARM.attributes
                0x0000013c       0x2c CMakeFiles/DAWGkit.dir/C_/Users/Andy/Documents/Code/DAWG-Kit/DAWGkit-RP2040/pico-sdk/src/rp2_common/pico_platform_panic/panic.c.obj
 .ARM.attributes
                0x00000168       0x2c CMakeFiles/DAWGkit.dir/C_/Users/Andy/Documents/Code/DAWG-Kit/DAWGkit-RP2040/pico-sdk/src/common/hardware_claim/claim.c.obj
 .ARM.attributes
                0x00000194       0x2c CMakeFiles/DAWGkit.dir/C_/Users/Andy/Documents/Code/DAWG-Kit/DAWGkit-RP2040/pico-sdk/src/rp2_common/hardware_sync/sync.c.obj
 .ARM.attributes
                0x000001c0       0x2c CMakeFiles/DAWGkit.dir/C_/Users/Andy/Documents/Code/DAWG-Kit/DAWGkit-RP2040/pico-sdk/src/rp2_common/hardware_sync_spin_lock/sync_spin_lock.c.obj
 .ARM.attributes
                0x000001ec       0x2c CMakeFiles/DAWGkit.dir/C_/Users/Andy/Documents/Code/DAWG-Kit/DAWGkit-RP2040/pico-sdk/src/rp2_common/hardware_irq/irq.c.obj
 .ARM.attributes
                0x00000218       0x2c CMakeFiles/DAWGkit.dir/C_/Users/Andy/Documents/Code/DAWG-Kit/DAWGkit-RP2040/pico-sdk/src/common/pico_sync/lock_core.c.obj
 .ARM.attributes
                0x00000244       0x2c CMakeFiles/DAWGkit.dir/C_/Users/Andy/Documents/Code/DAWG-Kit/DAWGkit-RP2040/pico-sdk/src/common/pico_sync/mutex.c.obj
 .ARM.attributes
                0x00000270       0x2c CMakeFiles/DAWGkit.dir/C_/Users/Andy/Documents/Code/DAWG-Kit/DAWGkit-RP2040/pico-sdk/src/common/pico_time/time.c.obj
 .ARM.attributes
                0x0000029c       0x2c CMakeFiles/DAWGkit.dir/C_/Users/Andy/Documents/Code/DAWG-Kit/DAWGkit-RP2040/pico-sdk/src/rp2_common/hardware_timer/timer.c.obj
 .ARM.attributes
                0x000002c8       0x2c CMakeFiles/DAWGkit.dir/C_/Users/Andy/Documents/Code/DAWG-Kit/DAWGkit-RP2040/pico-sdk/src/rp2_common/hardware_clocks/clocks.c.obj
 .ARM.attributes
                0x000002f4       0x2c CMakeFiles/DAWGkit.dir/C_/Users/Andy/Documents/Code/DAWG-Kit/DAWGkit-RP2040/pico-sdk/src/rp2_common/hardware_pll/pll.c.obj
 .ARM.attributes
                0x00000320       0x2c CMakeFiles/DAWGkit.dir/C_/Users/Andy/Documents/Code/DAWG-Kit/DAWGkit-RP2040/pico-sdk/src/rp2_common/hardware_ticks/ticks.c.obj
 .ARM.attributes
                0x0000034c       0x2c CMakeFiles/DAWGkit.dir/C_/Users/Andy/Documents/Code/DAWG-Kit/DAWGkit-RP2040/pico-sdk/src/rp2_common/pico_bootrom/bootrom.c.obj
 .ARM.attributes
                0x00000378       0x2c CMakeFiles/DAWGkit.dir/C_/Users/Andy/Documents/Code/DAWG-Kit/DAWGkit-RP2040/pico-sdk/src/rp2_common/hardware_xosc/xosc.c.obj
 .ARM.attributes
                0x000003a4       0x2c CMakeFiles/DAWGkit.dir/C_/Users/Andy/Documents/Code/DAWG-Kit/DAWGkit-RP2040/pico-sdk/src/rp2_common/pico_runtime/runtime.c.obj
 .ARM.attributes
                0x000003d0       0x2c CMakeFiles/DAWGkit.dir/C_/Users/Andy/Documents/Code/DAWG-Kit/DAWGkit-RP2040/pico-sdk/src/rp2_common/pico_runtime_init/runtime_init.c.obj
 .ARM.attributes
                0x000003fc       0x2c CMakeFiles/DAWGkit.dir/C_/Users/Andy/Documents/Code/DAWG-Kit/DAWGkit-RP2040/pico-sdk/src/rp2_common/pico_runtime_init/runtime_init_clocks.c.obj
 .ARM.attributes
                0x00000428       0x22 CMakeFiles/DAWGkit.dir/C_/Users/Andy/Documents/Code/DAWG-Kit/DAWGkit-RP2040/pico-sdk/src/rp2_common/pico_bit_ops/bit_ops_aeabi.S.obj
 .ARM.attributes
                0x0000044a       0x22 CMakeFiles/DAWGkit.dir/C_/Users/Andy/Documents/Code/DAWG-Kit/DAWGkit-RP2040/pico-sdk/src/rp2_common/pico_divider/divider_hardware.S.obj
 .ARM.attributes
                0x0000046c       0x22 CMakeFiles/DAWGkit.dir/C_/Users/Andy/Documents/Code/DAWG-Kit/DAWGkit-RP2040/pico-sdk/src/rp2_common/pico_double/double_aeabi_rp2040.S.obj
 .ARM.attributes
                0x0000048e       0x2c CMakeFiles/DAWGkit.dir/C_/Users/Andy/Documents/Code/DAWG-Kit/DAWGkit-RP2040/pico-sdk/src/rp2_common/pico_double/double_init_rom_rp2040.c.obj
 .ARM.attributes
                0x000004ba       0x22 CMakeFiles/DAWGkit.dir/C_/Users/Andy/Documents/Code/DAWG-Kit/DAWGkit-RP2040/pico-sdk/src/rp2_common/pico_double/double_v1_rom_shim_rp2040.S.obj
 .ARM.attributes
                0x000004dc       0x22 CMakeFiles/DAWGkit.dir/C_/Users/Andy/Documents/Code/DAWG-Kit/DAWGkit-RP2040/pico-sdk/src/rp2_common/pico_float/float_aeabi_rp2040.S.obj
 .ARM.attributes
                0x000004fe       0x2c CMakeFiles/DAWGkit.dir/C_/Users/Andy/Documents/Code/DAWG-Kit/DAWGkit-RP2040/pico-sdk/src/rp2_common/pico_float/float_init_rom_rp2040.c.obj
 .ARM.attributes
                0x0000052a       0x22 CMakeFiles/DAWGkit.dir/C_/Users/Andy/Documents/Code/DAWG-Kit/DAWGkit-RP2040/pico-sdk/src/rp2_common/pico_float/float_v1_rom_shim_rp2040.S.obj
 .ARM.attributes
                0x0000054c       0x2c CMakeFiles/DAWGkit.dir/C_/Users/Andy/Documents/Code/DAWG-Kit/DAWGkit-RP2040/pico-sdk/src/rp2_common/pico_malloc/malloc.c.obj
 .ARM.attributes
                0x00000578       0x22 CMakeFiles/DAWGkit.dir/C_/Users/Andy/Documents/Code/DAWG-Kit/DAWGkit-RP2040/pico-sdk/src/rp2_common/pico_mem_ops/mem_ops_aeabi.S.obj
 .ARM.attributes
                0x0000059a       0x2c CMakeFiles/DAWGkit.dir/C_/Users/Andy/Documents/Code/DAWG-Kit/DAWGkit-RP2040/pico-sdk/src/rp2_common/pico_standard_binary_info/standard_binary_info.c.obj
 .ARM.attributes
                0x000005c6       0x2c CMakeFiles/DAWGkit.dir/C_/Users/Andy/Documents/Code/DAWG-Kit/DAWGkit-RP2040/pico-sdk/src/rp2_common/pico_printf/printf.c.obj
 .ARM.attributes
                0x000005f2       0x22 CMakeFiles/DAWGkit.dir/C_/Users/Andy/Documents/Code/DAWG-Kit/DAWGkit-RP2040/pico-sdk/src/rp2_common/pico_crt0/crt0.S.obj
 .ARM.attributes
                0x00000614       0x2c CMakeFiles/DAWGkit.dir/C_/Users/Andy/Documents/Code/DAWG-Kit/DAWGkit-RP2040/pico-sdk/src/rp2_common/pico_clib_interface/newlib_interface.c.obj
 .ARM.attributes
                0x00000640       0x2c CMakeFiles/DAWGkit.dir/C_/Users/Andy/Documents/Code/DAWG-Kit/DAWGkit-RP2040/pico-sdk/src/rp2_common/pico_stdio/stdio.c.obj
 .ARM.attributes
                0x0000066c       0x22 pico-sdk/src/rp2040/boot_stage2/CMakeFiles/bs2_default_library.dir/./bs2_default_padded_checksummed.S.obj
 .ARM.attributes
                0x0000068e       0x1e C:/msys64/ucrt64/bin/../lib/gcc/arm-none-eabi/13.3.0/thumb/v6-m/nofp\libgcc.a(_dvmd_tls.o)
 .ARM.attributes
                0x000006ac       0x2c C:/msys64/ucrt64/bin/../lib/gcc/arm-none-eabi/13.3.0/../../../../arm-none-eabi/lib/thumb/v6-m/nofp\libg.a(libc_a-atexit.o)
 .ARM.attributes
                0x000006d8       0x2c C:/msys64/ucrt64/bin/../lib/gcc/arm-none-eabi/13.3.0/../../../../arm-none-eabi/lib/thumb/v6-m/nofp\libg.a(libc_a-malloc.o)
 .ARM.attributes
                0x00000704       0x2c C:/msys64/ucrt64/bin/../lib/gcc/arm-none-eabi/13.3.0/../../../../arm-none-eabi/lib/thumb/v6-m/nofp\libg.a(libc_a-mallocr.o)
 .ARM.attributes
                0x00000730       0x2c C:/msys64/ucrt64/bin/../lib/gcc/arm-none-eabi/13.3.0/../../../../arm-none-eabi/lib/thumb/v6-m/nofp\libg.a(libc_a-mlock.o)
 .ARM.attributes
                0x0000075c       0x2c C:/msys64/ucrt64/bin/../lib/gcc/arm-none-eabi/13.3.0/../../../../arm-none-eabi/lib/thumb/v6-m/nofp\libg.a(libc_a-impure.o)
 .ARM.attributes
                0x00000788       0x2c C:/msys64/ucrt64/bin/../lib/gcc/arm-none-eabi/13.3.0/../../../../arm-none-eabi/lib/thumb/v6-m/nofp\libg.a(libc_a-sbrkr.o)
 .ARM.attributes
                0x000007b4       0x2c C:/msys64/ucrt64/bin/../lib/gcc/arm-none-eabi/13.3.0/../../../../arm-none-eabi/lib/thumb/v6-m/nofp\libg.a(libc_a-errno.o)
 .ARM.attributes
                0x000007e0       0x2c C:/msys64/ucrt64/bin/../lib/gcc/arm-none-eabi/13.3.0/../../../../arm-none-eabi/lib/thumb/v6-m/nofp\libg.a(libc_a-fini.o)
 .ARM.attributes
                0x0000080c       0x2c C:/msys64/ucrt64/bin/../lib/gcc/arm-none-eabi/13.3.0/../../../../arm-none-eabi/lib/thumb/v6-m/nofp\libg.a(libc_a-lock.o)
 .ARM.attributes
                0x00000838       0x2c C:/msys64/ucrt64/bin/../lib/gcc/arm-none-eabi/13.3.0/../../../../arm-none-eabi/lib/thumb/v6-m/nofp\libg.a(libc_a-sysconf.o)
 .ARM.attributes
                0x00000864       0x2c C:/msys64/ucrt64/bin/../lib/gcc/arm-none-eabi/13.3.0/../../../../arm-none-eabi/lib/thumb/v6-m/nofp\libg.a(libc_a-strlen-stub.o)
 .ARM.attributes
                0x00000890       0x2c C:/msys64/ucrt64/bin/../lib/gcc/arm-none-eabi/13.3.0/../../../../arm-none-eabi/lib/thumb/v6-m/nofp\libg.a(libc_a-__atexit.o)
 .ARM.attributes
                0x000008bc       0x2c C:/msys64/ucrt64/bin/../lib/gcc/arm-none-eabi/13.3.0/../../../../arm-none-eabi/lib/thumb/v6-m/nofp\libg.a(libc_a-__call_atexit.o)
 .ARM.attributes
                0x000008e8       0x2c C:/msys64/ucrt64/bin/../lib/gcc/arm-none-eabi/13.3.0/../../../../arm-none-eabi/lib/thumb/v6-m/nofp\libg.a(libc_a-freer.o)
 .ARM.attributes
                0x00000914       0x2c C:/msys64/ucrt64/bin/../lib/gcc/arm-none-eabi/13.3.0/../../../../arm-none-eabi/lib/thumb/v6-m/nofp\libg.a(libc_a-findfp.o)
 .ARM.attributes
                0x00000940       0x2c C:/msys64/ucrt64/bin/../lib/gcc/arm-none-eabi/13.3.0/../../../../arm-none-eabi/lib/thumb/v6-m/nofp\libg.a(libc_a-reent.o)

.comment        0x00000000       0x12
 .comment       0x00000000       0x12 CMakeFiles/DAWGkit.dir/boot3.c.obj
                                 0x13 (size before relaxing)
 .comment       0x00000012        0x0 CMakeFiles/DAWGkit.dir/bootrom/program_flash_generic.c.obj
                                 0x13 (size before relaxing)
 .comment       0x00000012        0x0 CMakeFiles/DAWGkit.dir/bootrom/runtime.c.obj
                                 0x13 (size before relaxing)
 .comment       0x00000012        0x0 CMakeFiles/DAWGkit.dir/C_/Users/Andy/Documents/Code/DAWG-Kit/DAWGkit-RP2040/pico-sdk/src/rp2_common/hardware_gpio/gpio.c.obj
                                 0x13 (size before relaxing)
 .comment       0x00000012        0x0 CMakeFiles/DAWGkit.dir/C_/Users/Andy/Documents/Code/DAWG-Kit/DAWGkit-RP2040/pico-sdk/src/rp2_common/pico_platform_panic/panic.c.obj
                                 0x13 (size before relaxing)
 .comment       0x00000012        0x0 CMakeFiles/DAWGkit.dir/C_/Users/Andy/Documents/Code/DAWG-Kit/DAWGkit-RP2040/pico-sdk/src/common/hardware_claim/claim.c.obj
                                 0x13 (size before relaxing)
 .comment       0x00000012        0x0 CMakeFiles/DAWGkit.dir/C_/Users/Andy/Documents/Code/DAWG-Kit/DAWGkit-RP2040/pico-sdk/src/rp2_common/hardware_sync/sync.c.obj
                                 0x13 (size before relaxing)
 .comment       0x00000012        0x0 CMakeFiles/DAWGkit.dir/C_/Users/Andy/Documents/Code/DAWG-Kit/DAWGkit-RP2040/pico-sdk/src/rp2_common/hardware_sync_spin_lock/sync_spin_lock.c.obj
                                 0x13 (size before relaxing)
 .comment       0x00000012        0x0 CMakeFiles/DAWGkit.dir/C_/Users/Andy/Documents/Code/DAWG-Kit/DAWGkit-RP2040/pico-sdk/src/rp2_common/hardware_irq/irq.c.obj
                                 0x13 (size before relaxing)
 .comment       0x00000012        0x0 CMakeFiles/DAWGkit.dir/C_/Users/Andy/Documents/Code/DAWG-Kit/DAWGkit-RP2040/pico-sdk/src/common/pico_sync/lock_core.c.obj
                                 0x13 (size before relaxing)
 .comment       0x00000012        0x0 CMakeFiles/DAWGkit.dir/C_/Users/Andy/Documents/Code/DAWG-Kit/DAWGkit-RP2040/pico-sdk/src/common/pico_sync/mutex.c.obj
                                 0x13 (size before relaxing)
 .comment       0x00000012        0x0 CMakeFiles/DAWGkit.dir/C_/Users/Andy/Documents/Code/DAWG-Kit/DAWGkit-RP2040/pico-sdk/src/common/pico_time/time.c.obj
                                 0x13 (size before relaxing)
 .comment       0x00000012        0x0 CMakeFiles/DAWGkit.dir/C_/Users/Andy/Documents/Code/DAWG-Kit/DAWGkit-RP2040/pico-sdk/src/rp2_common/hardware_timer/timer.c.obj
                                 0x13 (size before relaxing)
 .comment       0x00000012        0x0 CMakeFiles/DAWGkit.dir/C_/Users/Andy/Documents/Code/DAWG-Kit/DAWGkit-RP2040/pico-sdk/src/rp2_common/hardware_clocks/clocks.c.obj
                                 0x13 (size before relaxing)
 .comment       0x00000012        0x0 CMakeFiles/DAWGkit.dir/C_/Users/Andy/Documents/Code/DAWG-Kit/DAWGkit-RP2040/pico-sdk/src/rp2_common/hardware_pll/pll.c.obj
                                 0x13 (size before relaxing)
 .comment       0x00000012        0x0 CMakeFiles/DAWGkit.dir/C_/Users/Andy/Documents/Code/DAWG-Kit/DAWGkit-RP2040/pico-sdk/src/rp2_common/hardware_ticks/ticks.c.obj
                                 0x13 (size before relaxing)
 .comment       0x00000012        0x0 CMakeFiles/DAWGkit.dir/C_/Users/Andy/Documents/Code/DAWG-Kit/DAWGkit-RP2040/pico-sdk/src/rp2_common/pico_bootrom/bootrom.c.obj
                                 0x13 (size before relaxing)
 .comment       0x00000012        0x0 CMakeFiles/DAWGkit.dir/C_/Users/Andy/Documents/Code/DAWG-Kit/DAWGkit-RP2040/pico-sdk/src/rp2_common/hardware_xosc/xosc.c.obj
                                 0x13 (size before relaxing)
 .comment       0x00000012        0x0 CMakeFiles/DAWGkit.dir/C_/Users/Andy/Documents/Code/DAWG-Kit/DAWGkit-RP2040/pico-sdk/src/rp2_common/pico_runtime/runtime.c.obj
                                 0x13 (size before relaxing)
 .comment       0x00000012        0x0 CMakeFiles/DAWGkit.dir/C_/Users/Andy/Documents/Code/DAWG-Kit/DAWGkit-RP2040/pico-sdk/src/rp2_common/pico_runtime_init/runtime_init.c.obj
                                 0x13 (size before relaxing)
 .comment       0x00000012        0x0 CMakeFiles/DAWGkit.dir/C_/Users/Andy/Documents/Code/DAWG-Kit/DAWGkit-RP2040/pico-sdk/src/rp2_common/pico_runtime_init/runtime_init_clocks.c.obj
                                 0x13 (size before relaxing)
 .comment       0x00000012        0x0 CMakeFiles/DAWGkit.dir/C_/Users/Andy/Documents/Code/DAWG-Kit/DAWGkit-RP2040/pico-sdk/src/rp2_common/pico_double/double_init_rom_rp2040.c.obj
                                 0x13 (size before relaxing)
 .comment       0x00000012        0x0 CMakeFiles/DAWGkit.dir/C_/Users/Andy/Documents/Code/DAWG-Kit/DAWGkit-RP2040/pico-sdk/src/rp2_common/pico_float/float_init_rom_rp2040.c.obj
                                 0x13 (size before relaxing)
 .comment       0x00000012        0x0 CMakeFiles/DAWGkit.dir/C_/Users/Andy/Documents/Code/DAWG-Kit/DAWGkit-RP2040/pico-sdk/src/rp2_common/pico_malloc/malloc.c.obj
                                 0x13 (size before relaxing)
 .comment       0x00000012        0x0 CMakeFiles/DAWGkit.dir/C_/Users/Andy/Documents/Code/DAWG-Kit/DAWGkit-RP2040/pico-sdk/src/rp2_common/pico_standard_binary_info/standard_binary_info.c.obj
                                 0x13 (size before relaxing)
 .comment       0x00000012        0x0 CMakeFiles/DAWGkit.dir/C_/Users/Andy/Documents/Code/DAWG-Kit/DAWGkit-RP2040/pico-sdk/src/rp2_common/pico_printf/printf.c.obj
                                 0x13 (size before relaxing)
 .comment       0x00000012        0x0 CMakeFiles/DAWGkit.dir/C_/Users/Andy/Documents/Code/DAWG-Kit/DAWGkit-RP2040/pico-sdk/src/rp2_common/pico_clib_interface/newlib_interface.c.obj
                                 0x13 (size before relaxing)
 .comment       0x00000012        0x0 CMakeFiles/DAWGkit.dir/C_/Users/Andy/Documents/Code/DAWG-Kit/DAWGkit-RP2040/pico-sdk/src/rp2_common/pico_stdio/stdio.c.obj
                                 0x13 (size before relaxing)
 .comment       0x00000012        0x0 C:/msys64/ucrt64/bin/../lib/gcc/arm-none-eabi/13.3.0/../../../../arm-none-eabi/lib/thumb/v6-m/nofp\libg.a(libc_a-atexit.o)
                                 0x13 (size before relaxing)
 .comment       0x00000012        0x0 C:/msys64/ucrt64/bin/../lib/gcc/arm-none-eabi/13.3.0/../../../../arm-none-eabi/lib/thumb/v6-m/nofp\libg.a(libc_a-malloc.o)
                                 0x13 (size before relaxing)
 .comment       0x00000012        0x0 C:/msys64/ucrt64/bin/../lib/gcc/arm-none-eabi/13.3.0/../../../../arm-none-eabi/lib/thumb/v6-m/nofp\libg.a(libc_a-mallocr.o)
                                 0x13 (size before relaxing)
 .comment       0x00000012        0x0 C:/msys64/ucrt64/bin/../lib/gcc/arm-none-eabi/13.3.0/../../../../arm-none-eabi/lib/thumb/v6-m/nofp\libg.a(libc_a-mlock.o)
                                 0x13 (size before relaxing)
 .comment       0x00000012        0x0 C:/msys64/ucrt64/bin/../lib/gcc/arm-none-eabi/13.3.0/../../../../arm-none-eabi/lib/thumb/v6-m/nofp\libg.a(libc_a-impure.o)
                                 0x13 (size before relaxing)
 .comment       0x00000012        0x0 C:/msys64/ucrt64/bin/../lib/gcc/arm-none-eabi/13.3.0/../../../../arm-none-eabi/lib/thumb/v6-m/nofp\libg.a(libc_a-sbrkr.o)
                                 0x13 (size before relaxing)
 .comment       0x00000012        0x0 C:/msys64/ucrt64/bin/../lib/gcc/arm-none-eabi/13.3.0/../../../../arm-none-eabi/lib/thumb/v6-m/nofp\libg.a(libc_a-errno.o)
                                 0x13 (size before relaxing)
 .comment       0x00000012        0x0 C:/msys64/ucrt64/bin/../lib/gcc/arm-none-eabi/13.3.0/../../../../arm-none-eabi/lib/thumb/v6-m/nofp\libg.a(libc_a-fini.o)
                                 0x13 (size before relaxing)
 .comment       0x00000012        0x0 C:/msys64/ucrt64/bin/../lib/gcc/arm-none-eabi/13.3.0/../../../../arm-none-eabi/lib/thumb/v6-m/nofp\libg.a(libc_a-lock.o)
                                 0x13 (size before relaxing)
 .comment       0x00000012        0x0 C:/msys64/ucrt64/bin/../lib/gcc/arm-none-eabi/13.3.0/../../../../arm-none-eabi/lib/thumb/v6-m/nofp\libg.a(libc_a-sysconf.o)
                                 0x13 (size before relaxing)
 .comment       0x00000012        0x0 C:/msys64/ucrt64/bin/../lib/gcc/arm-none-eabi/13.3.0/../../../../arm-none-eabi/lib/thumb/v6-m/nofp\libg.a(libc_a-strlen-stub.o)
                                 0x13 (size before relaxing)
 .comment       0x00000012        0x0 C:/msys64/ucrt64/bin/../lib/gcc/arm-none-eabi/13.3.0/../../../../arm-none-eabi/lib/thumb/v6-m/nofp\libg.a(libc_a-__atexit.o)
                                 0x13 (size before relaxing)
 .comment       0x00000012        0x0 C:/msys64/ucrt64/bin/../lib/gcc/arm-none-eabi/13.3.0/../../../../arm-none-eabi/lib/thumb/v6-m/nofp\libg.a(libc_a-__call_atexit.o)
                                 0x13 (size before relaxing)
 .comment       0x00000012        0x0 C:/msys64/ucrt64/bin/../lib/gcc/arm-none-eabi/13.3.0/../../../../arm-none-eabi/lib/thumb/v6-m/nofp\libg.a(libc_a-freer.o)
                                 0x13 (size before relaxing)
 .comment       0x00000012        0x0 C:/msys64/ucrt64/bin/../lib/gcc/arm-none-eabi/13.3.0/../../../../arm-none-eabi/lib/thumb/v6-m/nofp\libg.a(libc_a-findfp.o)
                                 0x13 (size before relaxing)
 .comment       0x00000012        0x0 C:/msys64/ucrt64/bin/../lib/gcc/arm-none-eabi/13.3.0/../../../../arm-none-eabi/lib/thumb/v6-m/nofp\libg.a(libc_a-reent.o)
                                 0x13 (size before relaxing)

.debug_info     0x00000000    0x1a970
 .debug_info    0x00000000      0x9f1 CMakeFiles/DAWGkit.dir/boot3.c.obj
 .debug_info    0x000009f1       0x24 CMakeFiles/DAWGkit.dir/boot3_start.S.obj
 .debug_info    0x00000a15      0xea9 CMakeFiles/DAWGkit.dir/bootrom/program_flash_generic.c.obj
 .debug_info    0x000018be       0x25 CMakeFiles/DAWGkit.dir/bootrom/bootrom_misc.S.obj
 .debug_info    0x000018e3       0xbf CMakeFiles/DAWGkit.dir/bootrom/runtime.c.obj
 .debug_info    0x000019a2     0x1b5d CMakeFiles/DAWGkit.dir/C_/Users/Andy/Documents/Code/DAWG-Kit/DAWGkit-RP2040/pico-sdk/src/rp2_common/hardware_gpio/gpio.c.obj
 .debug_info    0x000034ff      0x1bf CMakeFiles/DAWGkit.dir/C_/Users/Andy/Documents/Code/DAWG-Kit/DAWGkit-RP2040/pico-sdk/src/rp2_common/pico_platform_panic/panic.c.obj
 .debug_info    0x000036be      0x5cb CMakeFiles/DAWGkit.dir/C_/Users/Andy/Documents/Code/DAWG-Kit/DAWGkit-RP2040/pico-sdk/src/common/hardware_claim/claim.c.obj
 .debug_info    0x00003c89      0x41e CMakeFiles/DAWGkit.dir/C_/Users/Andy/Documents/Code/DAWG-Kit/DAWGkit-RP2040/pico-sdk/src/rp2_common/hardware_sync/sync.c.obj
 .debug_info    0x000040a7      0x245 CMakeFiles/DAWGkit.dir/C_/Users/Andy/Documents/Code/DAWG-Kit/DAWGkit-RP2040/pico-sdk/src/rp2_common/hardware_sync_spin_lock/sync_spin_lock.c.obj
 .debug_info    0x000042ec     0x1eb1 CMakeFiles/DAWGkit.dir/C_/Users/Andy/Documents/Code/DAWG-Kit/DAWGkit-RP2040/pico-sdk/src/rp2_common/hardware_irq/irq.c.obj
 .debug_info    0x0000619d      0x15f CMakeFiles/DAWGkit.dir/C_/Users/Andy/Documents/Code/DAWG-Kit/DAWGkit-RP2040/pico-sdk/src/common/pico_sync/lock_core.c.obj
 .debug_info    0x000062fc     0x1b3d CMakeFiles/DAWGkit.dir/C_/Users/Andy/Documents/Code/DAWG-Kit/DAWGkit-RP2040/pico-sdk/src/common/pico_sync/mutex.c.obj
 .debug_info    0x00007e39     0x3182 CMakeFiles/DAWGkit.dir/C_/Users/Andy/Documents/Code/DAWG-Kit/DAWGkit-RP2040/pico-sdk/src/common/pico_time/time.c.obj
 .debug_info    0x0000afbb     0x1a63 CMakeFiles/DAWGkit.dir/C_/Users/Andy/Documents/Code/DAWG-Kit/DAWGkit-RP2040/pico-sdk/src/rp2_common/hardware_timer/timer.c.obj
 .debug_info    0x0000ca1e     0x151d CMakeFiles/DAWGkit.dir/C_/Users/Andy/Documents/Code/DAWG-Kit/DAWGkit-RP2040/pico-sdk/src/rp2_common/hardware_clocks/clocks.c.obj
 .debug_info    0x0000df3b      0x518 CMakeFiles/DAWGkit.dir/C_/Users/Andy/Documents/Code/DAWG-Kit/DAWGkit-RP2040/pico-sdk/src/rp2_common/hardware_pll/pll.c.obj
 .debug_info    0x0000e453      0x248 CMakeFiles/DAWGkit.dir/C_/Users/Andy/Documents/Code/DAWG-Kit/DAWGkit-RP2040/pico-sdk/src/rp2_common/hardware_ticks/ticks.c.obj
 .debug_info    0x0000e69b      0x485 CMakeFiles/DAWGkit.dir/C_/Users/Andy/Documents/Code/DAWG-Kit/DAWGkit-RP2040/pico-sdk/src/rp2_common/pico_bootrom/bootrom.c.obj
 .debug_info    0x0000eb20      0x1d0 CMakeFiles/DAWGkit.dir/C_/Users/Andy/Documents/Code/DAWG-Kit/DAWGkit-RP2040/pico-sdk/src/rp2_common/hardware_xosc/xosc.c.obj
 .debug_info    0x0000ecf0      0x21a CMakeFiles/DAWGkit.dir/C_/Users/Andy/Documents/Code/DAWG-Kit/DAWGkit-RP2040/pico-sdk/src/rp2_common/pico_runtime/runtime.c.obj
 .debug_info    0x0000ef0a      0x7e6 CMakeFiles/DAWGkit.dir/C_/Users/Andy/Documents/Code/DAWG-Kit/DAWGkit-RP2040/pico-sdk/src/rp2_common/pico_runtime_init/runtime_init.c.obj
 .debug_info    0x0000f6f0      0x793 CMakeFiles/DAWGkit.dir/C_/Users/Andy/Documents/Code/DAWG-Kit/DAWGkit-RP2040/pico-sdk/src/rp2_common/pico_runtime_init/runtime_init_clocks.c.obj
 .debug_info    0x0000fe83       0x23 CMakeFiles/DAWGkit.dir/C_/Users/Andy/Documents/Code/DAWG-Kit/DAWGkit-RP2040/pico-sdk/src/rp2_common/pico_bit_ops/bit_ops_aeabi.S.obj
 .debug_info    0x0000fea6       0x23 CMakeFiles/DAWGkit.dir/C_/Users/Andy/Documents/Code/DAWG-Kit/DAWGkit-RP2040/pico-sdk/src/rp2_common/pico_divider/divider_hardware.S.obj
 .debug_info    0x0000fec9       0x23 CMakeFiles/DAWGkit.dir/C_/Users/Andy/Documents/Code/DAWG-Kit/DAWGkit-RP2040/pico-sdk/src/rp2_common/pico_double/double_aeabi_rp2040.S.obj
 .debug_info    0x0000feec      0x292 CMakeFiles/DAWGkit.dir/C_/Users/Andy/Documents/Code/DAWG-Kit/DAWGkit-RP2040/pico-sdk/src/rp2_common/pico_double/double_init_rom_rp2040.c.obj
 .debug_info    0x0001017e       0x23 CMakeFiles/DAWGkit.dir/C_/Users/Andy/Documents/Code/DAWG-Kit/DAWGkit-RP2040/pico-sdk/src/rp2_common/pico_double/double_v1_rom_shim_rp2040.S.obj
 .debug_info    0x000101a1       0x23 CMakeFiles/DAWGkit.dir/C_/Users/Andy/Documents/Code/DAWG-Kit/DAWGkit-RP2040/pico-sdk/src/rp2_common/pico_float/float_aeabi_rp2040.S.obj
 .debug_info    0x000101c4      0x28a CMakeFiles/DAWGkit.dir/C_/Users/Andy/Documents/Code/DAWG-Kit/DAWGkit-RP2040/pico-sdk/src/rp2_common/pico_float/float_init_rom_rp2040.c.obj
 .debug_info    0x0001044e       0x23 CMakeFiles/DAWGkit.dir/C_/Users/Andy/Documents/Code/DAWG-Kit/DAWGkit-RP2040/pico-sdk/src/rp2_common/pico_float/float_v1_rom_shim_rp2040.S.obj
 .debug_info    0x00010471      0x35c CMakeFiles/DAWGkit.dir/C_/Users/Andy/Documents/Code/DAWG-Kit/DAWGkit-RP2040/pico-sdk/src/rp2_common/pico_malloc/malloc.c.obj
 .debug_info    0x000107cd       0x23 CMakeFiles/DAWGkit.dir/C_/Users/Andy/Documents/Code/DAWG-Kit/DAWGkit-RP2040/pico-sdk/src/rp2_common/pico_mem_ops/mem_ops_aeabi.S.obj
 .debug_info    0x000107f0      0x2b8 CMakeFiles/DAWGkit.dir/C_/Users/Andy/Documents/Code/DAWG-Kit/DAWGkit-RP2040/pico-sdk/src/rp2_common/pico_standard_binary_info/standard_binary_info.c.obj
 .debug_info    0x00010aa8     0x1aa3 CMakeFiles/DAWGkit.dir/C_/Users/Andy/Documents/Code/DAWG-Kit/DAWGkit-RP2040/pico-sdk/src/rp2_common/pico_printf/printf.c.obj
 .debug_info    0x0001254b       0x23 CMakeFiles/DAWGkit.dir/C_/Users/Andy/Documents/Code/DAWG-Kit/DAWGkit-RP2040/pico-sdk/src/rp2_common/pico_crt0/crt0.S.obj
 .debug_info    0x0001256e      0xbc7 CMakeFiles/DAWGkit.dir/C_/Users/Andy/Documents/Code/DAWG-Kit/DAWGkit-RP2040/pico-sdk/src/rp2_common/pico_clib_interface/newlib_interface.c.obj
 .debug_info    0x00013135     0x1541 CMakeFiles/DAWGkit.dir/C_/Users/Andy/Documents/Code/DAWG-Kit/DAWGkit-RP2040/pico-sdk/src/rp2_common/pico_stdio/stdio.c.obj
 .debug_info    0x00014676       0x3c C:/msys64/ucrt64/bin/../lib/gcc/arm-none-eabi/13.3.0/thumb/v6-m/nofp\libgcc.a(_dvmd_tls.o)
 .debug_info    0x000146b2      0x11e C:/msys64/ucrt64/bin/../lib/gcc/arm-none-eabi/13.3.0/../../../../arm-none-eabi/lib/thumb/v6-m/nofp\libg.a(libc_a-atexit.o)
 .debug_info    0x000147d0      0x7db C:/msys64/ucrt64/bin/../lib/gcc/arm-none-eabi/13.3.0/../../../../arm-none-eabi/lib/thumb/v6-m/nofp\libg.a(libc_a-malloc.o)
 .debug_info    0x00014fab      0xcf0 C:/msys64/ucrt64/bin/../lib/gcc/arm-none-eabi/13.3.0/../../../../arm-none-eabi/lib/thumb/v6-m/nofp\libg.a(libc_a-mallocr.o)
 .debug_info    0x00015c9b      0x7a6 C:/msys64/ucrt64/bin/../lib/gcc/arm-none-eabi/13.3.0/../../../../arm-none-eabi/lib/thumb/v6-m/nofp\libg.a(libc_a-mlock.o)
 .debug_info    0x00016441      0x750 C:/msys64/ucrt64/bin/../lib/gcc/arm-none-eabi/13.3.0/../../../../arm-none-eabi/lib/thumb/v6-m/nofp\libg.a(libc_a-impure.o)
 .debug_info    0x00016b91      0x7bd C:/msys64/ucrt64/bin/../lib/gcc/arm-none-eabi/13.3.0/../../../../arm-none-eabi/lib/thumb/v6-m/nofp\libg.a(libc_a-sbrkr.o)
 .debug_info    0x0001734e      0x736 C:/msys64/ucrt64/bin/../lib/gcc/arm-none-eabi/13.3.0/../../../../arm-none-eabi/lib/thumb/v6-m/nofp\libg.a(libc_a-errno.o)
 .debug_info    0x00017a84       0xf7 C:/msys64/ucrt64/bin/../lib/gcc/arm-none-eabi/13.3.0/../../../../arm-none-eabi/lib/thumb/v6-m/nofp\libg.a(libc_a-fini.o)
 .debug_info    0x00017b7b      0x218 C:/msys64/ucrt64/bin/../lib/gcc/arm-none-eabi/13.3.0/../../../../arm-none-eabi/lib/thumb/v6-m/nofp\libg.a(libc_a-lock.o)
 .debug_info    0x00017d93       0xc1 C:/msys64/ucrt64/bin/../lib/gcc/arm-none-eabi/13.3.0/../../../../arm-none-eabi/lib/thumb/v6-m/nofp\libg.a(libc_a-sysconf.o)
 .debug_info    0x00017e54       0xeb C:/msys64/ucrt64/bin/../lib/gcc/arm-none-eabi/13.3.0/../../../../arm-none-eabi/lib/thumb/v6-m/nofp\libg.a(libc_a-strlen-stub.o)
 .debug_info    0x00017f3f      0x25f C:/msys64/ucrt64/bin/../lib/gcc/arm-none-eabi/13.3.0/../../../../arm-none-eabi/lib/thumb/v6-m/nofp\libg.a(libc_a-__atexit.o)
 .debug_info    0x0001819e      0x2dd C:/msys64/ucrt64/bin/../lib/gcc/arm-none-eabi/13.3.0/../../../../arm-none-eabi/lib/thumb/v6-m/nofp\libg.a(libc_a-__call_atexit.o)
 .debug_info    0x0001847b      0xb71 C:/msys64/ucrt64/bin/../lib/gcc/arm-none-eabi/13.3.0/../../../../arm-none-eabi/lib/thumb/v6-m/nofp\libg.a(libc_a-freer.o)
 .debug_info    0x00018fec     0x1133 C:/msys64/ucrt64/bin/../lib/gcc/arm-none-eabi/13.3.0/../../../../arm-none-eabi/lib/thumb/v6-m/nofp\libg.a(libc_a-findfp.o)
 .debug_info    0x0001a11f      0x851 C:/msys64/ucrt64/bin/../lib/gcc/arm-none-eabi/13.3.0/../../../../arm-none-eabi/lib/thumb/v6-m/nofp\libg.a(libc_a-reent.o)

.debug_abbrev   0x00000000     0x6abe
 .debug_abbrev  0x00000000      0x33b CMakeFiles/DAWGkit.dir/boot3.c.obj
 .debug_abbrev  0x0000033b       0x14 CMakeFiles/DAWGkit.dir/boot3_start.S.obj
 .debug_abbrev  0x0000034f      0x47e CMakeFiles/DAWGkit.dir/bootrom/program_flash_generic.c.obj
 .debug_abbrev  0x000007cd       0x14 CMakeFiles/DAWGkit.dir/bootrom/bootrom_misc.S.obj
 .debug_abbrev  0x000007e1       0x89 CMakeFiles/DAWGkit.dir/bootrom/runtime.c.obj
 .debug_abbrev  0x0000086a      0x493 CMakeFiles/DAWGkit.dir/C_/Users/Andy/Documents/Code/DAWG-Kit/DAWGkit-RP2040/pico-sdk/src/rp2_common/hardware_gpio/gpio.c.obj
 .debug_abbrev  0x00000cfd      0x12b CMakeFiles/DAWGkit.dir/C_/Users/Andy/Documents/Code/DAWG-Kit/DAWGkit-RP2040/pico-sdk/src/rp2_common/pico_platform_panic/panic.c.obj
 .debug_abbrev  0x00000e28      0x236 CMakeFiles/DAWGkit.dir/C_/Users/Andy/Documents/Code/DAWG-Kit/DAWGkit-RP2040/pico-sdk/src/common/hardware_claim/claim.c.obj
 .debug_abbrev  0x0000105e      0x1d5 CMakeFiles/DAWGkit.dir/C_/Users/Andy/Documents/Code/DAWG-Kit/DAWGkit-RP2040/pico-sdk/src/rp2_common/hardware_sync/sync.c.obj
 .debug_abbrev  0x00001233      0x1bb CMakeFiles/DAWGkit.dir/C_/Users/Andy/Documents/Code/DAWG-Kit/DAWGkit-RP2040/pico-sdk/src/rp2_common/hardware_sync_spin_lock/sync_spin_lock.c.obj
 .debug_abbrev  0x000013ee      0x5f6 CMakeFiles/DAWGkit.dir/C_/Users/Andy/Documents/Code/DAWG-Kit/DAWGkit-RP2040/pico-sdk/src/rp2_common/hardware_irq/irq.c.obj
 .debug_abbrev  0x000019e4       0xee CMakeFiles/DAWGkit.dir/C_/Users/Andy/Documents/Code/DAWG-Kit/DAWGkit-RP2040/pico-sdk/src/common/pico_sync/lock_core.c.obj
 .debug_abbrev  0x00001ad2      0x425 CMakeFiles/DAWGkit.dir/C_/Users/Andy/Documents/Code/DAWG-Kit/DAWGkit-RP2040/pico-sdk/src/common/pico_sync/mutex.c.obj
 .debug_abbrev  0x00001ef7      0x64f CMakeFiles/DAWGkit.dir/C_/Users/Andy/Documents/Code/DAWG-Kit/DAWGkit-RP2040/pico-sdk/src/common/pico_time/time.c.obj
 .debug_abbrev  0x00002546      0x4f5 CMakeFiles/DAWGkit.dir/C_/Users/Andy/Documents/Code/DAWG-Kit/DAWGkit-RP2040/pico-sdk/src/rp2_common/hardware_timer/timer.c.obj
 .debug_abbrev  0x00002a3b      0x4c6 CMakeFiles/DAWGkit.dir/C_/Users/Andy/Documents/Code/DAWG-Kit/DAWGkit-RP2040/pico-sdk/src/rp2_common/hardware_clocks/clocks.c.obj
 .debug_abbrev  0x00002f01      0x1cf CMakeFiles/DAWGkit.dir/C_/Users/Andy/Documents/Code/DAWG-Kit/DAWGkit-RP2040/pico-sdk/src/rp2_common/hardware_pll/pll.c.obj
 .debug_abbrev  0x000030d0      0x145 CMakeFiles/DAWGkit.dir/C_/Users/Andy/Documents/Code/DAWG-Kit/DAWGkit-RP2040/pico-sdk/src/rp2_common/hardware_ticks/ticks.c.obj
 .debug_abbrev  0x00003215      0x1a5 CMakeFiles/DAWGkit.dir/C_/Users/Andy/Documents/Code/DAWG-Kit/DAWGkit-RP2040/pico-sdk/src/rp2_common/pico_bootrom/bootrom.c.obj
 .debug_abbrev  0x000033ba      0x11d CMakeFiles/DAWGkit.dir/C_/Users/Andy/Documents/Code/DAWG-Kit/DAWGkit-RP2040/pico-sdk/src/rp2_common/hardware_xosc/xosc.c.obj